Archive member included to satisfy reference by file (symbol)

d:/vscode_stm32/gcc-arm-none-eabi/bin/../lib/gcc/arm-none-eabi/5.4.1/../../../../arm-none-eabi/lib/armv7-m\libg.a(lib_a-errno.o)
                              CMakeFiles/STM32F103C8T6.elf.dir/Core/Src/syscalls.c.obj (__errno)
d:/vscode_stm32/gcc-arm-none-eabi/bin/../lib/gcc/arm-none-eabi/5.4.1/../../../../arm-none-eabi/lib/armv7-m\libg.a(lib_a-exit.o)
                              d:/vscode_stm32/gcc-arm-none-eabi/bin/../lib/gcc/arm-none-eabi/5.4.1/../../../../arm-none-eabi/lib/armv7-m/crt0.o (exit)
d:/vscode_stm32/gcc-arm-none-eabi/bin/../lib/gcc/arm-none-eabi/5.4.1/../../../../arm-none-eabi/lib/armv7-m\libg.a(lib_a-impure.o)
                              d:/vscode_stm32/gcc-arm-none-eabi/bin/../lib/gcc/arm-none-eabi/5.4.1/../../../../arm-none-eabi/lib/armv7-m\libg.a(lib_a-exit.o) (_global_impure_ptr)
d:/vscode_stm32/gcc-arm-none-eabi/bin/../lib/gcc/arm-none-eabi/5.4.1/../../../../arm-none-eabi/lib/armv7-m\libg.a(lib_a-init.o)
                              d:/vscode_stm32/gcc-arm-none-eabi/bin/../lib/gcc/arm-none-eabi/5.4.1/../../../../arm-none-eabi/lib/armv7-m/crt0.o (__libc_init_array)
d:/vscode_stm32/gcc-arm-none-eabi/bin/../lib/gcc/arm-none-eabi/5.4.1/../../../../arm-none-eabi/lib/armv7-m\libg.a(lib_a-memset.o)
                              d:/vscode_stm32/gcc-arm-none-eabi/bin/../lib/gcc/arm-none-eabi/5.4.1/../../../../arm-none-eabi/lib/armv7-m/crt0.o (memset)
d:/vscode_stm32/gcc-arm-none-eabi/bin/../lib/gcc/arm-none-eabi/5.4.1/../../../../arm-none-eabi/lib/armv7-m\libg.a(lib_a-__call_atexit.o)
                              d:/vscode_stm32/gcc-arm-none-eabi/bin/../lib/gcc/arm-none-eabi/5.4.1/../../../../arm-none-eabi/lib/armv7-m\libg.a(lib_a-exit.o) (__call_exitprocs)
d:/vscode_stm32/gcc-arm-none-eabi/bin/../lib/gcc/arm-none-eabi/5.4.1/../../../../arm-none-eabi/lib/armv7-m\libg.a(lib_a-atexit.o)
                              d:/vscode_stm32/gcc-arm-none-eabi/bin/../lib/gcc/arm-none-eabi/5.4.1/../../../../arm-none-eabi/lib/armv7-m\libg.a(lib_a-__call_atexit.o) (atexit)
d:/vscode_stm32/gcc-arm-none-eabi/bin/../lib/gcc/arm-none-eabi/5.4.1/../../../../arm-none-eabi/lib/armv7-m\libg.a(lib_a-fini.o)
                              d:/vscode_stm32/gcc-arm-none-eabi/bin/../lib/gcc/arm-none-eabi/5.4.1/../../../../arm-none-eabi/lib/armv7-m\libg.a(lib_a-__call_atexit.o) (__libc_fini_array)
d:/vscode_stm32/gcc-arm-none-eabi/bin/../lib/gcc/arm-none-eabi/5.4.1/../../../../arm-none-eabi/lib/armv7-m\libg.a(lib_a-__atexit.o)
                              d:/vscode_stm32/gcc-arm-none-eabi/bin/../lib/gcc/arm-none-eabi/5.4.1/../../../../arm-none-eabi/lib/armv7-m\libg.a(lib_a-atexit.o) (__register_exitproc)

Discarded input sections

 .text          0x00000000        0x0 d:/vscode_stm32/gcc-arm-none-eabi/bin/../lib/gcc/arm-none-eabi/5.4.1/armv7-m/crti.o
 .data          0x00000000        0x0 d:/vscode_stm32/gcc-arm-none-eabi/bin/../lib/gcc/arm-none-eabi/5.4.1/armv7-m/crti.o
 .bss           0x00000000        0x0 d:/vscode_stm32/gcc-arm-none-eabi/bin/../lib/gcc/arm-none-eabi/5.4.1/armv7-m/crti.o
 .data          0x00000000        0x4 d:/vscode_stm32/gcc-arm-none-eabi/bin/../lib/gcc/arm-none-eabi/5.4.1/armv7-m/crtbegin.o
 .text          0x00000000       0x74 d:/vscode_stm32/gcc-arm-none-eabi/bin/../lib/gcc/arm-none-eabi/5.4.1/../../../../arm-none-eabi/lib/armv7-m/crt0.o
 .data          0x00000000        0x0 d:/vscode_stm32/gcc-arm-none-eabi/bin/../lib/gcc/arm-none-eabi/5.4.1/../../../../arm-none-eabi/lib/armv7-m/crt0.o
 .bss           0x00000000        0x0 d:/vscode_stm32/gcc-arm-none-eabi/bin/../lib/gcc/arm-none-eabi/5.4.1/../../../../arm-none-eabi/lib/armv7-m/crt0.o
 .ARM.extab     0x00000000        0x0 d:/vscode_stm32/gcc-arm-none-eabi/bin/../lib/gcc/arm-none-eabi/5.4.1/../../../../arm-none-eabi/lib/armv7-m/crt0.o
 .ARM.exidx     0x00000000        0x8 d:/vscode_stm32/gcc-arm-none-eabi/bin/../lib/gcc/arm-none-eabi/5.4.1/../../../../arm-none-eabi/lib/armv7-m/crt0.o
 .ARM.attributes
                0x00000000       0x1b d:/vscode_stm32/gcc-arm-none-eabi/bin/../lib/gcc/arm-none-eabi/5.4.1/../../../../arm-none-eabi/lib/armv7-m/crt0.o
 .text          0x00000000        0x0 CMakeFiles/STM32F103C8T6.elf.dir/Core/Src/gpio.c.obj
 .data          0x00000000        0x0 CMakeFiles/STM32F103C8T6.elf.dir/Core/Src/gpio.c.obj
 .bss           0x00000000        0x0 CMakeFiles/STM32F103C8T6.elf.dir/Core/Src/gpio.c.obj
 .text          0x00000000        0x0 CMakeFiles/STM32F103C8T6.elf.dir/Core/Src/main.c.obj
 .data          0x00000000        0x0 CMakeFiles/STM32F103C8T6.elf.dir/Core/Src/main.c.obj
 .bss           0x00000000        0x0 CMakeFiles/STM32F103C8T6.elf.dir/Core/Src/main.c.obj
 .text          0x00000000        0x0 CMakeFiles/STM32F103C8T6.elf.dir/Core/Src/stm32f1xx_hal_msp.c.obj
 .data          0x00000000        0x0 CMakeFiles/STM32F103C8T6.elf.dir/Core/Src/stm32f1xx_hal_msp.c.obj
 .bss           0x00000000        0x0 CMakeFiles/STM32F103C8T6.elf.dir/Core/Src/stm32f1xx_hal_msp.c.obj
 .text          0x00000000        0x0 CMakeFiles/STM32F103C8T6.elf.dir/Core/Src/stm32f1xx_it.c.obj
 .data          0x00000000        0x0 CMakeFiles/STM32F103C8T6.elf.dir/Core/Src/stm32f1xx_it.c.obj
 .bss           0x00000000        0x0 CMakeFiles/STM32F103C8T6.elf.dir/Core/Src/stm32f1xx_it.c.obj
 .text          0x00000000        0x0 CMakeFiles/STM32F103C8T6.elf.dir/Core/Src/syscalls.c.obj
 .data          0x00000000        0x0 CMakeFiles/STM32F103C8T6.elf.dir/Core/Src/syscalls.c.obj
 .bss           0x00000000        0x0 CMakeFiles/STM32F103C8T6.elf.dir/Core/Src/syscalls.c.obj
 .text.initialise_monitor_handles
                0x00000000        0x4 CMakeFiles/STM32F103C8T6.elf.dir/Core/Src/syscalls.c.obj
 .text._getpid  0x00000000        0x4 CMakeFiles/STM32F103C8T6.elf.dir/Core/Src/syscalls.c.obj
 .text._kill    0x00000000       0x10 CMakeFiles/STM32F103C8T6.elf.dir/Core/Src/syscalls.c.obj
 .text._exit    0x00000000        0xc CMakeFiles/STM32F103C8T6.elf.dir/Core/Src/syscalls.c.obj
 .text._read    0x00000000       0x20 CMakeFiles/STM32F103C8T6.elf.dir/Core/Src/syscalls.c.obj
 .text._write   0x00000000       0x1c CMakeFiles/STM32F103C8T6.elf.dir/Core/Src/syscalls.c.obj
 .text._close   0x00000000        0x8 CMakeFiles/STM32F103C8T6.elf.dir/Core/Src/syscalls.c.obj
 .text._fstat   0x00000000        0xc CMakeFiles/STM32F103C8T6.elf.dir/Core/Src/syscalls.c.obj
 .text._isatty  0x00000000        0x4 CMakeFiles/STM32F103C8T6.elf.dir/Core/Src/syscalls.c.obj
 .text._lseek   0x00000000        0x4 CMakeFiles/STM32F103C8T6.elf.dir/Core/Src/syscalls.c.obj
 .text._open    0x00000000        0xc CMakeFiles/STM32F103C8T6.elf.dir/Core/Src/syscalls.c.obj
 .text._wait    0x00000000       0x10 CMakeFiles/STM32F103C8T6.elf.dir/Core/Src/syscalls.c.obj
 .text._unlink  0x00000000       0x10 CMakeFiles/STM32F103C8T6.elf.dir/Core/Src/syscalls.c.obj
 .text._times   0x00000000        0x8 CMakeFiles/STM32F103C8T6.elf.dir/Core/Src/syscalls.c.obj
 .text._stat    0x00000000        0xc CMakeFiles/STM32F103C8T6.elf.dir/Core/Src/syscalls.c.obj
 .text._link    0x00000000       0x10 CMakeFiles/STM32F103C8T6.elf.dir/Core/Src/syscalls.c.obj
 .text._fork    0x00000000       0x10 CMakeFiles/STM32F103C8T6.elf.dir/Core/Src/syscalls.c.obj
 .text._execve  0x00000000       0x10 CMakeFiles/STM32F103C8T6.elf.dir/Core/Src/syscalls.c.obj
 .data.environ  0x00000000        0x4 CMakeFiles/STM32F103C8T6.elf.dir/Core/Src/syscalls.c.obj
 .bss.__env     0x00000000        0x4 CMakeFiles/STM32F103C8T6.elf.dir/Core/Src/syscalls.c.obj
 .debug_info    0x00000000      0x6e3 CMakeFiles/STM32F103C8T6.elf.dir/Core/Src/syscalls.c.obj
 .debug_abbrev  0x00000000      0x17c CMakeFiles/STM32F103C8T6.elf.dir/Core/Src/syscalls.c.obj
 .debug_loc     0x00000000      0x34a CMakeFiles/STM32F103C8T6.elf.dir/Core/Src/syscalls.c.obj
 .debug_aranges
                0x00000000       0xa8 CMakeFiles/STM32F103C8T6.elf.dir/Core/Src/syscalls.c.obj
 .debug_ranges  0x00000000       0x98 CMakeFiles/STM32F103C8T6.elf.dir/Core/Src/syscalls.c.obj
 .debug_line    0x00000000      0x2b7 CMakeFiles/STM32F103C8T6.elf.dir/Core/Src/syscalls.c.obj
 .debug_str     0x00000000      0x487 CMakeFiles/STM32F103C8T6.elf.dir/Core/Src/syscalls.c.obj
 .comment       0x00000000       0x6f CMakeFiles/STM32F103C8T6.elf.dir/Core/Src/syscalls.c.obj
 .debug_frame   0x00000000      0x194 CMakeFiles/STM32F103C8T6.elf.dir/Core/Src/syscalls.c.obj
 .ARM.attributes
                0x00000000       0x33 CMakeFiles/STM32F103C8T6.elf.dir/Core/Src/syscalls.c.obj
 .text          0x00000000        0x0 CMakeFiles/STM32F103C8T6.elf.dir/Core/Src/sysmem.c.obj
 .data          0x00000000        0x0 CMakeFiles/STM32F103C8T6.elf.dir/Core/Src/sysmem.c.obj
 .bss           0x00000000        0x0 CMakeFiles/STM32F103C8T6.elf.dir/Core/Src/sysmem.c.obj
 .text._sbrk    0x00000000       0x44 CMakeFiles/STM32F103C8T6.elf.dir/Core/Src/sysmem.c.obj
 .bss.__sbrk_heap_end
                0x00000000        0x4 CMakeFiles/STM32F103C8T6.elf.dir/Core/Src/sysmem.c.obj
 .debug_info    0x00000000      0x17f CMakeFiles/STM32F103C8T6.elf.dir/Core/Src/sysmem.c.obj
 .debug_abbrev  0x00000000       0xc0 CMakeFiles/STM32F103C8T6.elf.dir/Core/Src/sysmem.c.obj
 .debug_loc     0x00000000       0x21 CMakeFiles/STM32F103C8T6.elf.dir/Core/Src/sysmem.c.obj
 .debug_aranges
                0x00000000       0x20 CMakeFiles/STM32F103C8T6.elf.dir/Core/Src/sysmem.c.obj
 .debug_ranges  0x00000000       0x10 CMakeFiles/STM32F103C8T6.elf.dir/Core/Src/sysmem.c.obj
 .debug_line    0x00000000      0x194 CMakeFiles/STM32F103C8T6.elf.dir/Core/Src/sysmem.c.obj
 .debug_str     0x00000000      0x259 CMakeFiles/STM32F103C8T6.elf.dir/Core/Src/sysmem.c.obj
 .comment       0x00000000       0x6f CMakeFiles/STM32F103C8T6.elf.dir/Core/Src/sysmem.c.obj
 .debug_frame   0x00000000       0x28 CMakeFiles/STM32F103C8T6.elf.dir/Core/Src/sysmem.c.obj
 .ARM.attributes
                0x00000000       0x33 CMakeFiles/STM32F103C8T6.elf.dir/Core/Src/sysmem.c.obj
 .text          0x00000000        0x0 CMakeFiles/STM32F103C8T6.elf.dir/Core/Src/system_stm32f1xx.c.obj
 .data          0x00000000        0x0 CMakeFiles/STM32F103C8T6.elf.dir/Core/Src/system_stm32f1xx.c.obj
 .bss           0x00000000        0x0 CMakeFiles/STM32F103C8T6.elf.dir/Core/Src/system_stm32f1xx.c.obj
 .text.SystemCoreClockUpdate
                0x00000000       0x94 CMakeFiles/STM32F103C8T6.elf.dir/Core/Src/system_stm32f1xx.c.obj
 .rodata.APBPrescTable
                0x00000000        0x8 CMakeFiles/STM32F103C8T6.elf.dir/Core/Src/system_stm32f1xx.c.obj
 .text          0x00000000       0x14 CMakeFiles/STM32F103C8T6.elf.dir/Core/Startup/startup_stm32f103c8tx.s.obj
 .data          0x00000000        0x0 CMakeFiles/STM32F103C8T6.elf.dir/Core/Startup/startup_stm32f103c8tx.s.obj
 .bss           0x00000000        0x0 CMakeFiles/STM32F103C8T6.elf.dir/Core/Startup/startup_stm32f103c8tx.s.obj
 .text          0x00000000        0x0 CMakeFiles/STM32F103C8T6.elf.dir/Drivers/STM32F1xx_HAL_Driver/Src/stm32f1xx_hal.c.obj
 .data          0x00000000        0x0 CMakeFiles/STM32F103C8T6.elf.dir/Drivers/STM32F1xx_HAL_Driver/Src/stm32f1xx_hal.c.obj
 .bss           0x00000000        0x0 CMakeFiles/STM32F103C8T6.elf.dir/Drivers/STM32F1xx_HAL_Driver/Src/stm32f1xx_hal.c.obj
 .text.HAL_MspInit
                0x00000000        0x4 CMakeFiles/STM32F103C8T6.elf.dir/Drivers/STM32F1xx_HAL_Driver/Src/stm32f1xx_hal.c.obj
 .text.HAL_MspDeInit
                0x00000000        0x4 CMakeFiles/STM32F103C8T6.elf.dir/Drivers/STM32F1xx_HAL_Driver/Src/stm32f1xx_hal.c.obj
 .text.HAL_DeInit
                0x00000000       0x20 CMakeFiles/STM32F103C8T6.elf.dir/Drivers/STM32F1xx_HAL_Driver/Src/stm32f1xx_hal.c.obj
 .text.HAL_GetTickPrio
                0x00000000        0xc CMakeFiles/STM32F103C8T6.elf.dir/Drivers/STM32F1xx_HAL_Driver/Src/stm32f1xx_hal.c.obj
 .text.HAL_SetTickFreq
                0x00000000       0x2c CMakeFiles/STM32F103C8T6.elf.dir/Drivers/STM32F1xx_HAL_Driver/Src/stm32f1xx_hal.c.obj
 .text.HAL_GetTickFreq
                0x00000000        0xc CMakeFiles/STM32F103C8T6.elf.dir/Drivers/STM32F1xx_HAL_Driver/Src/stm32f1xx_hal.c.obj
 .text.HAL_SuspendTick
                0x00000000       0x10 CMakeFiles/STM32F103C8T6.elf.dir/Drivers/STM32F1xx_HAL_Driver/Src/stm32f1xx_hal.c.obj
 .text.HAL_ResumeTick
                0x00000000       0x10 CMakeFiles/STM32F103C8T6.elf.dir/Drivers/STM32F1xx_HAL_Driver/Src/stm32f1xx_hal.c.obj
 .text.HAL_GetHalVersion
                0x00000000        0x8 CMakeFiles/STM32F103C8T6.elf.dir/Drivers/STM32F1xx_HAL_Driver/Src/stm32f1xx_hal.c.obj
 .text.HAL_GetREVID
                0x00000000        0xc CMakeFiles/STM32F103C8T6.elf.dir/Drivers/STM32F1xx_HAL_Driver/Src/stm32f1xx_hal.c.obj
 .text.HAL_GetDEVID
                0x00000000       0x10 CMakeFiles/STM32F103C8T6.elf.dir/Drivers/STM32F1xx_HAL_Driver/Src/stm32f1xx_hal.c.obj
 .text.HAL_GetUIDw0
                0x00000000        0xc CMakeFiles/STM32F103C8T6.elf.dir/Drivers/STM32F1xx_HAL_Driver/Src/stm32f1xx_hal.c.obj
 .text.HAL_GetUIDw1
                0x00000000        0xc CMakeFiles/STM32F103C8T6.elf.dir/Drivers/STM32F1xx_HAL_Driver/Src/stm32f1xx_hal.c.obj
 .text.HAL_GetUIDw2
                0x00000000        0xc CMakeFiles/STM32F103C8T6.elf.dir/Drivers/STM32F1xx_HAL_Driver/Src/stm32f1xx_hal.c.obj
 .text.HAL_DBGMCU_EnableDBGSleepMode
                0x00000000       0x10 CMakeFiles/STM32F103C8T6.elf.dir/Drivers/STM32F1xx_HAL_Driver/Src/stm32f1xx_hal.c.obj
 .text.HAL_DBGMCU_DisableDBGSleepMode
                0x00000000       0x10 CMakeFiles/STM32F103C8T6.elf.dir/Drivers/STM32F1xx_HAL_Driver/Src/stm32f1xx_hal.c.obj
 .text.HAL_DBGMCU_EnableDBGStopMode
                0x00000000       0x10 CMakeFiles/STM32F103C8T6.elf.dir/Drivers/STM32F1xx_HAL_Driver/Src/stm32f1xx_hal.c.obj
 .text.HAL_DBGMCU_DisableDBGStopMode
                0x00000000       0x10 CMakeFiles/STM32F103C8T6.elf.dir/Drivers/STM32F1xx_HAL_Driver/Src/stm32f1xx_hal.c.obj
 .text.HAL_DBGMCU_EnableDBGStandbyMode
                0x00000000       0x10 CMakeFiles/STM32F103C8T6.elf.dir/Drivers/STM32F1xx_HAL_Driver/Src/stm32f1xx_hal.c.obj
 .text.HAL_DBGMCU_DisableDBGStandbyMode
                0x00000000       0x10 CMakeFiles/STM32F103C8T6.elf.dir/Drivers/STM32F1xx_HAL_Driver/Src/stm32f1xx_hal.c.obj
 .text          0x00000000        0x0 CMakeFiles/STM32F103C8T6.elf.dir/Drivers/STM32F1xx_HAL_Driver/Src/stm32f1xx_hal_cortex.c.obj
 .data          0x00000000        0x0 CMakeFiles/STM32F103C8T6.elf.dir/Drivers/STM32F1xx_HAL_Driver/Src/stm32f1xx_hal_cortex.c.obj
 .bss           0x00000000        0x0 CMakeFiles/STM32F103C8T6.elf.dir/Drivers/STM32F1xx_HAL_Driver/Src/stm32f1xx_hal_cortex.c.obj
 .text.HAL_NVIC_EnableIRQ
                0x00000000       0x1c CMakeFiles/STM32F103C8T6.elf.dir/Drivers/STM32F1xx_HAL_Driver/Src/stm32f1xx_hal_cortex.c.obj
 .text.HAL_NVIC_DisableIRQ
                0x00000000       0x28 CMakeFiles/STM32F103C8T6.elf.dir/Drivers/STM32F1xx_HAL_Driver/Src/stm32f1xx_hal_cortex.c.obj
 .text.HAL_NVIC_SystemReset
                0x00000000       0x24 CMakeFiles/STM32F103C8T6.elf.dir/Drivers/STM32F1xx_HAL_Driver/Src/stm32f1xx_hal_cortex.c.obj
 .text.HAL_NVIC_GetPriorityGrouping
                0x00000000       0x10 CMakeFiles/STM32F103C8T6.elf.dir/Drivers/STM32F1xx_HAL_Driver/Src/stm32f1xx_hal_cortex.c.obj
 .text.HAL_NVIC_GetPriority
                0x00000000       0x5c CMakeFiles/STM32F103C8T6.elf.dir/Drivers/STM32F1xx_HAL_Driver/Src/stm32f1xx_hal_cortex.c.obj
 .text.HAL_NVIC_SetPendingIRQ
                0x00000000       0x20 CMakeFiles/STM32F103C8T6.elf.dir/Drivers/STM32F1xx_HAL_Driver/Src/stm32f1xx_hal_cortex.c.obj
 .text.HAL_NVIC_GetPendingIRQ
                0x00000000       0x24 CMakeFiles/STM32F103C8T6.elf.dir/Drivers/STM32F1xx_HAL_Driver/Src/stm32f1xx_hal_cortex.c.obj
 .text.HAL_NVIC_ClearPendingIRQ
                0x00000000       0x20 CMakeFiles/STM32F103C8T6.elf.dir/Drivers/STM32F1xx_HAL_Driver/Src/stm32f1xx_hal_cortex.c.obj
 .text.HAL_NVIC_GetActive
                0x00000000       0x24 CMakeFiles/STM32F103C8T6.elf.dir/Drivers/STM32F1xx_HAL_Driver/Src/stm32f1xx_hal_cortex.c.obj
 .text.HAL_SYSTICK_CLKSourceConfig
                0x00000000       0x20 CMakeFiles/STM32F103C8T6.elf.dir/Drivers/STM32F1xx_HAL_Driver/Src/stm32f1xx_hal_cortex.c.obj
 .text.HAL_SYSTICK_Callback
                0x00000000        0x4 CMakeFiles/STM32F103C8T6.elf.dir/Drivers/STM32F1xx_HAL_Driver/Src/stm32f1xx_hal_cortex.c.obj
 .text.HAL_SYSTICK_IRQHandler
                0x00000000        0x8 CMakeFiles/STM32F103C8T6.elf.dir/Drivers/STM32F1xx_HAL_Driver/Src/stm32f1xx_hal_cortex.c.obj
 .text          0x00000000        0x0 CMakeFiles/STM32F103C8T6.elf.dir/Drivers/STM32F1xx_HAL_Driver/Src/stm32f1xx_hal_dma.c.obj
 .data          0x00000000        0x0 CMakeFiles/STM32F103C8T6.elf.dir/Drivers/STM32F1xx_HAL_Driver/Src/stm32f1xx_hal_dma.c.obj
 .bss           0x00000000        0x0 CMakeFiles/STM32F103C8T6.elf.dir/Drivers/STM32F1xx_HAL_Driver/Src/stm32f1xx_hal_dma.c.obj
 .text.DMA_SetConfig
                0x00000000       0x2c CMakeFiles/STM32F103C8T6.elf.dir/Drivers/STM32F1xx_HAL_Driver/Src/stm32f1xx_hal_dma.c.obj
 .text.HAL_DMA_Init
                0x00000000       0x70 CMakeFiles/STM32F103C8T6.elf.dir/Drivers/STM32F1xx_HAL_Driver/Src/stm32f1xx_hal_dma.c.obj
 .text.HAL_DMA_DeInit
                0x00000000       0x68 CMakeFiles/STM32F103C8T6.elf.dir/Drivers/STM32F1xx_HAL_Driver/Src/stm32f1xx_hal_dma.c.obj
 .text.HAL_DMA_Start
                0x00000000       0x54 CMakeFiles/STM32F103C8T6.elf.dir/Drivers/STM32F1xx_HAL_Driver/Src/stm32f1xx_hal_dma.c.obj
 .text.HAL_DMA_Start_IT
                0x00000000       0x78 CMakeFiles/STM32F103C8T6.elf.dir/Drivers/STM32F1xx_HAL_Driver/Src/stm32f1xx_hal_dma.c.obj
 .text.HAL_DMA_Abort
                0x00000000       0x48 CMakeFiles/STM32F103C8T6.elf.dir/Drivers/STM32F1xx_HAL_Driver/Src/stm32f1xx_hal_dma.c.obj
 .text.HAL_DMA_Abort_IT
                0x00000000       0x98 CMakeFiles/STM32F103C8T6.elf.dir/Drivers/STM32F1xx_HAL_Driver/Src/stm32f1xx_hal_dma.c.obj
 .text.HAL_DMA_PollForTransfer
                0x00000000      0x234 CMakeFiles/STM32F103C8T6.elf.dir/Drivers/STM32F1xx_HAL_Driver/Src/stm32f1xx_hal_dma.c.obj
 .text.HAL_DMA_IRQHandler
                0x00000000      0x144 CMakeFiles/STM32F103C8T6.elf.dir/Drivers/STM32F1xx_HAL_Driver/Src/stm32f1xx_hal_dma.c.obj
 .text.HAL_DMA_RegisterCallback
                0x00000000       0x50 CMakeFiles/STM32F103C8T6.elf.dir/Drivers/STM32F1xx_HAL_Driver/Src/stm32f1xx_hal_dma.c.obj
 .text.HAL_DMA_UnRegisterCallback
                0x00000000       0x60 CMakeFiles/STM32F103C8T6.elf.dir/Drivers/STM32F1xx_HAL_Driver/Src/stm32f1xx_hal_dma.c.obj
 .text.HAL_DMA_GetState
                0x00000000        0x8 CMakeFiles/STM32F103C8T6.elf.dir/Drivers/STM32F1xx_HAL_Driver/Src/stm32f1xx_hal_dma.c.obj
 .text.HAL_DMA_GetError
                0x00000000        0x4 CMakeFiles/STM32F103C8T6.elf.dir/Drivers/STM32F1xx_HAL_Driver/Src/stm32f1xx_hal_dma.c.obj
 .debug_info    0x00000000      0x7b8 CMakeFiles/STM32F103C8T6.elf.dir/Drivers/STM32F1xx_HAL_Driver/Src/stm32f1xx_hal_dma.c.obj
 .debug_abbrev  0x00000000      0x1fc CMakeFiles/STM32F103C8T6.elf.dir/Drivers/STM32F1xx_HAL_Driver/Src/stm32f1xx_hal_dma.c.obj
 .debug_loc     0x00000000      0x6bc CMakeFiles/STM32F103C8T6.elf.dir/Drivers/STM32F1xx_HAL_Driver/Src/stm32f1xx_hal_dma.c.obj
 .debug_aranges
                0x00000000       0x80 CMakeFiles/STM32F103C8T6.elf.dir/Drivers/STM32F1xx_HAL_Driver/Src/stm32f1xx_hal_dma.c.obj
 .debug_ranges  0x00000000       0x70 CMakeFiles/STM32F103C8T6.elf.dir/Drivers/STM32F1xx_HAL_Driver/Src/stm32f1xx_hal_dma.c.obj
 .debug_line    0x00000000      0x65b CMakeFiles/STM32F103C8T6.elf.dir/Drivers/STM32F1xx_HAL_Driver/Src/stm32f1xx_hal_dma.c.obj
 .debug_str     0x00000000      0x65d CMakeFiles/STM32F103C8T6.elf.dir/Drivers/STM32F1xx_HAL_Driver/Src/stm32f1xx_hal_dma.c.obj
 .comment       0x00000000       0x6f CMakeFiles/STM32F103C8T6.elf.dir/Drivers/STM32F1xx_HAL_Driver/Src/stm32f1xx_hal_dma.c.obj
 .debug_frame   0x00000000      0x154 CMakeFiles/STM32F103C8T6.elf.dir/Drivers/STM32F1xx_HAL_Driver/Src/stm32f1xx_hal_dma.c.obj
 .ARM.attributes
                0x00000000       0x33 CMakeFiles/STM32F103C8T6.elf.dir/Drivers/STM32F1xx_HAL_Driver/Src/stm32f1xx_hal_dma.c.obj
 .text          0x00000000        0x0 CMakeFiles/STM32F103C8T6.elf.dir/Drivers/STM32F1xx_HAL_Driver/Src/stm32f1xx_hal_exti.c.obj
 .data          0x00000000        0x0 CMakeFiles/STM32F103C8T6.elf.dir/Drivers/STM32F1xx_HAL_Driver/Src/stm32f1xx_hal_exti.c.obj
 .bss           0x00000000        0x0 CMakeFiles/STM32F103C8T6.elf.dir/Drivers/STM32F1xx_HAL_Driver/Src/stm32f1xx_hal_exti.c.obj
 .text.HAL_EXTI_SetConfigLine
                0x00000000       0xd8 CMakeFiles/STM32F103C8T6.elf.dir/Drivers/STM32F1xx_HAL_Driver/Src/stm32f1xx_hal_exti.c.obj
 .text.HAL_EXTI_GetConfigLine
                0x00000000       0xa8 CMakeFiles/STM32F103C8T6.elf.dir/Drivers/STM32F1xx_HAL_Driver/Src/stm32f1xx_hal_exti.c.obj
 .text.HAL_EXTI_ClearConfigLine
                0x00000000       0x7c CMakeFiles/STM32F103C8T6.elf.dir/Drivers/STM32F1xx_HAL_Driver/Src/stm32f1xx_hal_exti.c.obj
 .text.HAL_EXTI_RegisterCallback
                0x00000000        0xc CMakeFiles/STM32F103C8T6.elf.dir/Drivers/STM32F1xx_HAL_Driver/Src/stm32f1xx_hal_exti.c.obj
 .text.HAL_EXTI_GetHandle
                0x00000000        0xc CMakeFiles/STM32F103C8T6.elf.dir/Drivers/STM32F1xx_HAL_Driver/Src/stm32f1xx_hal_exti.c.obj
 .text.HAL_EXTI_IRQHandler
                0x00000000       0x24 CMakeFiles/STM32F103C8T6.elf.dir/Drivers/STM32F1xx_HAL_Driver/Src/stm32f1xx_hal_exti.c.obj
 .text.HAL_EXTI_GetPending
                0x00000000       0x18 CMakeFiles/STM32F103C8T6.elf.dir/Drivers/STM32F1xx_HAL_Driver/Src/stm32f1xx_hal_exti.c.obj
 .text.HAL_EXTI_ClearPending
                0x00000000       0x14 CMakeFiles/STM32F103C8T6.elf.dir/Drivers/STM32F1xx_HAL_Driver/Src/stm32f1xx_hal_exti.c.obj
 .text.HAL_EXTI_GenerateSWI
                0x00000000       0x14 CMakeFiles/STM32F103C8T6.elf.dir/Drivers/STM32F1xx_HAL_Driver/Src/stm32f1xx_hal_exti.c.obj
 .debug_info    0x00000000      0x52d CMakeFiles/STM32F103C8T6.elf.dir/Drivers/STM32F1xx_HAL_Driver/Src/stm32f1xx_hal_exti.c.obj
 .debug_abbrev  0x00000000      0x1b0 CMakeFiles/STM32F103C8T6.elf.dir/Drivers/STM32F1xx_HAL_Driver/Src/stm32f1xx_hal_exti.c.obj
 .debug_loc     0x00000000      0x495 CMakeFiles/STM32F103C8T6.elf.dir/Drivers/STM32F1xx_HAL_Driver/Src/stm32f1xx_hal_exti.c.obj
 .debug_aranges
                0x00000000       0x60 CMakeFiles/STM32F103C8T6.elf.dir/Drivers/STM32F1xx_HAL_Driver/Src/stm32f1xx_hal_exti.c.obj
 .debug_ranges  0x00000000       0x50 CMakeFiles/STM32F103C8T6.elf.dir/Drivers/STM32F1xx_HAL_Driver/Src/stm32f1xx_hal_exti.c.obj
 .debug_line    0x00000000      0x3fd CMakeFiles/STM32F103C8T6.elf.dir/Drivers/STM32F1xx_HAL_Driver/Src/stm32f1xx_hal_exti.c.obj
 .debug_str     0x00000000      0x436 CMakeFiles/STM32F103C8T6.elf.dir/Drivers/STM32F1xx_HAL_Driver/Src/stm32f1xx_hal_exti.c.obj
 .comment       0x00000000       0x6f CMakeFiles/STM32F103C8T6.elf.dir/Drivers/STM32F1xx_HAL_Driver/Src/stm32f1xx_hal_exti.c.obj
 .debug_frame   0x00000000       0xf4 CMakeFiles/STM32F103C8T6.elf.dir/Drivers/STM32F1xx_HAL_Driver/Src/stm32f1xx_hal_exti.c.obj
 .ARM.attributes
                0x00000000       0x33 CMakeFiles/STM32F103C8T6.elf.dir/Drivers/STM32F1xx_HAL_Driver/Src/stm32f1xx_hal_exti.c.obj
 .text          0x00000000        0x0 CMakeFiles/STM32F103C8T6.elf.dir/Drivers/STM32F1xx_HAL_Driver/Src/stm32f1xx_hal_flash.c.obj
 .data          0x00000000        0x0 CMakeFiles/STM32F103C8T6.elf.dir/Drivers/STM32F1xx_HAL_Driver/Src/stm32f1xx_hal_flash.c.obj
 .bss           0x00000000        0x0 CMakeFiles/STM32F103C8T6.elf.dir/Drivers/STM32F1xx_HAL_Driver/Src/stm32f1xx_hal_flash.c.obj
 .text.FLASH_Program_HalfWord
                0x00000000       0x1c CMakeFiles/STM32F103C8T6.elf.dir/Drivers/STM32F1xx_HAL_Driver/Src/stm32f1xx_hal_flash.c.obj
 .text.FLASH_SetErrorCode
                0x00000000       0x74 CMakeFiles/STM32F103C8T6.elf.dir/Drivers/STM32F1xx_HAL_Driver/Src/stm32f1xx_hal_flash.c.obj
 .text.HAL_FLASH_Program_IT
                0x00000000       0x64 CMakeFiles/STM32F103C8T6.elf.dir/Drivers/STM32F1xx_HAL_Driver/Src/stm32f1xx_hal_flash.c.obj
 .text.HAL_FLASH_EndOfOperationCallback
                0x00000000        0x4 CMakeFiles/STM32F103C8T6.elf.dir/Drivers/STM32F1xx_HAL_Driver/Src/stm32f1xx_hal_flash.c.obj
 .text.HAL_FLASH_OperationErrorCallback
                0x00000000        0x4 CMakeFiles/STM32F103C8T6.elf.dir/Drivers/STM32F1xx_HAL_Driver/Src/stm32f1xx_hal_flash.c.obj
 .text.HAL_FLASH_IRQHandler
                0x00000000      0x15c CMakeFiles/STM32F103C8T6.elf.dir/Drivers/STM32F1xx_HAL_Driver/Src/stm32f1xx_hal_flash.c.obj
 .text.HAL_FLASH_Unlock
                0x00000000       0x34 CMakeFiles/STM32F103C8T6.elf.dir/Drivers/STM32F1xx_HAL_Driver/Src/stm32f1xx_hal_flash.c.obj
 .text.HAL_FLASH_Lock
                0x00000000       0x14 CMakeFiles/STM32F103C8T6.elf.dir/Drivers/STM32F1xx_HAL_Driver/Src/stm32f1xx_hal_flash.c.obj
 .text.HAL_FLASH_OB_Unlock
                0x00000000       0x28 CMakeFiles/STM32F103C8T6.elf.dir/Drivers/STM32F1xx_HAL_Driver/Src/stm32f1xx_hal_flash.c.obj
 .text.HAL_FLASH_OB_Lock
                0x00000000       0x14 CMakeFiles/STM32F103C8T6.elf.dir/Drivers/STM32F1xx_HAL_Driver/Src/stm32f1xx_hal_flash.c.obj
 .text.HAL_FLASH_OB_Launch
                0x00000000        0x8 CMakeFiles/STM32F103C8T6.elf.dir/Drivers/STM32F1xx_HAL_Driver/Src/stm32f1xx_hal_flash.c.obj
 .text.HAL_FLASH_GetError
                0x00000000        0xc CMakeFiles/STM32F103C8T6.elf.dir/Drivers/STM32F1xx_HAL_Driver/Src/stm32f1xx_hal_flash.c.obj
 .text.FLASH_WaitForLastOperation
                0x00000000       0x70 CMakeFiles/STM32F103C8T6.elf.dir/Drivers/STM32F1xx_HAL_Driver/Src/stm32f1xx_hal_flash.c.obj
 .text.HAL_FLASH_Program
                0x00000000       0xa0 CMakeFiles/STM32F103C8T6.elf.dir/Drivers/STM32F1xx_HAL_Driver/Src/stm32f1xx_hal_flash.c.obj
 .bss.pFlash    0x00000000       0x20 CMakeFiles/STM32F103C8T6.elf.dir/Drivers/STM32F1xx_HAL_Driver/Src/stm32f1xx_hal_flash.c.obj
 .debug_info    0x00000000      0x640 CMakeFiles/STM32F103C8T6.elf.dir/Drivers/STM32F1xx_HAL_Driver/Src/stm32f1xx_hal_flash.c.obj
 .debug_abbrev  0x00000000      0x202 CMakeFiles/STM32F103C8T6.elf.dir/Drivers/STM32F1xx_HAL_Driver/Src/stm32f1xx_hal_flash.c.obj
 .debug_loc     0x00000000      0x326 CMakeFiles/STM32F103C8T6.elf.dir/Drivers/STM32F1xx_HAL_Driver/Src/stm32f1xx_hal_flash.c.obj
 .debug_aranges
                0x00000000       0x88 CMakeFiles/STM32F103C8T6.elf.dir/Drivers/STM32F1xx_HAL_Driver/Src/stm32f1xx_hal_flash.c.obj
 .debug_ranges  0x00000000       0x78 CMakeFiles/STM32F103C8T6.elf.dir/Drivers/STM32F1xx_HAL_Driver/Src/stm32f1xx_hal_flash.c.obj
 .debug_line    0x00000000      0x50f CMakeFiles/STM32F103C8T6.elf.dir/Drivers/STM32F1xx_HAL_Driver/Src/stm32f1xx_hal_flash.c.obj
 .debug_str     0x00000000      0x58f CMakeFiles/STM32F103C8T6.elf.dir/Drivers/STM32F1xx_HAL_Driver/Src/stm32f1xx_hal_flash.c.obj
 .comment       0x00000000       0x6f CMakeFiles/STM32F103C8T6.elf.dir/Drivers/STM32F1xx_HAL_Driver/Src/stm32f1xx_hal_flash.c.obj
 .debug_frame   0x00000000      0x134 CMakeFiles/STM32F103C8T6.elf.dir/Drivers/STM32F1xx_HAL_Driver/Src/stm32f1xx_hal_flash.c.obj
 .ARM.attributes
                0x00000000       0x33 CMakeFiles/STM32F103C8T6.elf.dir/Drivers/STM32F1xx_HAL_Driver/Src/stm32f1xx_hal_flash.c.obj
 .text          0x00000000        0x0 CMakeFiles/STM32F103C8T6.elf.dir/Drivers/STM32F1xx_HAL_Driver/Src/stm32f1xx_hal_flash_ex.c.obj
 .data          0x00000000        0x0 CMakeFiles/STM32F103C8T6.elf.dir/Drivers/STM32F1xx_HAL_Driver/Src/stm32f1xx_hal_flash_ex.c.obj
 .bss           0x00000000        0x0 CMakeFiles/STM32F103C8T6.elf.dir/Drivers/STM32F1xx_HAL_Driver/Src/stm32f1xx_hal_flash_ex.c.obj
 .text.FLASH_MassErase
                0x00000000       0x24 CMakeFiles/STM32F103C8T6.elf.dir/Drivers/STM32F1xx_HAL_Driver/Src/stm32f1xx_hal_flash_ex.c.obj
 .text.FLASH_OB_GetWRP
                0x00000000        0xc CMakeFiles/STM32F103C8T6.elf.dir/Drivers/STM32F1xx_HAL_Driver/Src/stm32f1xx_hal_flash_ex.c.obj
 .text.FLASH_OB_GetRDP
                0x00000000       0x18 CMakeFiles/STM32F103C8T6.elf.dir/Drivers/STM32F1xx_HAL_Driver/Src/stm32f1xx_hal_flash_ex.c.obj
 .text.FLASH_OB_GetUser
                0x00000000       0x10 CMakeFiles/STM32F103C8T6.elf.dir/Drivers/STM32F1xx_HAL_Driver/Src/stm32f1xx_hal_flash_ex.c.obj
 .text.FLASH_OB_RDP_LevelConfig
                0x00000000       0x6c CMakeFiles/STM32F103C8T6.elf.dir/Drivers/STM32F1xx_HAL_Driver/Src/stm32f1xx_hal_flash_ex.c.obj
 .text.FLASH_OB_UserConfig
                0x00000000       0x4c CMakeFiles/STM32F103C8T6.elf.dir/Drivers/STM32F1xx_HAL_Driver/Src/stm32f1xx_hal_flash_ex.c.obj
 .text.FLASH_OB_ProgramData
                0x00000000       0x44 CMakeFiles/STM32F103C8T6.elf.dir/Drivers/STM32F1xx_HAL_Driver/Src/stm32f1xx_hal_flash_ex.c.obj
 .text.HAL_FLASHEx_OBErase
                0x00000000       0x54 CMakeFiles/STM32F103C8T6.elf.dir/Drivers/STM32F1xx_HAL_Driver/Src/stm32f1xx_hal_flash_ex.c.obj
 .text.FLASH_OB_EnableWRP
                0x00000000       0xb8 CMakeFiles/STM32F103C8T6.elf.dir/Drivers/STM32F1xx_HAL_Driver/Src/stm32f1xx_hal_flash_ex.c.obj
 .text.FLASH_OB_DisableWRP
                0x00000000       0xc0 CMakeFiles/STM32F103C8T6.elf.dir/Drivers/STM32F1xx_HAL_Driver/Src/stm32f1xx_hal_flash_ex.c.obj
 .text.HAL_FLASHEx_OBProgram
                0x00000000       0xa4 CMakeFiles/STM32F103C8T6.elf.dir/Drivers/STM32F1xx_HAL_Driver/Src/stm32f1xx_hal_flash_ex.c.obj
 .text.HAL_FLASHEx_OBGetConfig
                0x00000000       0x1c CMakeFiles/STM32F103C8T6.elf.dir/Drivers/STM32F1xx_HAL_Driver/Src/stm32f1xx_hal_flash_ex.c.obj
 .text.HAL_FLASHEx_OBGetUserData
                0x00000000       0x24 CMakeFiles/STM32F103C8T6.elf.dir/Drivers/STM32F1xx_HAL_Driver/Src/stm32f1xx_hal_flash_ex.c.obj
 .text.FLASH_PageErase
                0x00000000       0x24 CMakeFiles/STM32F103C8T6.elf.dir/Drivers/STM32F1xx_HAL_Driver/Src/stm32f1xx_hal_flash_ex.c.obj
 .text.HAL_FLASHEx_Erase
                0x00000000       0xa4 CMakeFiles/STM32F103C8T6.elf.dir/Drivers/STM32F1xx_HAL_Driver/Src/stm32f1xx_hal_flash_ex.c.obj
 .text.HAL_FLASHEx_Erase_IT
                0x00000000       0x60 CMakeFiles/STM32F103C8T6.elf.dir/Drivers/STM32F1xx_HAL_Driver/Src/stm32f1xx_hal_flash_ex.c.obj
 .debug_info    0x00000000      0xa33 CMakeFiles/STM32F103C8T6.elf.dir/Drivers/STM32F1xx_HAL_Driver/Src/stm32f1xx_hal_flash_ex.c.obj
 .debug_abbrev  0x00000000      0x209 CMakeFiles/STM32F103C8T6.elf.dir/Drivers/STM32F1xx_HAL_Driver/Src/stm32f1xx_hal_flash_ex.c.obj
 .debug_loc     0x00000000      0x6d4 CMakeFiles/STM32F103C8T6.elf.dir/Drivers/STM32F1xx_HAL_Driver/Src/stm32f1xx_hal_flash_ex.c.obj
 .debug_aranges
                0x00000000       0x98 CMakeFiles/STM32F103C8T6.elf.dir/Drivers/STM32F1xx_HAL_Driver/Src/stm32f1xx_hal_flash_ex.c.obj
 .debug_ranges  0x00000000       0x88 CMakeFiles/STM32F103C8T6.elf.dir/Drivers/STM32F1xx_HAL_Driver/Src/stm32f1xx_hal_flash_ex.c.obj
 .debug_line    0x00000000      0x540 CMakeFiles/STM32F103C8T6.elf.dir/Drivers/STM32F1xx_HAL_Driver/Src/stm32f1xx_hal_flash_ex.c.obj
 .debug_str     0x00000000      0x6a5 CMakeFiles/STM32F103C8T6.elf.dir/Drivers/STM32F1xx_HAL_Driver/Src/stm32f1xx_hal_flash_ex.c.obj
 .comment       0x00000000       0x6f CMakeFiles/STM32F103C8T6.elf.dir/Drivers/STM32F1xx_HAL_Driver/Src/stm32f1xx_hal_flash_ex.c.obj
 .debug_frame   0x00000000      0x194 CMakeFiles/STM32F103C8T6.elf.dir/Drivers/STM32F1xx_HAL_Driver/Src/stm32f1xx_hal_flash_ex.c.obj
 .ARM.attributes
                0x00000000       0x33 CMakeFiles/STM32F103C8T6.elf.dir/Drivers/STM32F1xx_HAL_Driver/Src/stm32f1xx_hal_flash_ex.c.obj
 .text          0x00000000        0x0 CMakeFiles/STM32F103C8T6.elf.dir/Drivers/STM32F1xx_HAL_Driver/Src/stm32f1xx_hal_gpio.c.obj
 .data          0x00000000        0x0 CMakeFiles/STM32F103C8T6.elf.dir/Drivers/STM32F1xx_HAL_Driver/Src/stm32f1xx_hal_gpio.c.obj
 .bss           0x00000000        0x0 CMakeFiles/STM32F103C8T6.elf.dir/Drivers/STM32F1xx_HAL_Driver/Src/stm32f1xx_hal_gpio.c.obj
 .text.HAL_GPIO_DeInit
                0x00000000       0xd8 CMakeFiles/STM32F103C8T6.elf.dir/Drivers/STM32F1xx_HAL_Driver/Src/stm32f1xx_hal_gpio.c.obj
 .text.HAL_GPIO_ReadPin
                0x00000000       0x10 CMakeFiles/STM32F103C8T6.elf.dir/Drivers/STM32F1xx_HAL_Driver/Src/stm32f1xx_hal_gpio.c.obj
 .text.HAL_GPIO_LockPin
                0x00000000       0x30 CMakeFiles/STM32F103C8T6.elf.dir/Drivers/STM32F1xx_HAL_Driver/Src/stm32f1xx_hal_gpio.c.obj
 .text.HAL_GPIO_EXTI_Callback
                0x00000000        0x4 CMakeFiles/STM32F103C8T6.elf.dir/Drivers/STM32F1xx_HAL_Driver/Src/stm32f1xx_hal_gpio.c.obj
 .text.HAL_GPIO_EXTI_IRQHandler
                0x00000000       0x18 CMakeFiles/STM32F103C8T6.elf.dir/Drivers/STM32F1xx_HAL_Driver/Src/stm32f1xx_hal_gpio.c.obj
 .text          0x00000000        0x0 CMakeFiles/STM32F103C8T6.elf.dir/Drivers/STM32F1xx_HAL_Driver/Src/stm32f1xx_hal_gpio_ex.c.obj
 .data          0x00000000        0x0 CMakeFiles/STM32F103C8T6.elf.dir/Drivers/STM32F1xx_HAL_Driver/Src/stm32f1xx_hal_gpio_ex.c.obj
 .bss           0x00000000        0x0 CMakeFiles/STM32F103C8T6.elf.dir/Drivers/STM32F1xx_HAL_Driver/Src/stm32f1xx_hal_gpio_ex.c.obj
 .text.HAL_GPIOEx_ConfigEventout
                0x00000000       0x14 CMakeFiles/STM32F103C8T6.elf.dir/Drivers/STM32F1xx_HAL_Driver/Src/stm32f1xx_hal_gpio_ex.c.obj
 .text.HAL_GPIOEx_EnableEventout
                0x00000000       0x10 CMakeFiles/STM32F103C8T6.elf.dir/Drivers/STM32F1xx_HAL_Driver/Src/stm32f1xx_hal_gpio_ex.c.obj
 .text.HAL_GPIOEx_DisableEventout
                0x00000000       0x10 CMakeFiles/STM32F103C8T6.elf.dir/Drivers/STM32F1xx_HAL_Driver/Src/stm32f1xx_hal_gpio_ex.c.obj
 .debug_info    0x00000000      0x178 CMakeFiles/STM32F103C8T6.elf.dir/Drivers/STM32F1xx_HAL_Driver/Src/stm32f1xx_hal_gpio_ex.c.obj
 .debug_abbrev  0x00000000       0xd8 CMakeFiles/STM32F103C8T6.elf.dir/Drivers/STM32F1xx_HAL_Driver/Src/stm32f1xx_hal_gpio_ex.c.obj
 .debug_loc     0x00000000       0x21 CMakeFiles/STM32F103C8T6.elf.dir/Drivers/STM32F1xx_HAL_Driver/Src/stm32f1xx_hal_gpio_ex.c.obj
 .debug_aranges
                0x00000000       0x30 CMakeFiles/STM32F103C8T6.elf.dir/Drivers/STM32F1xx_HAL_Driver/Src/stm32f1xx_hal_gpio_ex.c.obj
 .debug_ranges  0x00000000       0x20 CMakeFiles/STM32F103C8T6.elf.dir/Drivers/STM32F1xx_HAL_Driver/Src/stm32f1xx_hal_gpio_ex.c.obj
 .debug_line    0x00000000      0x275 CMakeFiles/STM32F103C8T6.elf.dir/Drivers/STM32F1xx_HAL_Driver/Src/stm32f1xx_hal_gpio_ex.c.obj
 .debug_str     0x00000000      0x2b7 CMakeFiles/STM32F103C8T6.elf.dir/Drivers/STM32F1xx_HAL_Driver/Src/stm32f1xx_hal_gpio_ex.c.obj
 .comment       0x00000000       0x6f CMakeFiles/STM32F103C8T6.elf.dir/Drivers/STM32F1xx_HAL_Driver/Src/stm32f1xx_hal_gpio_ex.c.obj
 .debug_frame   0x00000000       0x40 CMakeFiles/STM32F103C8T6.elf.dir/Drivers/STM32F1xx_HAL_Driver/Src/stm32f1xx_hal_gpio_ex.c.obj
 .ARM.attributes
                0x00000000       0x33 CMakeFiles/STM32F103C8T6.elf.dir/Drivers/STM32F1xx_HAL_Driver/Src/stm32f1xx_hal_gpio_ex.c.obj
 .text          0x00000000        0x0 CMakeFiles/STM32F103C8T6.elf.dir/Drivers/STM32F1xx_HAL_Driver/Src/stm32f1xx_hal_pwr.c.obj
 .data          0x00000000        0x0 CMakeFiles/STM32F103C8T6.elf.dir/Drivers/STM32F1xx_HAL_Driver/Src/stm32f1xx_hal_pwr.c.obj
 .bss           0x00000000        0x0 CMakeFiles/STM32F103C8T6.elf.dir/Drivers/STM32F1xx_HAL_Driver/Src/stm32f1xx_hal_pwr.c.obj
 .text.PWR_OverloadWfe
                0x00000000        0x8 CMakeFiles/STM32F103C8T6.elf.dir/Drivers/STM32F1xx_HAL_Driver/Src/stm32f1xx_hal_pwr.c.obj
 .text.HAL_PWR_DeInit
                0x00000000       0x18 CMakeFiles/STM32F103C8T6.elf.dir/Drivers/STM32F1xx_HAL_Driver/Src/stm32f1xx_hal_pwr.c.obj
 .text.HAL_PWR_EnableBkUpAccess
                0x00000000        0xc CMakeFiles/STM32F103C8T6.elf.dir/Drivers/STM32F1xx_HAL_Driver/Src/stm32f1xx_hal_pwr.c.obj
 .text.HAL_PWR_DisableBkUpAccess
                0x00000000        0xc CMakeFiles/STM32F103C8T6.elf.dir/Drivers/STM32F1xx_HAL_Driver/Src/stm32f1xx_hal_pwr.c.obj
 .text.HAL_PWR_ConfigPVD
                0x00000000       0x84 CMakeFiles/STM32F103C8T6.elf.dir/Drivers/STM32F1xx_HAL_Driver/Src/stm32f1xx_hal_pwr.c.obj
 .text.HAL_PWR_EnablePVD
                0x00000000        0xc CMakeFiles/STM32F103C8T6.elf.dir/Drivers/STM32F1xx_HAL_Driver/Src/stm32f1xx_hal_pwr.c.obj
 .text.HAL_PWR_DisablePVD
                0x00000000        0xc CMakeFiles/STM32F103C8T6.elf.dir/Drivers/STM32F1xx_HAL_Driver/Src/stm32f1xx_hal_pwr.c.obj
 .text.HAL_PWR_EnableWakeUpPin
                0x00000000       0x18 CMakeFiles/STM32F103C8T6.elf.dir/Drivers/STM32F1xx_HAL_Driver/Src/stm32f1xx_hal_pwr.c.obj
 .text.HAL_PWR_DisableWakeUpPin
                0x00000000       0x18 CMakeFiles/STM32F103C8T6.elf.dir/Drivers/STM32F1xx_HAL_Driver/Src/stm32f1xx_hal_pwr.c.obj
 .text.HAL_PWR_EnterSLEEPMode
                0x00000000       0x20 CMakeFiles/STM32F103C8T6.elf.dir/Drivers/STM32F1xx_HAL_Driver/Src/stm32f1xx_hal_pwr.c.obj
 .text.HAL_PWR_EnterSTOPMode
                0x00000000       0x48 CMakeFiles/STM32F103C8T6.elf.dir/Drivers/STM32F1xx_HAL_Driver/Src/stm32f1xx_hal_pwr.c.obj
 .text.HAL_PWR_EnterSTANDBYMode
                0x00000000       0x20 CMakeFiles/STM32F103C8T6.elf.dir/Drivers/STM32F1xx_HAL_Driver/Src/stm32f1xx_hal_pwr.c.obj
 .text.HAL_PWR_EnableSleepOnExit
                0x00000000       0x10 CMakeFiles/STM32F103C8T6.elf.dir/Drivers/STM32F1xx_HAL_Driver/Src/stm32f1xx_hal_pwr.c.obj
 .text.HAL_PWR_DisableSleepOnExit
                0x00000000       0x10 CMakeFiles/STM32F103C8T6.elf.dir/Drivers/STM32F1xx_HAL_Driver/Src/stm32f1xx_hal_pwr.c.obj
 .text.HAL_PWR_EnableSEVOnPend
                0x00000000       0x10 CMakeFiles/STM32F103C8T6.elf.dir/Drivers/STM32F1xx_HAL_Driver/Src/stm32f1xx_hal_pwr.c.obj
 .text.HAL_PWR_DisableSEVOnPend
                0x00000000       0x10 CMakeFiles/STM32F103C8T6.elf.dir/Drivers/STM32F1xx_HAL_Driver/Src/stm32f1xx_hal_pwr.c.obj
 .text.HAL_PWR_PVDCallback
                0x00000000        0x4 CMakeFiles/STM32F103C8T6.elf.dir/Drivers/STM32F1xx_HAL_Driver/Src/stm32f1xx_hal_pwr.c.obj
 .text.HAL_PWR_PVD_IRQHandler
                0x00000000       0x20 CMakeFiles/STM32F103C8T6.elf.dir/Drivers/STM32F1xx_HAL_Driver/Src/stm32f1xx_hal_pwr.c.obj
 .debug_info    0x00000000      0x65e CMakeFiles/STM32F103C8T6.elf.dir/Drivers/STM32F1xx_HAL_Driver/Src/stm32f1xx_hal_pwr.c.obj
 .debug_abbrev  0x00000000      0x1c2 CMakeFiles/STM32F103C8T6.elf.dir/Drivers/STM32F1xx_HAL_Driver/Src/stm32f1xx_hal_pwr.c.obj
 .debug_loc     0x00000000       0xaa CMakeFiles/STM32F103C8T6.elf.dir/Drivers/STM32F1xx_HAL_Driver/Src/stm32f1xx_hal_pwr.c.obj
 .debug_aranges
                0x00000000       0xa8 CMakeFiles/STM32F103C8T6.elf.dir/Drivers/STM32F1xx_HAL_Driver/Src/stm32f1xx_hal_pwr.c.obj
 .debug_ranges  0x00000000       0x98 CMakeFiles/STM32F103C8T6.elf.dir/Drivers/STM32F1xx_HAL_Driver/Src/stm32f1xx_hal_pwr.c.obj
 .debug_line    0x00000000      0x44c CMakeFiles/STM32F103C8T6.elf.dir/Drivers/STM32F1xx_HAL_Driver/Src/stm32f1xx_hal_pwr.c.obj
 .debug_str     0x00000000      0x4fb CMakeFiles/STM32F103C8T6.elf.dir/Drivers/STM32F1xx_HAL_Driver/Src/stm32f1xx_hal_pwr.c.obj
 .comment       0x00000000       0x6f CMakeFiles/STM32F103C8T6.elf.dir/Drivers/STM32F1xx_HAL_Driver/Src/stm32f1xx_hal_pwr.c.obj
 .debug_frame   0x00000000      0x140 CMakeFiles/STM32F103C8T6.elf.dir/Drivers/STM32F1xx_HAL_Driver/Src/stm32f1xx_hal_pwr.c.obj
 .ARM.attributes
                0x00000000       0x33 CMakeFiles/STM32F103C8T6.elf.dir/Drivers/STM32F1xx_HAL_Driver/Src/stm32f1xx_hal_pwr.c.obj
 .text          0x00000000        0x0 CMakeFiles/STM32F103C8T6.elf.dir/Drivers/STM32F1xx_HAL_Driver/Src/stm32f1xx_hal_rcc.c.obj
 .data          0x00000000        0x0 CMakeFiles/STM32F103C8T6.elf.dir/Drivers/STM32F1xx_HAL_Driver/Src/stm32f1xx_hal_rcc.c.obj
 .bss           0x00000000        0x0 CMakeFiles/STM32F103C8T6.elf.dir/Drivers/STM32F1xx_HAL_Driver/Src/stm32f1xx_hal_rcc.c.obj
 .text.HAL_RCC_DeInit
                0x00000000       0xfc CMakeFiles/STM32F103C8T6.elf.dir/Drivers/STM32F1xx_HAL_Driver/Src/stm32f1xx_hal_rcc.c.obj
 .text.HAL_RCC_MCOConfig
                0x00000000       0x4c CMakeFiles/STM32F103C8T6.elf.dir/Drivers/STM32F1xx_HAL_Driver/Src/stm32f1xx_hal_rcc.c.obj
 .text.HAL_RCC_EnableCSS
                0x00000000        0xc CMakeFiles/STM32F103C8T6.elf.dir/Drivers/STM32F1xx_HAL_Driver/Src/stm32f1xx_hal_rcc.c.obj
 .text.HAL_RCC_DisableCSS
                0x00000000        0xc CMakeFiles/STM32F103C8T6.elf.dir/Drivers/STM32F1xx_HAL_Driver/Src/stm32f1xx_hal_rcc.c.obj
 .text.HAL_RCC_GetHCLKFreq
                0x00000000        0xc CMakeFiles/STM32F103C8T6.elf.dir/Drivers/STM32F1xx_HAL_Driver/Src/stm32f1xx_hal_rcc.c.obj
 .text.HAL_RCC_GetPCLK1Freq
                0x00000000       0x20 CMakeFiles/STM32F103C8T6.elf.dir/Drivers/STM32F1xx_HAL_Driver/Src/stm32f1xx_hal_rcc.c.obj
 .text.HAL_RCC_GetPCLK2Freq
                0x00000000       0x20 CMakeFiles/STM32F103C8T6.elf.dir/Drivers/STM32F1xx_HAL_Driver/Src/stm32f1xx_hal_rcc.c.obj
 .text.HAL_RCC_GetOscConfig
                0x00000000       0xb4 CMakeFiles/STM32F103C8T6.elf.dir/Drivers/STM32F1xx_HAL_Driver/Src/stm32f1xx_hal_rcc.c.obj
 .text.HAL_RCC_GetClockConfig
                0x00000000       0x3c CMakeFiles/STM32F103C8T6.elf.dir/Drivers/STM32F1xx_HAL_Driver/Src/stm32f1xx_hal_rcc.c.obj
 .text.HAL_RCC_CSSCallback
                0x00000000        0x4 CMakeFiles/STM32F103C8T6.elf.dir/Drivers/STM32F1xx_HAL_Driver/Src/stm32f1xx_hal_rcc.c.obj
 .text.HAL_RCC_NMI_IRQHandler
                0x00000000       0x20 CMakeFiles/STM32F103C8T6.elf.dir/Drivers/STM32F1xx_HAL_Driver/Src/stm32f1xx_hal_rcc.c.obj
 .text          0x00000000        0x0 CMakeFiles/STM32F103C8T6.elf.dir/Drivers/STM32F1xx_HAL_Driver/Src/stm32f1xx_hal_rcc_ex.c.obj
 .data          0x00000000        0x0 CMakeFiles/STM32F103C8T6.elf.dir/Drivers/STM32F1xx_HAL_Driver/Src/stm32f1xx_hal_rcc_ex.c.obj
 .bss           0x00000000        0x0 CMakeFiles/STM32F103C8T6.elf.dir/Drivers/STM32F1xx_HAL_Driver/Src/stm32f1xx_hal_rcc_ex.c.obj
 .text.HAL_RCCEx_PeriphCLKConfig
                0x00000000      0x114 CMakeFiles/STM32F103C8T6.elf.dir/Drivers/STM32F1xx_HAL_Driver/Src/stm32f1xx_hal_rcc_ex.c.obj
 .text.HAL_RCCEx_GetPeriphCLKConfig
                0x00000000       0x2c CMakeFiles/STM32F103C8T6.elf.dir/Drivers/STM32F1xx_HAL_Driver/Src/stm32f1xx_hal_rcc_ex.c.obj
 .text.HAL_RCCEx_GetPeriphCLKFreq
                0x00000000       0xe8 CMakeFiles/STM32F103C8T6.elf.dir/Drivers/STM32F1xx_HAL_Driver/Src/stm32f1xx_hal_rcc_ex.c.obj
 .rodata.aPLLMULFactorTable.5465
                0x00000000       0x10 CMakeFiles/STM32F103C8T6.elf.dir/Drivers/STM32F1xx_HAL_Driver/Src/stm32f1xx_hal_rcc_ex.c.obj
 .rodata.aPredivFactorTable.5466
                0x00000000        0x2 CMakeFiles/STM32F103C8T6.elf.dir/Drivers/STM32F1xx_HAL_Driver/Src/stm32f1xx_hal_rcc_ex.c.obj
 .debug_info    0x00000000      0x411 CMakeFiles/STM32F103C8T6.elf.dir/Drivers/STM32F1xx_HAL_Driver/Src/stm32f1xx_hal_rcc_ex.c.obj
 .debug_abbrev  0x00000000      0x1b1 CMakeFiles/STM32F103C8T6.elf.dir/Drivers/STM32F1xx_HAL_Driver/Src/stm32f1xx_hal_rcc_ex.c.obj
 .debug_loc     0x00000000      0x3b0 CMakeFiles/STM32F103C8T6.elf.dir/Drivers/STM32F1xx_HAL_Driver/Src/stm32f1xx_hal_rcc_ex.c.obj
 .debug_aranges
                0x00000000       0x30 CMakeFiles/STM32F103C8T6.elf.dir/Drivers/STM32F1xx_HAL_Driver/Src/stm32f1xx_hal_rcc_ex.c.obj
 .debug_ranges  0x00000000       0x38 CMakeFiles/STM32F103C8T6.elf.dir/Drivers/STM32F1xx_HAL_Driver/Src/stm32f1xx_hal_rcc_ex.c.obj
 .debug_line    0x00000000      0x3da CMakeFiles/STM32F103C8T6.elf.dir/Drivers/STM32F1xx_HAL_Driver/Src/stm32f1xx_hal_rcc_ex.c.obj
 .debug_str     0x00000000      0x433 CMakeFiles/STM32F103C8T6.elf.dir/Drivers/STM32F1xx_HAL_Driver/Src/stm32f1xx_hal_rcc_ex.c.obj
 .comment       0x00000000       0x6f CMakeFiles/STM32F103C8T6.elf.dir/Drivers/STM32F1xx_HAL_Driver/Src/stm32f1xx_hal_rcc_ex.c.obj
 .debug_frame   0x00000000       0x5c CMakeFiles/STM32F103C8T6.elf.dir/Drivers/STM32F1xx_HAL_Driver/Src/stm32f1xx_hal_rcc_ex.c.obj
 .ARM.attributes
                0x00000000       0x33 CMakeFiles/STM32F103C8T6.elf.dir/Drivers/STM32F1xx_HAL_Driver/Src/stm32f1xx_hal_rcc_ex.c.obj
 .text          0x00000000        0x0 CMakeFiles/STM32F103C8T6.elf.dir/Drivers/STM32F1xx_HAL_Driver/Src/stm32f1xx_hal_tim.c.obj
 .data          0x00000000        0x0 CMakeFiles/STM32F103C8T6.elf.dir/Drivers/STM32F1xx_HAL_Driver/Src/stm32f1xx_hal_tim.c.obj
 .bss           0x00000000        0x0 CMakeFiles/STM32F103C8T6.elf.dir/Drivers/STM32F1xx_HAL_Driver/Src/stm32f1xx_hal_tim.c.obj
 .debug_info    0x00000000       0x95 CMakeFiles/STM32F103C8T6.elf.dir/Drivers/STM32F1xx_HAL_Driver/Src/stm32f1xx_hal_tim.c.obj
 .debug_abbrev  0x00000000       0x49 CMakeFiles/STM32F103C8T6.elf.dir/Drivers/STM32F1xx_HAL_Driver/Src/stm32f1xx_hal_tim.c.obj
 .debug_aranges
                0x00000000       0x18 CMakeFiles/STM32F103C8T6.elf.dir/Drivers/STM32F1xx_HAL_Driver/Src/stm32f1xx_hal_tim.c.obj
 .debug_line    0x00000000      0x12d CMakeFiles/STM32F103C8T6.elf.dir/Drivers/STM32F1xx_HAL_Driver/Src/stm32f1xx_hal_tim.c.obj
 .debug_str     0x00000000      0x203 CMakeFiles/STM32F103C8T6.elf.dir/Drivers/STM32F1xx_HAL_Driver/Src/stm32f1xx_hal_tim.c.obj
 .comment       0x00000000       0x6f CMakeFiles/STM32F103C8T6.elf.dir/Drivers/STM32F1xx_HAL_Driver/Src/stm32f1xx_hal_tim.c.obj
 .ARM.attributes
                0x00000000       0x33 CMakeFiles/STM32F103C8T6.elf.dir/Drivers/STM32F1xx_HAL_Driver/Src/stm32f1xx_hal_tim.c.obj
 .text          0x00000000        0x0 CMakeFiles/STM32F103C8T6.elf.dir/Drivers/STM32F1xx_HAL_Driver/Src/stm32f1xx_hal_tim_ex.c.obj
 .data          0x00000000        0x0 CMakeFiles/STM32F103C8T6.elf.dir/Drivers/STM32F1xx_HAL_Driver/Src/stm32f1xx_hal_tim_ex.c.obj
 .bss           0x00000000        0x0 CMakeFiles/STM32F103C8T6.elf.dir/Drivers/STM32F1xx_HAL_Driver/Src/stm32f1xx_hal_tim_ex.c.obj
 .debug_info    0x00000000       0x95 CMakeFiles/STM32F103C8T6.elf.dir/Drivers/STM32F1xx_HAL_Driver/Src/stm32f1xx_hal_tim_ex.c.obj
 .debug_abbrev  0x00000000       0x49 CMakeFiles/STM32F103C8T6.elf.dir/Drivers/STM32F1xx_HAL_Driver/Src/stm32f1xx_hal_tim_ex.c.obj
 .debug_aranges
                0x00000000       0x18 CMakeFiles/STM32F103C8T6.elf.dir/Drivers/STM32F1xx_HAL_Driver/Src/stm32f1xx_hal_tim_ex.c.obj
 .debug_line    0x00000000      0x12d CMakeFiles/STM32F103C8T6.elf.dir/Drivers/STM32F1xx_HAL_Driver/Src/stm32f1xx_hal_tim_ex.c.obj
 .debug_str     0x00000000      0x206 CMakeFiles/STM32F103C8T6.elf.dir/Drivers/STM32F1xx_HAL_Driver/Src/stm32f1xx_hal_tim_ex.c.obj
 .comment       0x00000000       0x6f CMakeFiles/STM32F103C8T6.elf.dir/Drivers/STM32F1xx_HAL_Driver/Src/stm32f1xx_hal_tim_ex.c.obj
 .ARM.attributes
                0x00000000       0x33 CMakeFiles/STM32F103C8T6.elf.dir/Drivers/STM32F1xx_HAL_Driver/Src/stm32f1xx_hal_tim_ex.c.obj
 .text          0x00000000        0x0 d:/vscode_stm32/gcc-arm-none-eabi/bin/../lib/gcc/arm-none-eabi/5.4.1/../../../../arm-none-eabi/lib/armv7-m\libg.a(lib_a-errno.o)
 .data          0x00000000        0x0 d:/vscode_stm32/gcc-arm-none-eabi/bin/../lib/gcc/arm-none-eabi/5.4.1/../../../../arm-none-eabi/lib/armv7-m\libg.a(lib_a-errno.o)
 .bss           0x00000000        0x0 d:/vscode_stm32/gcc-arm-none-eabi/bin/../lib/gcc/arm-none-eabi/5.4.1/../../../../arm-none-eabi/lib/armv7-m\libg.a(lib_a-errno.o)
 .text.__errno  0x00000000        0xc d:/vscode_stm32/gcc-arm-none-eabi/bin/../lib/gcc/arm-none-eabi/5.4.1/../../../../arm-none-eabi/lib/armv7-m\libg.a(lib_a-errno.o)
 .debug_frame   0x00000000       0x20 d:/vscode_stm32/gcc-arm-none-eabi/bin/../lib/gcc/arm-none-eabi/5.4.1/../../../../arm-none-eabi/lib/armv7-m\libg.a(lib_a-errno.o)
 .ARM.attributes
                0x00000000       0x2d d:/vscode_stm32/gcc-arm-none-eabi/bin/../lib/gcc/arm-none-eabi/5.4.1/../../../../arm-none-eabi/lib/armv7-m\libg.a(lib_a-errno.o)
 .text          0x00000000        0x0 d:/vscode_stm32/gcc-arm-none-eabi/bin/../lib/gcc/arm-none-eabi/5.4.1/../../../../arm-none-eabi/lib/armv7-m\libg.a(lib_a-exit.o)
 .data          0x00000000        0x0 d:/vscode_stm32/gcc-arm-none-eabi/bin/../lib/gcc/arm-none-eabi/5.4.1/../../../../arm-none-eabi/lib/armv7-m\libg.a(lib_a-exit.o)
 .bss           0x00000000        0x0 d:/vscode_stm32/gcc-arm-none-eabi/bin/../lib/gcc/arm-none-eabi/5.4.1/../../../../arm-none-eabi/lib/armv7-m\libg.a(lib_a-exit.o)
 .text.exit     0x00000000       0x20 d:/vscode_stm32/gcc-arm-none-eabi/bin/../lib/gcc/arm-none-eabi/5.4.1/../../../../arm-none-eabi/lib/armv7-m\libg.a(lib_a-exit.o)
 .debug_frame   0x00000000       0x28 d:/vscode_stm32/gcc-arm-none-eabi/bin/../lib/gcc/arm-none-eabi/5.4.1/../../../../arm-none-eabi/lib/armv7-m\libg.a(lib_a-exit.o)
 .ARM.attributes
                0x00000000       0x2d d:/vscode_stm32/gcc-arm-none-eabi/bin/../lib/gcc/arm-none-eabi/5.4.1/../../../../arm-none-eabi/lib/armv7-m\libg.a(lib_a-exit.o)
 .text          0x00000000        0x0 d:/vscode_stm32/gcc-arm-none-eabi/bin/../lib/gcc/arm-none-eabi/5.4.1/../../../../arm-none-eabi/lib/armv7-m\libg.a(lib_a-impure.o)
 .data          0x00000000        0x0 d:/vscode_stm32/gcc-arm-none-eabi/bin/../lib/gcc/arm-none-eabi/5.4.1/../../../../arm-none-eabi/lib/armv7-m\libg.a(lib_a-impure.o)
 .bss           0x00000000        0x0 d:/vscode_stm32/gcc-arm-none-eabi/bin/../lib/gcc/arm-none-eabi/5.4.1/../../../../arm-none-eabi/lib/armv7-m\libg.a(lib_a-impure.o)
 .data._impure_ptr
                0x00000000        0x4 d:/vscode_stm32/gcc-arm-none-eabi/bin/../lib/gcc/arm-none-eabi/5.4.1/../../../../arm-none-eabi/lib/armv7-m\libg.a(lib_a-impure.o)
 .text          0x00000000        0x0 d:/vscode_stm32/gcc-arm-none-eabi/bin/../lib/gcc/arm-none-eabi/5.4.1/../../../../arm-none-eabi/lib/armv7-m\libg.a(lib_a-init.o)
 .data          0x00000000        0x0 d:/vscode_stm32/gcc-arm-none-eabi/bin/../lib/gcc/arm-none-eabi/5.4.1/../../../../arm-none-eabi/lib/armv7-m\libg.a(lib_a-init.o)
 .bss           0x00000000        0x0 d:/vscode_stm32/gcc-arm-none-eabi/bin/../lib/gcc/arm-none-eabi/5.4.1/../../../../arm-none-eabi/lib/armv7-m\libg.a(lib_a-init.o)
 .text          0x00000000        0x0 d:/vscode_stm32/gcc-arm-none-eabi/bin/../lib/gcc/arm-none-eabi/5.4.1/../../../../arm-none-eabi/lib/armv7-m\libg.a(lib_a-memset.o)
 .data          0x00000000        0x0 d:/vscode_stm32/gcc-arm-none-eabi/bin/../lib/gcc/arm-none-eabi/5.4.1/../../../../arm-none-eabi/lib/armv7-m\libg.a(lib_a-memset.o)
 .bss           0x00000000        0x0 d:/vscode_stm32/gcc-arm-none-eabi/bin/../lib/gcc/arm-none-eabi/5.4.1/../../../../arm-none-eabi/lib/armv7-m\libg.a(lib_a-memset.o)
 .text          0x00000000        0x0 d:/vscode_stm32/gcc-arm-none-eabi/bin/../lib/gcc/arm-none-eabi/5.4.1/../../../../arm-none-eabi/lib/armv7-m\libg.a(lib_a-__call_atexit.o)
 .data          0x00000000        0x0 d:/vscode_stm32/gcc-arm-none-eabi/bin/../lib/gcc/arm-none-eabi/5.4.1/../../../../arm-none-eabi/lib/armv7-m\libg.a(lib_a-__call_atexit.o)
 .bss           0x00000000        0x0 d:/vscode_stm32/gcc-arm-none-eabi/bin/../lib/gcc/arm-none-eabi/5.4.1/../../../../arm-none-eabi/lib/armv7-m\libg.a(lib_a-__call_atexit.o)
 .text.__call_exitprocs
                0x00000000       0xd8 d:/vscode_stm32/gcc-arm-none-eabi/bin/../lib/gcc/arm-none-eabi/5.4.1/../../../../arm-none-eabi/lib/armv7-m\libg.a(lib_a-__call_atexit.o)
 .text          0x00000000        0x0 d:/vscode_stm32/gcc-arm-none-eabi/bin/../lib/gcc/arm-none-eabi/5.4.1/../../../../arm-none-eabi/lib/armv7-m\libg.a(lib_a-atexit.o)
 .data          0x00000000        0x0 d:/vscode_stm32/gcc-arm-none-eabi/bin/../lib/gcc/arm-none-eabi/5.4.1/../../../../arm-none-eabi/lib/armv7-m\libg.a(lib_a-atexit.o)
 .bss           0x00000000        0x0 d:/vscode_stm32/gcc-arm-none-eabi/bin/../lib/gcc/arm-none-eabi/5.4.1/../../../../arm-none-eabi/lib/armv7-m\libg.a(lib_a-atexit.o)
 .text          0x00000000        0x0 d:/vscode_stm32/gcc-arm-none-eabi/bin/../lib/gcc/arm-none-eabi/5.4.1/../../../../arm-none-eabi/lib/armv7-m\libg.a(lib_a-fini.o)
 .data          0x00000000        0x0 d:/vscode_stm32/gcc-arm-none-eabi/bin/../lib/gcc/arm-none-eabi/5.4.1/../../../../arm-none-eabi/lib/armv7-m\libg.a(lib_a-fini.o)
 .bss           0x00000000        0x0 d:/vscode_stm32/gcc-arm-none-eabi/bin/../lib/gcc/arm-none-eabi/5.4.1/../../../../arm-none-eabi/lib/armv7-m\libg.a(lib_a-fini.o)
 .text          0x00000000        0x0 d:/vscode_stm32/gcc-arm-none-eabi/bin/../lib/gcc/arm-none-eabi/5.4.1/../../../../arm-none-eabi/lib/armv7-m\libg.a(lib_a-__atexit.o)
 .data          0x00000000        0x0 d:/vscode_stm32/gcc-arm-none-eabi/bin/../lib/gcc/arm-none-eabi/5.4.1/../../../../arm-none-eabi/lib/armv7-m\libg.a(lib_a-__atexit.o)
 .bss           0x00000000        0x0 d:/vscode_stm32/gcc-arm-none-eabi/bin/../lib/gcc/arm-none-eabi/5.4.1/../../../../arm-none-eabi/lib/armv7-m\libg.a(lib_a-__atexit.o)
 .text          0x00000000        0x0 d:/vscode_stm32/gcc-arm-none-eabi/bin/../lib/gcc/arm-none-eabi/5.4.1/armv7-m/crtend.o
 .data          0x00000000        0x0 d:/vscode_stm32/gcc-arm-none-eabi/bin/../lib/gcc/arm-none-eabi/5.4.1/armv7-m/crtend.o
 .bss           0x00000000        0x0 d:/vscode_stm32/gcc-arm-none-eabi/bin/../lib/gcc/arm-none-eabi/5.4.1/armv7-m/crtend.o
 .eh_frame      0x00000000        0x4 d:/vscode_stm32/gcc-arm-none-eabi/bin/../lib/gcc/arm-none-eabi/5.4.1/armv7-m/crtend.o
 .jcr           0x00000000        0x4 d:/vscode_stm32/gcc-arm-none-eabi/bin/../lib/gcc/arm-none-eabi/5.4.1/armv7-m/crtend.o
 .ARM.attributes
                0x00000000       0x2d d:/vscode_stm32/gcc-arm-none-eabi/bin/../lib/gcc/arm-none-eabi/5.4.1/armv7-m/crtend.o
 .text          0x00000000        0x0 d:/vscode_stm32/gcc-arm-none-eabi/bin/../lib/gcc/arm-none-eabi/5.4.1/armv7-m/crtn.o
 .data          0x00000000        0x0 d:/vscode_stm32/gcc-arm-none-eabi/bin/../lib/gcc/arm-none-eabi/5.4.1/armv7-m/crtn.o
 .bss           0x00000000        0x0 d:/vscode_stm32/gcc-arm-none-eabi/bin/../lib/gcc/arm-none-eabi/5.4.1/armv7-m/crtn.o

Memory Configuration

Name             Origin             Length             Attributes
RAM              0x20000000         0x00005000         xrw
FLASH            0x08000000         0x00010000         xr
*default*        0x00000000         0xffffffff

Linker script and memory map

LOAD d:/vscode_stm32/gcc-arm-none-eabi/bin/../lib/gcc/arm-none-eabi/5.4.1/armv7-m/crti.o
LOAD d:/vscode_stm32/gcc-arm-none-eabi/bin/../lib/gcc/arm-none-eabi/5.4.1/armv7-m/crtbegin.o
LOAD d:/vscode_stm32/gcc-arm-none-eabi/bin/../lib/gcc/arm-none-eabi/5.4.1/../../../../arm-none-eabi/lib/armv7-m/crt0.o
LOAD CMakeFiles/STM32F103C8T6.elf.dir/Core/Src/gpio.c.obj
LOAD CMakeFiles/STM32F103C8T6.elf.dir/Core/Src/main.c.obj
LOAD CMakeFiles/STM32F103C8T6.elf.dir/Core/Src/stm32f1xx_hal_msp.c.obj
LOAD CMakeFiles/STM32F103C8T6.elf.dir/Core/Src/stm32f1xx_it.c.obj
LOAD CMakeFiles/STM32F103C8T6.elf.dir/Core/Src/syscalls.c.obj
LOAD CMakeFiles/STM32F103C8T6.elf.dir/Core/Src/sysmem.c.obj
LOAD CMakeFiles/STM32F103C8T6.elf.dir/Core/Src/system_stm32f1xx.c.obj
LOAD CMakeFiles/STM32F103C8T6.elf.dir/Core/Startup/startup_stm32f103c8tx.s.obj
LOAD CMakeFiles/STM32F103C8T6.elf.dir/Drivers/STM32F1xx_HAL_Driver/Src/stm32f1xx_hal.c.obj
LOAD CMakeFiles/STM32F103C8T6.elf.dir/Drivers/STM32F1xx_HAL_Driver/Src/stm32f1xx_hal_cortex.c.obj
LOAD CMakeFiles/STM32F103C8T6.elf.dir/Drivers/STM32F1xx_HAL_Driver/Src/stm32f1xx_hal_dma.c.obj
LOAD CMakeFiles/STM32F103C8T6.elf.dir/Drivers/STM32F1xx_HAL_Driver/Src/stm32f1xx_hal_exti.c.obj
LOAD CMakeFiles/STM32F103C8T6.elf.dir/Drivers/STM32F1xx_HAL_Driver/Src/stm32f1xx_hal_flash.c.obj
LOAD CMakeFiles/STM32F103C8T6.elf.dir/Drivers/STM32F1xx_HAL_Driver/Src/stm32f1xx_hal_flash_ex.c.obj
LOAD CMakeFiles/STM32F103C8T6.elf.dir/Drivers/STM32F1xx_HAL_Driver/Src/stm32f1xx_hal_gpio.c.obj
LOAD CMakeFiles/STM32F103C8T6.elf.dir/Drivers/STM32F1xx_HAL_Driver/Src/stm32f1xx_hal_gpio_ex.c.obj
LOAD CMakeFiles/STM32F103C8T6.elf.dir/Drivers/STM32F1xx_HAL_Driver/Src/stm32f1xx_hal_pwr.c.obj
LOAD CMakeFiles/STM32F103C8T6.elf.dir/Drivers/STM32F1xx_HAL_Driver/Src/stm32f1xx_hal_rcc.c.obj
LOAD CMakeFiles/STM32F103C8T6.elf.dir/Drivers/STM32F1xx_HAL_Driver/Src/stm32f1xx_hal_rcc_ex.c.obj
LOAD CMakeFiles/STM32F103C8T6.elf.dir/Drivers/STM32F1xx_HAL_Driver/Src/stm32f1xx_hal_tim.c.obj
LOAD CMakeFiles/STM32F103C8T6.elf.dir/Drivers/STM32F1xx_HAL_Driver/Src/stm32f1xx_hal_tim_ex.c.obj
START GROUP
LOAD d:/vscode_stm32/gcc-arm-none-eabi/bin/../lib/gcc/arm-none-eabi/5.4.1/armv7-m\libgcc.a
LOAD d:/vscode_stm32/gcc-arm-none-eabi/bin/../lib/gcc/arm-none-eabi/5.4.1/../../../../arm-none-eabi/lib/armv7-m\libg.a
LOAD d:/vscode_stm32/gcc-arm-none-eabi/bin/../lib/gcc/arm-none-eabi/5.4.1/../../../../arm-none-eabi/lib/armv7-m\libc.a
END GROUP
LOAD d:/vscode_stm32/gcc-arm-none-eabi/bin/../lib/gcc/arm-none-eabi/5.4.1/armv7-m/crtend.o
LOAD d:/vscode_stm32/gcc-arm-none-eabi/bin/../lib/gcc/arm-none-eabi/5.4.1/armv7-m/crtn.o
                0x20005000                _estack = (ORIGIN (RAM) + LENGTH (RAM))
                0x00000200                _Min_Heap_Size = 0x200
                0x00000400                _Min_Stack_Size = 0x400

.isr_vector     0x08000000      0x10c
                0x08000000                . = ALIGN (0x4)
 *(.isr_vector)
 .isr_vector    0x08000000      0x10c CMakeFiles/STM32F103C8T6.elf.dir/Core/Startup/startup_stm32f103c8tx.s.obj
                0x08000000                g_pfnVectors
                0x0800010c                . = ALIGN (0x4)

.text           0x0800010c      0xd6c
                0x0800010c                . = ALIGN (0x4)
 *(.text)
 .text          0x0800010c       0x5c d:/vscode_stm32/gcc-arm-none-eabi/bin/../lib/gcc/arm-none-eabi/5.4.1/armv7-m/crtbegin.o
 *(.text*)
 .text.MX_GPIO_Init
                0x08000168       0x54 CMakeFiles/STM32F103C8T6.elf.dir/Core/Src/gpio.c.obj
                0x08000168                MX_GPIO_Init
 .text.Error_Handler
                0x080001bc        0x4 CMakeFiles/STM32F103C8T6.elf.dir/Core/Src/main.c.obj
                0x080001bc                Error_Handler
 .text.SystemClock_Config
                0x080001c0       0x54 CMakeFiles/STM32F103C8T6.elf.dir/Core/Src/main.c.obj
                0x080001c0                SystemClock_Config
 .text.main     0x08000214       0x28 CMakeFiles/STM32F103C8T6.elf.dir/Core/Src/main.c.obj
                0x08000214                main
 .text.HAL_MspInit
                0x0800023c       0x44 CMakeFiles/STM32F103C8T6.elf.dir/Core/Src/stm32f1xx_hal_msp.c.obj
                0x0800023c                HAL_MspInit
 .text.NMI_Handler
                0x08000280        0x4 CMakeFiles/STM32F103C8T6.elf.dir/Core/Src/stm32f1xx_it.c.obj
                0x08000280                NMI_Handler
 .text.HardFault_Handler
                0x08000284        0x4 CMakeFiles/STM32F103C8T6.elf.dir/Core/Src/stm32f1xx_it.c.obj
                0x08000284                HardFault_Handler
 .text.MemManage_Handler
                0x08000288        0x4 CMakeFiles/STM32F103C8T6.elf.dir/Core/Src/stm32f1xx_it.c.obj
                0x08000288                MemManage_Handler
 .text.BusFault_Handler
                0x0800028c        0x4 CMakeFiles/STM32F103C8T6.elf.dir/Core/Src/stm32f1xx_it.c.obj
                0x0800028c                BusFault_Handler
 .text.UsageFault_Handler
                0x08000290        0x4 CMakeFiles/STM32F103C8T6.elf.dir/Core/Src/stm32f1xx_it.c.obj
                0x08000290                UsageFault_Handler
 .text.SVC_Handler
                0x08000294        0x4 CMakeFiles/STM32F103C8T6.elf.dir/Core/Src/stm32f1xx_it.c.obj
                0x08000294                SVC_Handler
 .text.DebugMon_Handler
                0x08000298        0x4 CMakeFiles/STM32F103C8T6.elf.dir/Core/Src/stm32f1xx_it.c.obj
                0x08000298                DebugMon_Handler
 .text.PendSV_Handler
                0x0800029c        0x4 CMakeFiles/STM32F103C8T6.elf.dir/Core/Src/stm32f1xx_it.c.obj
                0x0800029c                PendSV_Handler
 .text.SysTick_Handler
                0x080002a0        0x8 CMakeFiles/STM32F103C8T6.elf.dir/Core/Src/stm32f1xx_it.c.obj
                0x080002a0                SysTick_Handler
 .text.SystemInit
                0x080002a8        0x4 CMakeFiles/STM32F103C8T6.elf.dir/Core/Src/system_stm32f1xx.c.obj
                0x080002a8                SystemInit
 .text.Reset_Handler
                0x080002ac       0x48 CMakeFiles/STM32F103C8T6.elf.dir/Core/Startup/startup_stm32f103c8tx.s.obj
                0x080002ac                Reset_Handler
 .text.Default_Handler
                0x080002f4        0x2 CMakeFiles/STM32F103C8T6.elf.dir/Core/Startup/startup_stm32f103c8tx.s.obj
                0x080002f4                RTC_Alarm_IRQHandler
                0x080002f4                EXTI2_IRQHandler
                0x080002f4                TIM1_CC_IRQHandler
                0x080002f4                PVD_IRQHandler
                0x080002f4                EXTI3_IRQHandler
                0x080002f4                EXTI0_IRQHandler
                0x080002f4                I2C2_EV_IRQHandler
                0x080002f4                ADC1_2_IRQHandler
                0x080002f4                SPI1_IRQHandler
                0x080002f4                TAMPER_IRQHandler
                0x080002f4                DMA1_Channel4_IRQHandler
                0x080002f4                USART3_IRQHandler
                0x080002f4                RTC_IRQHandler
                0x080002f4                DMA1_Channel7_IRQHandler
                0x080002f4                CAN1_RX1_IRQHandler
                0x080002f4                TIM4_IRQHandler
                0x080002f4                I2C1_EV_IRQHandler
                0x080002f4                DMA1_Channel6_IRQHandler
                0x080002f4                TIM3_IRQHandler
                0x080002f4                RCC_IRQHandler
                0x080002f4                TIM1_TRG_COM_IRQHandler
                0x080002f4                DMA1_Channel1_IRQHandler
                0x080002f4                Default_Handler
                0x080002f4                EXTI15_10_IRQHandler
                0x080002f4                EXTI9_5_IRQHandler
                0x080002f4                SPI2_IRQHandler
                0x080002f4                DMA1_Channel5_IRQHandler
                0x080002f4                EXTI4_IRQHandler
                0x080002f4                USB_LP_CAN1_RX0_IRQHandler
                0x080002f4                USB_HP_CAN1_TX_IRQHandler
                0x080002f4                DMA1_Channel3_IRQHandler
                0x080002f4                TIM1_UP_IRQHandler
                0x080002f4                WWDG_IRQHandler
                0x080002f4                TIM2_IRQHandler
                0x080002f4                TIM1_BRK_IRQHandler
                0x080002f4                EXTI1_IRQHandler
                0x080002f4                USART2_IRQHandler
                0x080002f4                I2C2_ER_IRQHandler
                0x080002f4                DMA1_Channel2_IRQHandler
                0x080002f4                CAN1_SCE_IRQHandler
                0x080002f4                FLASH_IRQHandler
                0x080002f4                USART1_IRQHandler
                0x080002f4                I2C1_ER_IRQHandler
                0x080002f4                USBWakeUp_IRQHandler
 *fill*         0x080002f6        0x2 
 .text.HAL_InitTick
                0x080002f8       0x4c CMakeFiles/STM32F103C8T6.elf.dir/Drivers/STM32F1xx_HAL_Driver/Src/stm32f1xx_hal.c.obj
                0x080002f8                HAL_InitTick
 .text.HAL_Init
                0x08000344       0x24 CMakeFiles/STM32F103C8T6.elf.dir/Drivers/STM32F1xx_HAL_Driver/Src/stm32f1xx_hal.c.obj
                0x08000344                HAL_Init
 .text.HAL_IncTick
                0x08000368       0x18 CMakeFiles/STM32F103C8T6.elf.dir/Drivers/STM32F1xx_HAL_Driver/Src/stm32f1xx_hal.c.obj
                0x08000368                HAL_IncTick
 .text.HAL_GetTick
                0x08000380        0xc CMakeFiles/STM32F103C8T6.elf.dir/Drivers/STM32F1xx_HAL_Driver/Src/stm32f1xx_hal.c.obj
                0x08000380                HAL_GetTick
 .text.HAL_Delay
                0x0800038c       0x28 CMakeFiles/STM32F103C8T6.elf.dir/Drivers/STM32F1xx_HAL_Driver/Src/stm32f1xx_hal.c.obj
                0x0800038c                HAL_Delay
 .text.HAL_NVIC_SetPriorityGrouping
                0x080003b4       0x24 CMakeFiles/STM32F103C8T6.elf.dir/Drivers/STM32F1xx_HAL_Driver/Src/stm32f1xx_hal_cortex.c.obj
                0x080003b4                HAL_NVIC_SetPriorityGrouping
 .text.HAL_NVIC_SetPriority
                0x080003d8       0x64 CMakeFiles/STM32F103C8T6.elf.dir/Drivers/STM32F1xx_HAL_Driver/Src/stm32f1xx_hal_cortex.c.obj
                0x080003d8                HAL_NVIC_SetPriority
 .text.HAL_SYSTICK_Config
                0x0800043c       0x2c CMakeFiles/STM32F103C8T6.elf.dir/Drivers/STM32F1xx_HAL_Driver/Src/stm32f1xx_hal_cortex.c.obj
                0x0800043c                HAL_SYSTICK_Config
 .text.HAL_GPIO_Init
                0x08000468      0x1dc CMakeFiles/STM32F103C8T6.elf.dir/Drivers/STM32F1xx_HAL_Driver/Src/stm32f1xx_hal_gpio.c.obj
                0x08000468                HAL_GPIO_Init
 .text.HAL_GPIO_WritePin
                0x08000644        0xc CMakeFiles/STM32F103C8T6.elf.dir/Drivers/STM32F1xx_HAL_Driver/Src/stm32f1xx_hal_gpio.c.obj
                0x08000644                HAL_GPIO_WritePin
 .text.HAL_GPIO_TogglePin
                0x08000650       0x14 CMakeFiles/STM32F103C8T6.elf.dir/Drivers/STM32F1xx_HAL_Driver/Src/stm32f1xx_hal_gpio.c.obj
                0x08000650                HAL_GPIO_TogglePin
 .text.RCC_Delay
                0x08000664       0x2c CMakeFiles/STM32F103C8T6.elf.dir/Drivers/STM32F1xx_HAL_Driver/Src/stm32f1xx_hal_rcc.c.obj
 .text.HAL_RCC_OscConfig
                0x08000690      0x434 CMakeFiles/STM32F103C8T6.elf.dir/Drivers/STM32F1xx_HAL_Driver/Src/stm32f1xx_hal_rcc.c.obj
                0x08000690                HAL_RCC_OscConfig
 .text.HAL_RCC_GetSysClockFreq
                0x08000ac4       0x54 CMakeFiles/STM32F103C8T6.elf.dir/Drivers/STM32F1xx_HAL_Driver/Src/stm32f1xx_hal_rcc.c.obj
                0x08000ac4                HAL_RCC_GetSysClockFreq
 .text.HAL_RCC_ClockConfig
                0x08000b18      0x170 CMakeFiles/STM32F103C8T6.elf.dir/Drivers/STM32F1xx_HAL_Driver/Src/stm32f1xx_hal_rcc.c.obj
                0x08000b18                HAL_RCC_ClockConfig
 .text.__libc_init_array
                0x08000c88       0x50 d:/vscode_stm32/gcc-arm-none-eabi/bin/../lib/gcc/arm-none-eabi/5.4.1/../../../../arm-none-eabi/lib/armv7-m\libg.a(lib_a-init.o)
                0x08000c88                __libc_init_array
 .text.memset   0x08000cd8       0x9c d:/vscode_stm32/gcc-arm-none-eabi/bin/../lib/gcc/arm-none-eabi/5.4.1/../../../../arm-none-eabi/lib/armv7-m\libg.a(lib_a-memset.o)
                0x08000cd8                memset
 .text.startup.register_fini
                0x08000d74       0x14 d:/vscode_stm32/gcc-arm-none-eabi/bin/../lib/gcc/arm-none-eabi/5.4.1/../../../../arm-none-eabi/lib/armv7-m\libg.a(lib_a-__call_atexit.o)
 .text.atexit   0x08000d88        0xc d:/vscode_stm32/gcc-arm-none-eabi/bin/../lib/gcc/arm-none-eabi/5.4.1/../../../../arm-none-eabi/lib/armv7-m\libg.a(lib_a-atexit.o)
                0x08000d88                atexit
 .text.__libc_fini_array
                0x08000d94       0x28 d:/vscode_stm32/gcc-arm-none-eabi/bin/../lib/gcc/arm-none-eabi/5.4.1/../../../../arm-none-eabi/lib/armv7-m\libg.a(lib_a-fini.o)
                0x08000d94                __libc_fini_array
 .text.__register_exitproc
                0x08000dbc       0xa4 d:/vscode_stm32/gcc-arm-none-eabi/bin/../lib/gcc/arm-none-eabi/5.4.1/../../../../arm-none-eabi/lib/armv7-m\libg.a(lib_a-__atexit.o)
                0x08000dbc                __register_exitproc
 *(.glue_7)
 .glue_7        0x08000e60        0x0 linker stubs
 *(.glue_7t)
 .glue_7t       0x08000e60        0x0 linker stubs
 *(.eh_frame)
 .eh_frame      0x08000e60        0x0 d:/vscode_stm32/gcc-arm-none-eabi/bin/../lib/gcc/arm-none-eabi/5.4.1/armv7-m/crtbegin.o
 *(.init)
 .init          0x08000e60        0x4 d:/vscode_stm32/gcc-arm-none-eabi/bin/../lib/gcc/arm-none-eabi/5.4.1/armv7-m/crti.o
                0x08000e60                _init
 .init          0x08000e64        0x8 d:/vscode_stm32/gcc-arm-none-eabi/bin/../lib/gcc/arm-none-eabi/5.4.1/armv7-m/crtn.o
 *(.fini)
 .fini          0x08000e6c        0x4 d:/vscode_stm32/gcc-arm-none-eabi/bin/../lib/gcc/arm-none-eabi/5.4.1/armv7-m/crti.o
                0x08000e6c                _fini
 .fini          0x08000e70        0x8 d:/vscode_stm32/gcc-arm-none-eabi/bin/../lib/gcc/arm-none-eabi/5.4.1/armv7-m/crtn.o
                0x08000e78                . = ALIGN (0x4)
                0x08000e78                _etext = .

.vfp11_veneer   0x08000e78        0x0
 .vfp11_veneer  0x08000e78        0x0 linker stubs

.v4_bx          0x08000e78        0x0
 .v4_bx         0x08000e78        0x0 linker stubs

.iplt           0x08000e78        0x0
 .iplt          0x08000e78        0x0 d:/vscode_stm32/gcc-arm-none-eabi/bin/../lib/gcc/arm-none-eabi/5.4.1/armv7-m/crtbegin.o

.rodata         0x08000e78       0x28
                0x08000e78                . = ALIGN (0x4)
 *(.rodata)
 *(.rodata*)
 .rodata.AHBPrescTable
                0x08000e78       0x10 CMakeFiles/STM32F103C8T6.elf.dir/Core/Src/system_stm32f1xx.c.obj
                0x08000e78                AHBPrescTable
 .rodata.aPLLMULFactorTable.5530
                0x08000e88       0x10 CMakeFiles/STM32F103C8T6.elf.dir/Drivers/STM32F1xx_HAL_Driver/Src/stm32f1xx_hal_rcc.c.obj
 .rodata.aPredivFactorTable.5531
                0x08000e98        0x2 CMakeFiles/STM32F103C8T6.elf.dir/Drivers/STM32F1xx_HAL_Driver/Src/stm32f1xx_hal_rcc.c.obj
 *fill*         0x08000e9a        0x2 
 .rodata._global_impure_ptr
                0x08000e9c        0x4 d:/vscode_stm32/gcc-arm-none-eabi/bin/../lib/gcc/arm-none-eabi/5.4.1/../../../../arm-none-eabi/lib/armv7-m\libg.a(lib_a-impure.o)
                0x08000e9c                _global_impure_ptr
                0x08000ea0                . = ALIGN (0x4)

.rel.dyn        0x08000ea0        0x0
 .rel.iplt      0x08000ea0        0x0 d:/vscode_stm32/gcc-arm-none-eabi/bin/../lib/gcc/arm-none-eabi/5.4.1/armv7-m/crtbegin.o

.ARM.extab      0x08000ea0        0x0
                0x08000ea0                . = ALIGN (0x4)
 *(.ARM.extab* .gnu.linkonce.armextab.*)
                0x08000ea0                . = ALIGN (0x4)

.ARM            0x08000ea0        0x0
                0x08000ea0                . = ALIGN (0x4)
                0x08000ea0                __exidx_start = .
 *(.ARM.exidx*)
                0x08000ea0                __exidx_end = .
                0x08000ea0                . = ALIGN (0x4)

.preinit_array  0x08000ea0        0x0
                0x08000ea0                . = ALIGN (0x4)
                0x08000ea0                PROVIDE (__preinit_array_start, .)
 *(.preinit_array*)
                0x08000ea0                PROVIDE (__preinit_array_end, .)
                0x08000ea0                . = ALIGN (0x4)

.init_array     0x08000ea0        0x8
                0x08000ea0                . = ALIGN (0x4)
                0x08000ea0                PROVIDE (__init_array_start, .)
 *(SORT(.init_array.*))
 .init_array.00000
                0x08000ea0        0x4 d:/vscode_stm32/gcc-arm-none-eabi/bin/../lib/gcc/arm-none-eabi/5.4.1/../../../../arm-none-eabi/lib/armv7-m\libg.a(lib_a-__call_atexit.o)
 *(.init_array*)
 .init_array    0x08000ea4        0x4 d:/vscode_stm32/gcc-arm-none-eabi/bin/../lib/gcc/arm-none-eabi/5.4.1/armv7-m/crtbegin.o
                0x08000ea8                PROVIDE (__init_array_end, .)
                0x08000ea8                . = ALIGN (0x4)

.fini_array     0x08000ea8        0x4
                0x08000ea8                . = ALIGN (0x4)
                0x08000ea8                PROVIDE (__fini_array_start, .)
 *(SORT(.fini_array.*))
 *(.fini_array*)
 .fini_array    0x08000ea8        0x4 d:/vscode_stm32/gcc-arm-none-eabi/bin/../lib/gcc/arm-none-eabi/5.4.1/armv7-m/crtbegin.o
                0x08000eac                PROVIDE (__fini_array_end, .)
                0x08000eac                . = ALIGN (0x4)
                0x08000eac                _sidata = LOADADDR (.data)

.data           0x20000000      0x438 load address 0x08000eac
                0x20000000                . = ALIGN (0x4)
                0x20000000                _sdata = .
 *(.data)
 *(.data*)
 .data.SystemCoreClock
                0x20000000        0x4 CMakeFiles/STM32F103C8T6.elf.dir/Core/Src/system_stm32f1xx.c.obj
                0x20000000                SystemCoreClock
 .data.uwTickPrio
                0x20000004        0x4 CMakeFiles/STM32F103C8T6.elf.dir/Drivers/STM32F1xx_HAL_Driver/Src/stm32f1xx_hal.c.obj
                0x20000004                uwTickPrio
 .data.uwTickFreq
                0x20000008        0x1 CMakeFiles/STM32F103C8T6.elf.dir/Drivers/STM32F1xx_HAL_Driver/Src/stm32f1xx_hal.c.obj
                0x20000008                uwTickFreq
 *fill*         0x20000009        0x7 
 .data.impure_data
                0x20000010      0x428 d:/vscode_stm32/gcc-arm-none-eabi/bin/../lib/gcc/arm-none-eabi/5.4.1/../../../../arm-none-eabi/lib/armv7-m\libg.a(lib_a-impure.o)
 *(.RamFunc)
 *(.RamFunc*)
                0x20000438                . = ALIGN (0x4)
                0x20000438                _edata = .

.jcr            0x20000438        0x0 load address 0x080012e4
 .jcr           0x20000438        0x0 d:/vscode_stm32/gcc-arm-none-eabi/bin/../lib/gcc/arm-none-eabi/5.4.1/armv7-m/crtbegin.o

.igot.plt       0x20000438        0x0 load address 0x080012e4
 .igot.plt      0x20000438        0x0 d:/vscode_stm32/gcc-arm-none-eabi/bin/../lib/gcc/arm-none-eabi/5.4.1/armv7-m/crtbegin.o
                0x20000438                . = ALIGN (0x4)

.bss            0x20000438       0x20 load address 0x080012e4
                0x20000438                _sbss = .
                0x20000438                __bss_start__ = _sbss
 *(.bss)
 .bss           0x20000438       0x1c d:/vscode_stm32/gcc-arm-none-eabi/bin/../lib/gcc/arm-none-eabi/5.4.1/armv7-m/crtbegin.o
 *(.bss*)
 .bss.uwTick    0x20000454        0x4 CMakeFiles/STM32F103C8T6.elf.dir/Drivers/STM32F1xx_HAL_Driver/Src/stm32f1xx_hal.c.obj
                0x20000454                uwTick
 *(COMMON)
                0x20000458                . = ALIGN (0x4)
                0x20000458                _ebss = .
                0x20000458                __bss_end__ = _ebss

._user_heap_stack
                0x20000458      0x600 load address 0x080012e4
                0x20000458                . = ALIGN (0x8)
                [!provide]                PROVIDE (end, .)
                0x20000458                PROVIDE (_end, .)
                0x20000658                . = (. + _Min_Heap_Size)
 *fill*         0x20000458      0x200 
                0x20000a58                . = (. + _Min_Stack_Size)
 *fill*         0x20000658      0x400 
                0x20000a58                . = ALIGN (0x8)

/DISCARD/
 libc.a(*)
 libm.a(*)
 libgcc.a(*)

.ARM.attributes
                0x00000000       0x29
 *(.ARM.attributes)
 .ARM.attributes
                0x00000000       0x1d d:/vscode_stm32/gcc-arm-none-eabi/bin/../lib/gcc/arm-none-eabi/5.4.1/armv7-m/crti.o
 .ARM.attributes
                0x0000001d       0x2d d:/vscode_stm32/gcc-arm-none-eabi/bin/../lib/gcc/arm-none-eabi/5.4.1/armv7-m/crtbegin.o
 .ARM.attributes
                0x0000004a       0x33 CMakeFiles/STM32F103C8T6.elf.dir/Core/Src/gpio.c.obj
 .ARM.attributes
                0x0000007d       0x33 CMakeFiles/STM32F103C8T6.elf.dir/Core/Src/main.c.obj
 .ARM.attributes
                0x000000b0       0x33 CMakeFiles/STM32F103C8T6.elf.dir/Core/Src/stm32f1xx_hal_msp.c.obj
 .ARM.attributes
                0x000000e3       0x33 CMakeFiles/STM32F103C8T6.elf.dir/Core/Src/stm32f1xx_it.c.obj
 .ARM.attributes
                0x00000116       0x33 CMakeFiles/STM32F103C8T6.elf.dir/Core/Src/system_stm32f1xx.c.obj
 .ARM.attributes
                0x00000149       0x21 CMakeFiles/STM32F103C8T6.elf.dir/Core/Startup/startup_stm32f103c8tx.s.obj
 .ARM.attributes
                0x0000016a       0x33 CMakeFiles/STM32F103C8T6.elf.dir/Drivers/STM32F1xx_HAL_Driver/Src/stm32f1xx_hal.c.obj
 .ARM.attributes
                0x0000019d       0x33 CMakeFiles/STM32F103C8T6.elf.dir/Drivers/STM32F1xx_HAL_Driver/Src/stm32f1xx_hal_cortex.c.obj
 .ARM.attributes
                0x000001d0       0x33 CMakeFiles/STM32F103C8T6.elf.dir/Drivers/STM32F1xx_HAL_Driver/Src/stm32f1xx_hal_gpio.c.obj
 .ARM.attributes
                0x00000203       0x33 CMakeFiles/STM32F103C8T6.elf.dir/Drivers/STM32F1xx_HAL_Driver/Src/stm32f1xx_hal_rcc.c.obj
 .ARM.attributes
                0x00000236       0x2d d:/vscode_stm32/gcc-arm-none-eabi/bin/../lib/gcc/arm-none-eabi/5.4.1/../../../../arm-none-eabi/lib/armv7-m\libg.a(lib_a-impure.o)
 .ARM.attributes
                0x00000263       0x2d d:/vscode_stm32/gcc-arm-none-eabi/bin/../lib/gcc/arm-none-eabi/5.4.1/../../../../arm-none-eabi/lib/armv7-m\libg.a(lib_a-init.o)
 .ARM.attributes
                0x00000290       0x2d d:/vscode_stm32/gcc-arm-none-eabi/bin/../lib/gcc/arm-none-eabi/5.4.1/../../../../arm-none-eabi/lib/armv7-m\libg.a(lib_a-memset.o)
 .ARM.attributes
                0x000002bd       0x2d d:/vscode_stm32/gcc-arm-none-eabi/bin/../lib/gcc/arm-none-eabi/5.4.1/../../../../arm-none-eabi/lib/armv7-m\libg.a(lib_a-__call_atexit.o)
 .ARM.attributes
                0x000002ea       0x2d d:/vscode_stm32/gcc-arm-none-eabi/bin/../lib/gcc/arm-none-eabi/5.4.1/../../../../arm-none-eabi/lib/armv7-m\libg.a(lib_a-atexit.o)
 .ARM.attributes
                0x00000317       0x2d d:/vscode_stm32/gcc-arm-none-eabi/bin/../lib/gcc/arm-none-eabi/5.4.1/../../../../arm-none-eabi/lib/armv7-m\libg.a(lib_a-fini.o)
 .ARM.attributes
                0x00000344       0x2d d:/vscode_stm32/gcc-arm-none-eabi/bin/../lib/gcc/arm-none-eabi/5.4.1/../../../../arm-none-eabi/lib/armv7-m\libg.a(lib_a-__atexit.o)
 .ARM.attributes
                0x00000371       0x1d d:/vscode_stm32/gcc-arm-none-eabi/bin/../lib/gcc/arm-none-eabi/5.4.1/armv7-m/crtn.o
OUTPUT(STM32F103C8T6.elf elf32-littlearm)

.debug_info     0x00000000     0x3047
 .debug_info    0x00000000      0x2c0 CMakeFiles/STM32F103C8T6.elf.dir/Core/Src/gpio.c.obj
 .debug_info    0x000002c0      0x3d3 CMakeFiles/STM32F103C8T6.elf.dir/Core/Src/main.c.obj
 .debug_info    0x00000693      0x220 CMakeFiles/STM32F103C8T6.elf.dir/Core/Src/stm32f1xx_hal_msp.c.obj
 .debug_info    0x000008b3      0x150 CMakeFiles/STM32F103C8T6.elf.dir/Core/Src/stm32f1xx_it.c.obj
 .debug_info    0x00000a03      0x234 CMakeFiles/STM32F103C8T6.elf.dir/Core/Src/system_stm32f1xx.c.obj
 .debug_info    0x00000c37       0xf9 CMakeFiles/STM32F103C8T6.elf.dir/Core/Startup/startup_stm32f103c8tx.s.obj
 .debug_info    0x00000d30      0x74c CMakeFiles/STM32F103C8T6.elf.dir/Drivers/STM32F1xx_HAL_Driver/Src/stm32f1xx_hal.c.obj
 .debug_info    0x0000147c      0xc2f CMakeFiles/STM32F103C8T6.elf.dir/Drivers/STM32F1xx_HAL_Driver/Src/stm32f1xx_hal_cortex.c.obj
 .debug_info    0x000020ab      0x5ee CMakeFiles/STM32F103C8T6.elf.dir/Drivers/STM32F1xx_HAL_Driver/Src/stm32f1xx_hal_gpio.c.obj
 .debug_info    0x00002699      0x9ae CMakeFiles/STM32F103C8T6.elf.dir/Drivers/STM32F1xx_HAL_Driver/Src/stm32f1xx_hal_rcc.c.obj

.debug_abbrev   0x00000000      0xe51
 .debug_abbrev  0x00000000      0x131 CMakeFiles/STM32F103C8T6.elf.dir/Core/Src/gpio.c.obj
 .debug_abbrev  0x00000131      0x1a9 CMakeFiles/STM32F103C8T6.elf.dir/Core/Src/main.c.obj
 .debug_abbrev  0x000002da       0xd4 CMakeFiles/STM32F103C8T6.elf.dir/Core/Src/stm32f1xx_hal_msp.c.obj
 .debug_abbrev  0x000003ae       0xb6 CMakeFiles/STM32F103C8T6.elf.dir/Core/Src/stm32f1xx_it.c.obj
 .debug_abbrev  0x00000464      0x120 CMakeFiles/STM32F103C8T6.elf.dir/Core/Src/system_stm32f1xx.c.obj
 .debug_abbrev  0x00000584       0x12 CMakeFiles/STM32F103C8T6.elf.dir/Core/Startup/startup_stm32f103c8tx.s.obj
 .debug_abbrev  0x00000596      0x1d8 CMakeFiles/STM32F103C8T6.elf.dir/Drivers/STM32F1xx_HAL_Driver/Src/stm32f1xx_hal.c.obj
 .debug_abbrev  0x0000076e      0x2d4 CMakeFiles/STM32F103C8T6.elf.dir/Drivers/STM32F1xx_HAL_Driver/Src/stm32f1xx_hal_cortex.c.obj
 .debug_abbrev  0x00000a42      0x1bf CMakeFiles/STM32F103C8T6.elf.dir/Drivers/STM32F1xx_HAL_Driver/Src/stm32f1xx_hal_gpio.c.obj
 .debug_abbrev  0x00000c01      0x250 CMakeFiles/STM32F103C8T6.elf.dir/Drivers/STM32F1xx_HAL_Driver/Src/stm32f1xx_hal_rcc.c.obj

.debug_aranges  0x00000000      0x378
 .debug_aranges
                0x00000000       0x20 CMakeFiles/STM32F103C8T6.elf.dir/Core/Src/gpio.c.obj
 .debug_aranges
                0x00000020       0x30 CMakeFiles/STM32F103C8T6.elf.dir/Core/Src/main.c.obj
 .debug_aranges
                0x00000050       0x20 CMakeFiles/STM32F103C8T6.elf.dir/Core/Src/stm32f1xx_hal_msp.c.obj
 .debug_aranges
                0x00000070       0x60 CMakeFiles/STM32F103C8T6.elf.dir/Core/Src/stm32f1xx_it.c.obj
 .debug_aranges
                0x000000d0       0x28 CMakeFiles/STM32F103C8T6.elf.dir/Core/Src/system_stm32f1xx.c.obj
 .debug_aranges
                0x000000f8       0x28 CMakeFiles/STM32F103C8T6.elf.dir/Core/Startup/startup_stm32f103c8tx.s.obj
 .debug_aranges
                0x00000120       0xe0 CMakeFiles/STM32F103C8T6.elf.dir/Drivers/STM32F1xx_HAL_Driver/Src/stm32f1xx_hal.c.obj
 .debug_aranges
                0x00000200       0x90 CMakeFiles/STM32F103C8T6.elf.dir/Drivers/STM32F1xx_HAL_Driver/Src/stm32f1xx_hal_cortex.c.obj
 .debug_aranges
                0x00000290       0x58 CMakeFiles/STM32F103C8T6.elf.dir/Drivers/STM32F1xx_HAL_Driver/Src/stm32f1xx_hal_gpio.c.obj
 .debug_aranges
                0x000002e8       0x90 CMakeFiles/STM32F103C8T6.elf.dir/Drivers/STM32F1xx_HAL_Driver/Src/stm32f1xx_hal_rcc.c.obj

.debug_ranges   0x00000000      0x2f8
 .debug_ranges  0x00000000       0x10 CMakeFiles/STM32F103C8T6.elf.dir/Core/Src/gpio.c.obj
 .debug_ranges  0x00000010       0x20 CMakeFiles/STM32F103C8T6.elf.dir/Core/Src/main.c.obj
 .debug_ranges  0x00000030       0x10 CMakeFiles/STM32F103C8T6.elf.dir/Core/Src/stm32f1xx_hal_msp.c.obj
 .debug_ranges  0x00000040       0x50 CMakeFiles/STM32F103C8T6.elf.dir/Core/Src/stm32f1xx_it.c.obj
 .debug_ranges  0x00000090       0x18 CMakeFiles/STM32F103C8T6.elf.dir/Core/Src/system_stm32f1xx.c.obj
 .debug_ranges  0x000000a8       0x20 CMakeFiles/STM32F103C8T6.elf.dir/Core/Startup/startup_stm32f103c8tx.s.obj
 .debug_ranges  0x000000c8       0xd0 CMakeFiles/STM32F103C8T6.elf.dir/Drivers/STM32F1xx_HAL_Driver/Src/stm32f1xx_hal.c.obj
 .debug_ranges  0x00000198       0x80 CMakeFiles/STM32F103C8T6.elf.dir/Drivers/STM32F1xx_HAL_Driver/Src/stm32f1xx_hal_cortex.c.obj
 .debug_ranges  0x00000218       0x48 CMakeFiles/STM32F103C8T6.elf.dir/Drivers/STM32F1xx_HAL_Driver/Src/stm32f1xx_hal_gpio.c.obj
 .debug_ranges  0x00000260       0x98 CMakeFiles/STM32F103C8T6.elf.dir/Drivers/STM32F1xx_HAL_Driver/Src/stm32f1xx_hal_rcc.c.obj

.debug_line     0x00000000     0x21f8
 .debug_line    0x00000000      0x2b9 CMakeFiles/STM32F103C8T6.elf.dir/Core/Src/gpio.c.obj
 .debug_line    0x000002b9      0x3bf CMakeFiles/STM32F103C8T6.elf.dir/Core/Src/main.c.obj
 .debug_line    0x00000678      0x239 CMakeFiles/STM32F103C8T6.elf.dir/Core/Src/stm32f1xx_hal_msp.c.obj
 .debug_line    0x000008b1      0x2ac CMakeFiles/STM32F103C8T6.elf.dir/Core/Src/stm32f1xx_it.c.obj
 .debug_line    0x00000b5d      0x26b CMakeFiles/STM32F103C8T6.elf.dir/Core/Src/system_stm32f1xx.c.obj
 .debug_line    0x00000dc8       0xd2 CMakeFiles/STM32F103C8T6.elf.dir/Core/Startup/startup_stm32f103c8tx.s.obj
 .debug_line    0x00000e9a      0x4d7 CMakeFiles/STM32F103C8T6.elf.dir/Drivers/STM32F1xx_HAL_Driver/Src/stm32f1xx_hal.c.obj
 .debug_line    0x00001371      0x3fd CMakeFiles/STM32F103C8T6.elf.dir/Drivers/STM32F1xx_HAL_Driver/Src/stm32f1xx_hal_cortex.c.obj
 .debug_line    0x0000176e      0x44f CMakeFiles/STM32F103C8T6.elf.dir/Drivers/STM32F1xx_HAL_Driver/Src/stm32f1xx_hal_gpio.c.obj
 .debug_line    0x00001bbd      0x63b CMakeFiles/STM32F103C8T6.elf.dir/Drivers/STM32F1xx_HAL_Driver/Src/stm32f1xx_hal_rcc.c.obj

.debug_str      0x00000000     0x1507
 .debug_str     0x00000000      0x28a CMakeFiles/STM32F103C8T6.elf.dir/Core/Src/gpio.c.obj
                                0x2dd (size before relaxing)
 .debug_str     0x0000028a      0x21c CMakeFiles/STM32F103C8T6.elf.dir/Core/Src/main.c.obj
                                0x3e7 (size before relaxing)
 .debug_str     0x000004a6       0xa6 CMakeFiles/STM32F103C8T6.elf.dir/Core/Src/stm32f1xx_hal_msp.c.obj
                                0x27f (size before relaxing)
 .debug_str     0x0000054c      0x103 CMakeFiles/STM32F103C8T6.elf.dir/Core/Src/stm32f1xx_it.c.obj
                                0x282 (size before relaxing)
 .debug_str     0x0000064f       0xd4 CMakeFiles/STM32F103C8T6.elf.dir/Core/Src/system_stm32f1xx.c.obj
                                0x2b4 (size before relaxing)
 .debug_str     0x00000723      0x63a CMakeFiles/STM32F103C8T6.elf.dir/Drivers/STM32F1xx_HAL_Driver/Src/stm32f1xx_hal.c.obj
                                0x884 (size before relaxing)
 .debug_str     0x00000d5d      0x407 CMakeFiles/STM32F103C8T6.elf.dir/Drivers/STM32F1xx_HAL_Driver/Src/stm32f1xx_hal_cortex.c.obj
                                0x921 (size before relaxing)
 .debug_str     0x00001164      0x163 CMakeFiles/STM32F103C8T6.elf.dir/Drivers/STM32F1xx_HAL_Driver/Src/stm32f1xx_hal_gpio.c.obj
                                0x460 (size before relaxing)
 .debug_str     0x000012c7      0x240 CMakeFiles/STM32F103C8T6.elf.dir/Drivers/STM32F1xx_HAL_Driver/Src/stm32f1xx_hal_rcc.c.obj
                                0x68b (size before relaxing)

.comment        0x00000000       0x6e
 .comment       0x00000000       0x6e CMakeFiles/STM32F103C8T6.elf.dir/Core/Src/gpio.c.obj
                                 0x6f (size before relaxing)
 .comment       0x0000006e       0x6f CMakeFiles/STM32F103C8T6.elf.dir/Core/Src/main.c.obj
 .comment       0x0000006e       0x6f CMakeFiles/STM32F103C8T6.elf.dir/Core/Src/stm32f1xx_hal_msp.c.obj
 .comment       0x0000006e       0x6f CMakeFiles/STM32F103C8T6.elf.dir/Core/Src/stm32f1xx_it.c.obj
 .comment       0x0000006e       0x6f CMakeFiles/STM32F103C8T6.elf.dir/Core/Src/system_stm32f1xx.c.obj
 .comment       0x0000006e       0x6f CMakeFiles/STM32F103C8T6.elf.dir/Drivers/STM32F1xx_HAL_Driver/Src/stm32f1xx_hal.c.obj
 .comment       0x0000006e       0x6f CMakeFiles/STM32F103C8T6.elf.dir/Drivers/STM32F1xx_HAL_Driver/Src/stm32f1xx_hal_cortex.c.obj
 .comment       0x0000006e       0x6f CMakeFiles/STM32F103C8T6.elf.dir/Drivers/STM32F1xx_HAL_Driver/Src/stm32f1xx_hal_gpio.c.obj
 .comment       0x0000006e       0x6f CMakeFiles/STM32F103C8T6.elf.dir/Drivers/STM32F1xx_HAL_Driver/Src/stm32f1xx_hal_rcc.c.obj

.debug_frame    0x00000000      0x7f4
 .debug_frame   0x00000000       0x30 CMakeFiles/STM32F103C8T6.elf.dir/Core/Src/gpio.c.obj
 .debug_frame   0x00000030       0x54 CMakeFiles/STM32F103C8T6.elf.dir/Core/Src/main.c.obj
 .debug_frame   0x00000084       0x28 CMakeFiles/STM32F103C8T6.elf.dir/Core/Src/stm32f1xx_hal_msp.c.obj
 .debug_frame   0x000000ac       0xa8 CMakeFiles/STM32F103C8T6.elf.dir/Core/Src/stm32f1xx_it.c.obj
 .debug_frame   0x00000154       0x30 CMakeFiles/STM32F103C8T6.elf.dir/Core/Src/system_stm32f1xx.c.obj
 .debug_frame   0x00000184      0x1cc CMakeFiles/STM32F103C8T6.elf.dir/Drivers/STM32F1xx_HAL_Driver/Src/stm32f1xx_hal.c.obj
 .debug_frame   0x00000350      0x124 CMakeFiles/STM32F103C8T6.elf.dir/Drivers/STM32F1xx_HAL_Driver/Src/stm32f1xx_hal_cortex.c.obj
 .debug_frame   0x00000474       0xc4 CMakeFiles/STM32F103C8T6.elf.dir/Drivers/STM32F1xx_HAL_Driver/Src/stm32f1xx_hal_gpio.c.obj
 .debug_frame   0x00000538      0x184 CMakeFiles/STM32F103C8T6.elf.dir/Drivers/STM32F1xx_HAL_Driver/Src/stm32f1xx_hal_rcc.c.obj
 .debug_frame   0x000006bc       0x2c d:/vscode_stm32/gcc-arm-none-eabi/bin/../lib/gcc/arm-none-eabi/5.4.1/../../../../arm-none-eabi/lib/armv7-m\libg.a(lib_a-init.o)
 .debug_frame   0x000006e8       0x34 d:/vscode_stm32/gcc-arm-none-eabi/bin/../lib/gcc/arm-none-eabi/5.4.1/../../../../arm-none-eabi/lib/armv7-m\libg.a(lib_a-memset.o)
 .debug_frame   0x0000071c       0x50 d:/vscode_stm32/gcc-arm-none-eabi/bin/../lib/gcc/arm-none-eabi/5.4.1/../../../../arm-none-eabi/lib/armv7-m\libg.a(lib_a-__call_atexit.o)
 .debug_frame   0x0000076c       0x20 d:/vscode_stm32/gcc-arm-none-eabi/bin/../lib/gcc/arm-none-eabi/5.4.1/../../../../arm-none-eabi/lib/armv7-m\libg.a(lib_a-atexit.o)
 .debug_frame   0x0000078c       0x34 d:/vscode_stm32/gcc-arm-none-eabi/bin/../lib/gcc/arm-none-eabi/5.4.1/../../../../arm-none-eabi/lib/armv7-m\libg.a(lib_a-fini.o)
 .debug_frame   0x000007c0       0x34 d:/vscode_stm32/gcc-arm-none-eabi/bin/../lib/gcc/arm-none-eabi/5.4.1/../../../../arm-none-eabi/lib/armv7-m\libg.a(lib_a-__atexit.o)

.debug_loc      0x00000000      0xf68
 .debug_loc     0x00000000       0xdf CMakeFiles/STM32F103C8T6.elf.dir/Core/Src/system_stm32f1xx.c.obj
 .debug_loc     0x000000df      0x11b CMakeFiles/STM32F103C8T6.elf.dir/Drivers/STM32F1xx_HAL_Driver/Src/stm32f1xx_hal.c.obj
 .debug_loc     0x000001fa      0x527 CMakeFiles/STM32F103C8T6.elf.dir/Drivers/STM32F1xx_HAL_Driver/Src/stm32f1xx_hal_cortex.c.obj
 .debug_loc     0x00000721      0x302 CMakeFiles/STM32F103C8T6.elf.dir/Drivers/STM32F1xx_HAL_Driver/Src/stm32f1xx_hal_gpio.c.obj
 .debug_loc     0x00000a23      0x545 CMakeFiles/STM32F103C8T6.elf.dir/Drivers/STM32F1xx_HAL_Driver/Src/stm32f1xx_hal_rcc.c.obj
