Archive member included to satisfy reference by file (symbol)

c:/progra~2/gnutoo~1/50a5a~1.420/bin/../lib/gcc/arm-none-eabi/5.4.1/../../../../arm-none-eabi/lib/armv7-m\libg_nano.a(lib_a-exit.o)
                              c:/progra~2/gnutoo~1/50a5a~1.420/bin/../lib/gcc/arm-none-eabi/5.4.1/../../../../arm-none-eabi/lib/armv7-m/crt0.o (exit)
c:/progra~2/gnutoo~1/50a5a~1.420/bin/../lib/gcc/arm-none-eabi/5.4.1/../../../../arm-none-eabi/lib/armv7-m\libg_nano.a(lib_a-impure.o)
                              c:/progra~2/gnutoo~1/50a5a~1.420/bin/../lib/gcc/arm-none-eabi/5.4.1/../../../../arm-none-eabi/lib/armv7-m\libg_nano.a(lib_a-exit.o) (_global_impure_ptr)
c:/progra~2/gnutoo~1/50a5a~1.420/bin/../lib/gcc/arm-none-eabi/5.4.1/../../../../arm-none-eabi/lib/armv7-m\libg_nano.a(lib_a-init.o)
                              c:/progra~2/gnutoo~1/50a5a~1.420/bin/../lib/gcc/arm-none-eabi/5.4.1/../../../../arm-none-eabi/lib/armv7-m/crt0.o (__libc_init_array)
c:/progra~2/gnutoo~1/50a5a~1.420/bin/../lib/gcc/arm-none-eabi/5.4.1/../../../../arm-none-eabi/lib/armv7-m\libg_nano.a(lib_a-memset.o)
                              c:/progra~2/gnutoo~1/50a5a~1.420/bin/../lib/gcc/arm-none-eabi/5.4.1/../../../../arm-none-eabi/lib/armv7-m/crt0.o (memset)
c:/progra~2/gnutoo~1/50a5a~1.420/bin/../lib/gcc/arm-none-eabi/5.4.1/../../../../arm-none-eabi/lib/armv7-m\libnosys.a(_exit.o)
                              c:/progra~2/gnutoo~1/50a5a~1.420/bin/../lib/gcc/arm-none-eabi/5.4.1/../../../../arm-none-eabi/lib/armv7-m\libg_nano.a(lib_a-exit.o) (_exit)

Discarded input sections

 .text          0x00000000        0x0 c:/progra~2/gnutoo~1/50a5a~1.420/bin/../lib/gcc/arm-none-eabi/5.4.1/armv7-m/crti.o
 .data          0x00000000        0x0 c:/progra~2/gnutoo~1/50a5a~1.420/bin/../lib/gcc/arm-none-eabi/5.4.1/armv7-m/crti.o
 .bss           0x00000000        0x0 c:/progra~2/gnutoo~1/50a5a~1.420/bin/../lib/gcc/arm-none-eabi/5.4.1/armv7-m/crti.o
 .data          0x00000000        0x4 c:/progra~2/gnutoo~1/50a5a~1.420/bin/../lib/gcc/arm-none-eabi/5.4.1/armv7-m/crtbegin.o
 .text          0x00000000       0x74 c:/progra~2/gnutoo~1/50a5a~1.420/bin/../lib/gcc/arm-none-eabi/5.4.1/../../../../arm-none-eabi/lib/armv7-m/crt0.o
 .data          0x00000000        0x0 c:/progra~2/gnutoo~1/50a5a~1.420/bin/../lib/gcc/arm-none-eabi/5.4.1/../../../../arm-none-eabi/lib/armv7-m/crt0.o
 .bss           0x00000000        0x0 c:/progra~2/gnutoo~1/50a5a~1.420/bin/../lib/gcc/arm-none-eabi/5.4.1/../../../../arm-none-eabi/lib/armv7-m/crt0.o
 .ARM.extab     0x00000000        0x0 c:/progra~2/gnutoo~1/50a5a~1.420/bin/../lib/gcc/arm-none-eabi/5.4.1/../../../../arm-none-eabi/lib/armv7-m/crt0.o
 .ARM.exidx     0x00000000        0x8 c:/progra~2/gnutoo~1/50a5a~1.420/bin/../lib/gcc/arm-none-eabi/5.4.1/../../../../arm-none-eabi/lib/armv7-m/crt0.o
 .ARM.attributes
                0x00000000       0x1b c:/progra~2/gnutoo~1/50a5a~1.420/bin/../lib/gcc/arm-none-eabi/5.4.1/../../../../arm-none-eabi/lib/armv7-m/crt0.o
 .text          0x00000000        0x0 CMakeFiles/TemplateF103.elf.dir/Core/Src/core_cm3.c.obj
 .data          0x00000000        0x0 CMakeFiles/TemplateF103.elf.dir/Core/Src/core_cm3.c.obj
 .bss           0x00000000        0x0 CMakeFiles/TemplateF103.elf.dir/Core/Src/core_cm3.c.obj
 .text.__get_PSP
                0x00000000       0x10 CMakeFiles/TemplateF103.elf.dir/Core/Src/core_cm3.c.obj
 .text.__set_PSP
                0x00000000        0xc CMakeFiles/TemplateF103.elf.dir/Core/Src/core_cm3.c.obj
 .text.__get_MSP
                0x00000000       0x10 CMakeFiles/TemplateF103.elf.dir/Core/Src/core_cm3.c.obj
 .text.__set_MSP
                0x00000000        0xc CMakeFiles/TemplateF103.elf.dir/Core/Src/core_cm3.c.obj
 .text.__get_BASEPRI
                0x00000000       0x1c CMakeFiles/TemplateF103.elf.dir/Core/Src/core_cm3.c.obj
 .text.__set_BASEPRI
                0x00000000       0x18 CMakeFiles/TemplateF103.elf.dir/Core/Src/core_cm3.c.obj
 .text.__get_PRIMASK
                0x00000000       0x1c CMakeFiles/TemplateF103.elf.dir/Core/Src/core_cm3.c.obj
 .text.__set_PRIMASK
                0x00000000       0x18 CMakeFiles/TemplateF103.elf.dir/Core/Src/core_cm3.c.obj
 .text.__get_FAULTMASK
                0x00000000       0x1c CMakeFiles/TemplateF103.elf.dir/Core/Src/core_cm3.c.obj
 .text.__set_FAULTMASK
                0x00000000       0x18 CMakeFiles/TemplateF103.elf.dir/Core/Src/core_cm3.c.obj
 .text.__get_CONTROL
                0x00000000       0x1c CMakeFiles/TemplateF103.elf.dir/Core/Src/core_cm3.c.obj
 .text.__set_CONTROL
                0x00000000       0x18 CMakeFiles/TemplateF103.elf.dir/Core/Src/core_cm3.c.obj
 .text.__REV    0x00000000       0x20 CMakeFiles/TemplateF103.elf.dir/Core/Src/core_cm3.c.obj
 .text.__REV16  0x00000000       0x20 CMakeFiles/TemplateF103.elf.dir/Core/Src/core_cm3.c.obj
 .text.__REVSH  0x00000000       0x20 CMakeFiles/TemplateF103.elf.dir/Core/Src/core_cm3.c.obj
[...]
Memory Configuration

Name             Origin             Length             Attributes
RAM              0x20000000         0x00005000         xrw
FLASH            0x08000000         0x00010000         xr
*default*        0x00000000         0xffffffff

Linker script and memory map

LOAD c:/progra~2/gnutoo~1/50a5a~1.420/bin/../lib/gcc/arm-none-eabi/5.4.1/armv7-m/crti.o
LOAD c:/progra~2/gnutoo~1/50a5a~1.420/bin/../lib/gcc/arm-none-eabi/5.4.1/armv7-m/crtbegin.o
LOAD c:/progra~2/gnutoo~1/50a5a~1.420/bin/../lib/gcc/arm-none-eabi/5.4.1/../../../../arm-none-eabi/lib/armv7-m/crt0.o
LOAD CMakeFiles/TemplateF103.elf.dir/Core/Src/core_cm3.c.obj
LOAD CMakeFiles/TemplateF103.elf.dir/Core/Src/main.c.obj
LOAD CMakeFiles/TemplateF103.elf.dir/Core/Src/stm32f10x_it.c.obj
LOAD CMakeFiles/TemplateF103.elf.dir/Core/Src/system_stm32f10x.c.obj
LOAD CMakeFiles/TemplateF103.elf.dir/STM32F10x_FWLib/Src/misc.c.obj
LOAD CMakeFiles/TemplateF103.elf.dir/STM32F10x_FWLib/Src/stm32f10x_adc.c.obj
LOAD CMakeFiles/TemplateF103.elf.dir/STM32F10x_FWLib/Src/stm32f10x_bkp.c.obj
LOAD CMakeFiles/TemplateF103.elf.dir/STM32F10x_FWLib/Src/stm32f10x_can.c.obj
LOAD CMakeFiles/TemplateF103.elf.dir/STM32F10x_FWLib/Src/stm32f10x_cec.c.obj
LOAD CMakeFiles/TemplateF103.elf.dir/STM32F10x_FWLib/Src/stm32f10x_crc.c.obj
LOAD CMakeFiles/TemplateF103.elf.dir/STM32F10x_FWLib/Src/stm32f10x_dac.c.obj
LOAD CMakeFiles/TemplateF103.elf.dir/STM32F10x_FWLib/Src/stm32f10x_dbgmcu.c.obj
LOAD CMakeFiles/TemplateF103.elf.dir/STM32F10x_FWLib/Src/stm32f10x_dma.c.obj
LOAD CMakeFiles/TemplateF103.elf.dir/STM32F10x_FWLib/Src/stm32f10x_exti.c.obj
LOAD CMakeFiles/TemplateF103.elf.dir/STM32F10x_FWLib/Src/stm32f10x_flash.c.obj
LOAD CMakeFiles/TemplateF103.elf.dir/STM32F10x_FWLib/Src/stm32f10x_fsmc.c.obj
LOAD CMakeFiles/TemplateF103.elf.dir/STM32F10x_FWLib/Src/stm32f10x_gpio.c.obj
LOAD CMakeFiles/TemplateF103.elf.dir/STM32F10x_FWLib/Src/stm32f10x_i2c.c.obj
LOAD CMakeFiles/TemplateF103.elf.dir/STM32F10x_FWLib/Src/stm32f10x_iwdg.c.obj
LOAD CMakeFiles/TemplateF103.elf.dir/STM32F10x_FWLib/Src/stm32f10x_pwr.c.obj
LOAD CMakeFiles/TemplateF103.elf.dir/STM32F10x_FWLib/Src/stm32f10x_rcc.c.obj
LOAD CMakeFiles/TemplateF103.elf.dir/STM32F10x_FWLib/Src/stm32f10x_rtc.c.obj
LOAD CMakeFiles/TemplateF103.elf.dir/STM32F10x_FWLib/Src/stm32f10x_sdio.c.obj
LOAD CMakeFiles/TemplateF103.elf.dir/STM32F10x_FWLib/Src/stm32f10x_spi.c.obj
LOAD CMakeFiles/TemplateF103.elf.dir/STM32F10x_FWLib/Src/stm32f10x_tim.c.obj
LOAD CMakeFiles/TemplateF103.elf.dir/STM32F10x_FWLib/Src/stm32f10x_usart.c.obj
LOAD CMakeFiles/TemplateF103.elf.dir/STM32F10x_FWLib/Src/stm32f10x_wwdg.c.obj
LOAD CMakeFiles/TemplateF103.elf.dir/SYSTEM/Src/delay.c.obj
LOAD CMakeFiles/TemplateF103.elf.dir/SYSTEM/Src/sys.c.obj
LOAD CMakeFiles/TemplateF103.elf.dir/SYSTEM/Src/usart.c.obj
LOAD CMakeFiles/TemplateF103.elf.dir/startup/startup_stm32f103xb.s.obj
START GROUP
LOAD c:/progra~2/gnutoo~1/50a5a~1.420/bin/../lib/gcc/arm-none-eabi/5.4.1/armv7-m\libgcc.a
LOAD c:/progra~2/gnutoo~1/50a5a~1.420/bin/../lib/gcc/arm-none-eabi/5.4.1/../../../../arm-none-eabi/lib/armv7-m\libg_nano.a
LOAD c:/progra~2/gnutoo~1/50a5a~1.420/bin/../lib/gcc/arm-none-eabi/5.4.1/../../../../arm-none-eabi/lib/armv7-m\libc_nano.a
END GROUP
START GROUP
LOAD c:/progra~2/gnutoo~1/50a5a~1.420/bin/../lib/gcc/arm-none-eabi/5.4.1/armv7-m\libgcc.a
LOAD c:/progra~2/gnutoo~1/50a5a~1.420/bin/../lib/gcc/arm-none-eabi/5.4.1/../../../../arm-none-eabi/lib/armv7-m\libc_nano.a
LOAD c:/progra~2/gnutoo~1/50a5a~1.420/bin/../lib/gcc/arm-none-eabi/5.4.1/../../../../arm-none-eabi/lib/armv7-m\libnosys.a
END GROUP
START GROUP
LOAD c:/progra~2/gnutoo~1/50a5a~1.420/bin/../lib/gcc/arm-none-eabi/5.4.1/armv7-m\libgcc.a
LOAD c:/progra~2/gnutoo~1/50a5a~1.420/bin/../lib/gcc/arm-none-eabi/5.4.1/../../../../arm-none-eabi/lib/armv7-m\libc_nano.a
LOAD c:/progra~2/gnutoo~1/50a5a~1.420/bin/../lib/gcc/arm-none-eabi/5.4.1/../../../../arm-none-eabi/lib/armv7-m\libnosys.a
END GROUP
LOAD c:/progra~2/gnutoo~1/50a5a~1.420/bin/../lib/gcc/arm-none-eabi/5.4.1/armv7-m/crtend.o
LOAD c:/progra~2/gnutoo~1/50a5a~1.420/bin/../lib/gcc/arm-none-eabi/5.4.1/armv7-m/crtn.o
                0x20005000                _estack = 0x20005000
                0x00001000                _Min_Heap_Size = 0x1000
                0x00000400                _Min_Stack_Size = 0x400

.isr_vector     0x08000000      0x10c
                0x08000000                . = ALIGN (0x4)
 *(.isr_vector)
 .isr_vector    0x08000000      0x10c CMakeFiles/TemplateF103.elf.dir/startup/startup_stm32f103xb.s.obj
                0x08000000                g_pfnVectors
                0x0800010c                . = ALIGN (0x4)

.text           0x0800010c      0xd14
                0x0800010c                . = ALIGN (0x4)
 *(.text)
 .text          0x0800010c       0x5c c:/progra~2/gnutoo~1/50a5a~1.420/bin/../lib/gcc/arm-none-eabi/5.4.1/armv7-m/crtbegin.o
 *(.text*)
 .text.main     0x08000168       0x3c CMakeFiles/TemplateF103.elf.dir/Core/Src/main.c.obj
                0x08000168                main
 .text.NMI_Handler
                0x080001a4        0xc CMakeFiles/TemplateF103.elf.dir/Core/Src/stm32f10x_it.c.obj
                0x080001a4                NMI_Handler
 .text.HardFault_Handler
                0x080001b0        0x8 CMakeFiles/TemplateF103.elf.dir/Core/Src/stm32f10x_it.c.obj
                0x080001b0                HardFault_Handler
 .text.MemManage_Handler
                0x080001b8        0x8 CMakeFiles/TemplateF103.elf.dir/Core/Src/stm32f10x_it.c.obj
                0x080001b8                MemManage_Handler
 .text.BusFault_Handler
                0x080001c0        0x8 CMakeFiles/TemplateF103.elf.dir/Core/Src/stm32f10x_it.c.obj
                0x080001c0                BusFault_Handler
 .text.UsageFault_Handler
                0x080001c8        0x8 CMakeFiles/TemplateF103.elf.dir/Core/Src/stm32f10x_it.c.obj
                0x080001c8                UsageFault_Handler
 .text.SVC_Handler
                0x080001d0        0xc CMakeFiles/TemplateF103.elf.dir/Core/Src/stm32f10x_it.c.obj
                0x080001d0                SVC_Handler
 .text.DebugMon_Handler
                0x080001dc        0xc CMakeFiles/TemplateF103.elf.dir/Core/Src/stm32f10x_it.c.obj
                0x080001dc                DebugMon_Handler
 .text.PendSV_Handler
                0x080001e8        0xc CMakeFiles/TemplateF103.elf.dir/Core/Src/stm32f10x_it.c.obj
                0x080001e8                PendSV_Handler
 .text.SysTick_Handler
                0x080001f4        0xc CMakeFiles/TemplateF103.elf.dir/Core/Src/stm32f10x_it.c.obj
                0x080001f4                SysTick_Handler
 .text.SystemInit
                0x08000200       0x68 CMakeFiles/TemplateF103.elf.dir/Core/Src/system_stm32f10x.c.obj
                0x08000200                SystemInit
 .text.SetSysClock
                0x08000268        0xc CMakeFiles/TemplateF103.elf.dir/Core/Src/system_stm32f10x.c.obj
 .text.SetSysClockTo72
                0x08000274      0x100 CMakeFiles/TemplateF103.elf.dir/Core/Src/system_stm32f10x.c.obj
 .text.NVIC_Init
                0x08000374       0xc4 CMakeFiles/TemplateF103.elf.dir/STM32F10x_FWLib/Src/misc.c.obj
                0x08000374                NVIC_Init
 .text.SysTick_CLKSourceConfig
                0x08000438       0x38 CMakeFiles/TemplateF103.elf.dir/STM32F10x_FWLib/Src/misc.c.obj
                0x08000438                SysTick_CLKSourceConfig
 .text.GPIO_Init
                0x08000470      0x178 CMakeFiles/TemplateF103.elf.dir/STM32F10x_FWLib/Src/stm32f10x_gpio.c.obj
                0x08000470                GPIO_Init
 .text.RCC_GetClocksFreq
                0x080005e8      0x160 CMakeFiles/TemplateF103.elf.dir/STM32F10x_FWLib/Src/stm32f10x_rcc.c.obj
                0x080005e8                RCC_GetClocksFreq
 .text.RCC_APB2PeriphClockCmd
                0x08000748       0x3c CMakeFiles/TemplateF103.elf.dir/STM32F10x_FWLib/Src/stm32f10x_rcc.c.obj
                0x08000748                RCC_APB2PeriphClockCmd
 .text.USART_Init
                0x08000784      0x174 CMakeFiles/TemplateF103.elf.dir/STM32F10x_FWLib/Src/stm32f10x_usart.c.obj
                0x08000784                USART_Init
 .text.USART_Cmd
                0x080008f8       0x40 CMakeFiles/TemplateF103.elf.dir/STM32F10x_FWLib/Src/stm32f10x_usart.c.obj
                0x080008f8                USART_Cmd
 .text.USART_ITConfig
                0x08000938       0x90 CMakeFiles/TemplateF103.elf.dir/STM32F10x_FWLib/Src/stm32f10x_usart.c.obj
                0x08000938                USART_ITConfig
 .text.USART_SendData
                0x080009c8       0x24 CMakeFiles/TemplateF103.elf.dir/STM32F10x_FWLib/Src/stm32f10x_usart.c.obj
                0x080009c8                USART_SendData
 .text.USART_ReceiveData
                0x080009ec       0x20 CMakeFiles/TemplateF103.elf.dir/STM32F10x_FWLib/Src/stm32f10x_usart.c.obj
                0x080009ec                USART_ReceiveData
 .text.USART_GetFlagStatus
                0x08000a0c       0x38 CMakeFiles/TemplateF103.elf.dir/STM32F10x_FWLib/Src/stm32f10x_usart.c.obj
                0x08000a0c                USART_GetFlagStatus
 .text.USART_GetITStatus
                0x08000a44       0xb4 CMakeFiles/TemplateF103.elf.dir/STM32F10x_FWLib/Src/stm32f10x_usart.c.obj
                0x08000a44                USART_GetITStatus
 .text.delay_init
                0x08000af8       0x4c CMakeFiles/TemplateF103.elf.dir/SYSTEM/Src/delay.c.obj
                0x08000af8                delay_init
 .text.delay_ms
                0x08000b44       0x68 CMakeFiles/TemplateF103.elf.dir/SYSTEM/Src/delay.c.obj
                0x08000b44                delay_ms
 .text.USART_SEND
                0x08000bac       0x74 CMakeFiles/TemplateF103.elf.dir/SYSTEM/Src/usart.c.obj
                0x08000bac                USART_SEND
 .text.uart_init
                0x08000c20       0xa4 CMakeFiles/TemplateF103.elf.dir/SYSTEM/Src/usart.c.obj
                0x08000c20                uart_init
 .text.USART1_IRQHandler
                0x08000cc4       0xac CMakeFiles/TemplateF103.elf.dir/SYSTEM/Src/usart.c.obj
                0x08000cc4                USART1_IRQHandler
 .text.Reset_Handler
                0x08000d70       0x48 CMakeFiles/TemplateF103.elf.dir/startup/startup_stm32f103xb.s.obj
                0x08000d70                Reset_Handler
 .text.Default_Handler
                0x08000db8        0x2 CMakeFiles/TemplateF103.elf.dir/startup/startup_stm32f103xb.s.obj
                0x08000db8                RTC_Alarm_IRQHandler
                0x08000db8                EXTI2_IRQHandler
                0x08000db8                TIM1_CC_IRQHandler
                0x08000db8                PVD_IRQHandler
                0x08000db8                EXTI3_IRQHandler
                0x08000db8                EXTI0_IRQHandler
                0x08000db8                I2C2_EV_IRQHandler
                0x08000db8                ADC1_2_IRQHandler
                0x08000db8                SPI1_IRQHandler
                0x08000db8                TAMPER_IRQHandler
                0x08000db8                DMA1_Channel4_IRQHandler
                0x08000db8                USART3_IRQHandler
                0x08000db8                RTC_IRQHandler
                0x08000db8                DMA1_Channel7_IRQHandler
                0x08000db8                CAN1_RX1_IRQHandler
                0x08000db8                TIM4_IRQHandler
                0x08000db8                I2C1_EV_IRQHandler
                0x08000db8                DMA1_Channel6_IRQHandler
                0x08000db8                TIM3_IRQHandler
                0x08000db8                RCC_IRQHandler
                0x08000db8                TIM1_TRG_COM_IRQHandler
                0x08000db8                DMA1_Channel1_IRQHandler
                0x08000db8                Default_Handler
                0x08000db8                EXTI15_10_IRQHandler
                0x08000db8                EXTI9_5_IRQHandler
                0x08000db8                SPI2_IRQHandler
                0x08000db8                DMA1_Channel5_IRQHandler
                0x08000db8                EXTI4_IRQHandler
                0x08000db8                USB_LP_CAN1_RX0_IRQHandler
                0x08000db8                USB_HP_CAN1_TX_IRQHandler
                0x08000db8                DMA1_Channel3_IRQHandler
                0x08000db8                TIM1_UP_IRQHandler
                0x08000db8                WWDG_IRQHandler
                0x08000db8                TIM2_IRQHandler
                0x08000db8                TIM1_BRK_IRQHandler
                0x08000db8                EXTI1_IRQHandler
                0x08000db8                USART2_IRQHandler
                0x08000db8                I2C2_ER_IRQHandler
                0x08000db8                DMA1_Channel2_IRQHandler
                0x08000db8                CAN1_SCE_IRQHandler
                0x08000db8                FLASH_IRQHandler
                0x08000db8                I2C1_ER_IRQHandler
                0x08000db8                USBWakeUp_IRQHandler
 *fill*         0x08000dba        0x2 
 .text.__libc_init_array
                0x08000dbc       0x4c c:/progra~2/gnutoo~1/50a5a~1.420/bin/../lib/gcc/arm-none-eabi/5.4.1/../../../../arm-none-eabi/lib/armv7-m\libg_nano.a(lib_a-init.o)
                0x08000dbc                __libc_init_array
 *(.glue_7)
 .glue_7        0x08000e08        0x0 linker stubs
 *(.glue_7t)
 .glue_7t       0x08000e08        0x0 linker stubs
 *(.eh_frame)
 .eh_frame      0x08000e08        0x0 c:/progra~2/gnutoo~1/50a5a~1.420/bin/../lib/gcc/arm-none-eabi/5.4.1/armv7-m/crtbegin.o
 *(.init)
 .init          0x08000e08        0x4 c:/progra~2/gnutoo~1/50a5a~1.420/bin/../lib/gcc/arm-none-eabi/5.4.1/armv7-m/crti.o
                0x08000e08                _init
 .init          0x08000e0c        0x8 c:/progra~2/gnutoo~1/50a5a~1.420/bin/../lib/gcc/arm-none-eabi/5.4.1/armv7-m/crtn.o
 *(.fini)
 .fini          0x08000e14        0x4 c:/progra~2/gnutoo~1/50a5a~1.420/bin/../lib/gcc/arm-none-eabi/5.4.1/armv7-m/crti.o
                0x08000e14                _fini
 .fini          0x08000e18        0x8 c:/progra~2/gnutoo~1/50a5a~1.420/bin/../lib/gcc/arm-none-eabi/5.4.1/armv7-m/crtn.o
                0x08000e20                . = ALIGN (0x4)
                0x08000e20                _etext = .

.vfp11_veneer   0x08000e20        0x0
 .vfp11_veneer  0x08000e20        0x0 linker stubs

.v4_bx          0x08000e20        0x0
 .v4_bx         0x08000e20        0x0 linker stubs

.iplt           0x08000e20        0x0
 .iplt          0x08000e20        0x0 c:/progra~2/gnutoo~1/50a5a~1.420/bin/../lib/gcc/arm-none-eabi/5.4.1/armv7-m/crtbegin.o

.rodata         0x08000e20       0x10
                0x08000e20                . = ALIGN (0x4)
 *(.rodata)
 .rodata        0x08000e20        0xe CMakeFiles/TemplateF103.elf.dir/Core/Src/main.c.obj
 *(.rodata*)
                0x08000e30                . = ALIGN (0x4)
 *fill*         0x08000e2e        0x2 

.rel.dyn        0x08000e30        0x0
 .rel.iplt      0x08000e30        0x0 c:/progra~2/gnutoo~1/50a5a~1.420/bin/../lib/gcc/arm-none-eabi/5.4.1/armv7-m/crtbegin.o

.ARM.extab
 *(.ARM.extab* .gnu.linkonce.armextab.*)

.ARM            0x08000e30        0x0
                0x08000e30                __exidx_start = .
 *(.ARM.exidx*)
                0x08000e30                __exidx_end = .

.preinit_array  0x08000e30        0x0
                0x08000e30                PROVIDE (__preinit_array_start, .)
 *(.preinit_array*)
                0x08000e30                PROVIDE (__preinit_array_end, .)

.init_array     0x08000e30        0x4
                0x08000e30                PROVIDE (__init_array_start, .)
 *(SORT(.init_array.*))
 *(.init_array*)
 .init_array    0x08000e30        0x4 c:/progra~2/gnutoo~1/50a5a~1.420/bin/../lib/gcc/arm-none-eabi/5.4.1/armv7-m/crtbegin.o
                0x08000e34                PROVIDE (__init_array_end, .)

.fini_array     0x08000e34        0x4
                [!provide]                PROVIDE (__fini_array_start, .)
 *(SORT(.fini_array.*))
 *(.fini_array*)
 .fini_array    0x08000e34        0x4 c:/progra~2/gnutoo~1/50a5a~1.420/bin/../lib/gcc/arm-none-eabi/5.4.1/armv7-m/crtbegin.o
                [!provide]                PROVIDE (__fini_array_end, .)
                0x08000e38                _sidata = LOADADDR (.data)

.data           0x20000000       0x1c load address 0x08000e38
                0x20000000                . = ALIGN (0x4)
                0x20000000                _sdata = .
 *(.data)
 *(.data*)
 .data.TRUE     0x20000000        0x4 CMakeFiles/TemplateF103.elf.dir/Core/Src/main.c.obj
                0x20000000                TRUE
 .data.SystemCoreClock
                0x20000004        0x4 CMakeFiles/TemplateF103.elf.dir/Core/Src/system_stm32f10x.c.obj
                0x20000004                SystemCoreClock
 .data.APBAHBPrescTable
                0x20000008       0x10 CMakeFiles/TemplateF103.elf.dir/STM32F10x_FWLib/Src/stm32f10x_rcc.c.obj
 .data.ADCPrescTable
                0x20000018        0x4 CMakeFiles/TemplateF103.elf.dir/STM32F10x_FWLib/Src/stm32f10x_rcc.c.obj
                0x2000001c                . = ALIGN (0x4)
                0x2000001c                _edata = .

.jcr            0x2000001c        0x0 load address 0x08000e54
 .jcr           0x2000001c        0x0 c:/progra~2/gnutoo~1/50a5a~1.420/bin/../lib/gcc/arm-none-eabi/5.4.1/armv7-m/crtbegin.o

.igot.plt       0x2000001c        0x0 load address 0x08000e54
 .igot.plt      0x2000001c        0x0 c:/progra~2/gnutoo~1/50a5a~1.420/bin/../lib/gcc/arm-none-eabi/5.4.1/armv7-m/crtbegin.o
                0x2000001c                . = ALIGN (0x4)

.bss            0x2000001c       0xec load address 0x08000e54
                0x2000001c                _sbss = .
                0x2000001c                __bss_start__ = _sbss
 *(.bss)
 .bss           0x2000001c       0x1c c:/progra~2/gnutoo~1/50a5a~1.420/bin/../lib/gcc/arm-none-eabi/5.4.1/armv7-m/crtbegin.o
 *(.bss*)
 .bss.fac_us    0x20000038        0x1 CMakeFiles/TemplateF103.elf.dir/SYSTEM/Src/delay.c.obj
 *fill*         0x20000039        0x1 
 .bss.fac_ms    0x2000003a        0x2 CMakeFiles/TemplateF103.elf.dir/SYSTEM/Src/delay.c.obj
 .bss.USART_RX_BUF
                0x2000003c       0xc8 CMakeFiles/TemplateF103.elf.dir/SYSTEM/Src/usart.c.obj
                0x2000003c                USART_RX_BUF
 .bss.USART_RX_STA
                0x20000104        0x2 CMakeFiles/TemplateF103.elf.dir/SYSTEM/Src/usart.c.obj
                0x20000104                USART_RX_STA
 *(COMMON)
                0x20000108                . = ALIGN (0x4)
 *fill*         0x20000106        0x2 
                0x20000108                _ebss = .
                0x20000108                __bss_end__ = _ebss

._user_heap_stack
                0x20000108     0x1400 load address 0x08000e54
                0x20000108                . = ALIGN (0x8)
                [!provide]                PROVIDE (end, .)
                [!provide]                PROVIDE (_end, .)
                0x20001108                . = (. + _Min_Heap_Size)
 *fill*         0x20000108     0x1000 
                0x20001508                . = (. + _Min_Stack_Size)
 *fill*         0x20001108      0x400 
                0x20001508                . = ALIGN (0x8)

/DISCARD/
 libc.a(*)
 libm.a(*)
 libgcc.a(*)

.ARM.attributes
                0x00000000       0x29
 *(.ARM.attributes)
 .ARM.attributes
                0x00000000       0x1d c:/progra~2/gnutoo~1/50a5a~1.420/bin/../lib/gcc/arm-none-eabi/5.4.1/armv7-m/crti.o
 .ARM.attributes
                0x0000001d       0x2d c:/progra~2/gnutoo~1/50a5a~1.420/bin/../lib/gcc/arm-none-eabi/5.4.1/armv7-m/crtbegin.o
 .ARM.attributes
                0x0000004a       0x33 CMakeFiles/TemplateF103.elf.dir/Core/Src/main.c.obj
 .ARM.attributes
                0x0000007d       0x33 CMakeFiles/TemplateF103.elf.dir/Core/Src/stm32f10x_it.c.obj
 .ARM.attributes
                0x000000b0       0x33 CMakeFiles/TemplateF103.elf.dir/Core/Src/system_stm32f10x.c.obj
 .ARM.attributes
                0x000000e3       0x33 CMakeFiles/TemplateF103.elf.dir/STM32F10x_FWLib/Src/misc.c.obj
 .ARM.attributes
                0x00000116       0x33 CMakeFiles/TemplateF103.elf.dir/STM32F10x_FWLib/Src/stm32f10x_gpio.c.obj
 .ARM.attributes
                0x00000149       0x33 CMakeFiles/TemplateF103.elf.dir/STM32F10x_FWLib/Src/stm32f10x_rcc.c.obj
 .ARM.attributes
                0x0000017c       0x33 CMakeFiles/TemplateF103.elf.dir/STM32F10x_FWLib/Src/stm32f10x_usart.c.obj
 .ARM.attributes
                0x000001af       0x33 CMakeFiles/TemplateF103.elf.dir/SYSTEM/Src/delay.c.obj
 .ARM.attributes
                0x000001e2       0x33 CMakeFiles/TemplateF103.elf.dir/SYSTEM/Src/usart.c.obj
 .ARM.attributes
                0x00000215       0x21 CMakeFiles/TemplateF103.elf.dir/startup/startup_stm32f103xb.s.obj
 .ARM.attributes
                0x00000236       0x2d c:/progra~2/gnutoo~1/50a5a~1.420/bin/../lib/gcc/arm-none-eabi/5.4.1/../../../../arm-none-eabi/lib/armv7-m\libg_nano.a(lib_a-init.o)
 .ARM.attributes
                0x00000263       0x1d c:/progra~2/gnutoo~1/50a5a~1.420/bin/../lib/gcc/arm-none-eabi/5.4.1/armv7-m/crtn.o
OUTPUT(TemplateF103.elf elf32-littlearm)

.debug_info     0x00000000     0x3496
 .debug_info    0x00000000      0x1ac CMakeFiles/TemplateF103.elf.dir/Core/Src/main.c.obj
 .debug_info    0x000001ac      0x119 CMakeFiles/TemplateF103.elf.dir/Core/Src/stm32f10x_it.c.obj
 .debug_info    0x000002c5      0x447 CMakeFiles/TemplateF103.elf.dir/Core/Src/system_stm32f10x.c.obj
 .debug_info    0x0000070c      0x4f2 CMakeFiles/TemplateF103.elf.dir/STM32F10x_FWLib/Src/misc.c.obj
 .debug_info    0x00000bfe      0x6e0 CMakeFiles/TemplateF103.elf.dir/STM32F10x_FWLib/Src/stm32f10x_gpio.c.obj
 .debug_info    0x000012de      0x88d CMakeFiles/TemplateF103.elf.dir/STM32F10x_FWLib/Src/stm32f10x_rcc.c.obj
 .debug_info    0x00001b6b      0x9da CMakeFiles/TemplateF103.elf.dir/STM32F10x_FWLib/Src/stm32f10x_usart.c.obj
 .debug_info    0x00002545      0x1db CMakeFiles/TemplateF103.elf.dir/SYSTEM/Src/delay.c.obj
 .debug_info    0x00002720      0xd76 CMakeFiles/TemplateF103.elf.dir/SYSTEM/Src/usart.c.obj

.debug_abbrev   0x00000000      0xbd7
 .debug_abbrev  0x00000000       0xb2 CMakeFiles/TemplateF103.elf.dir/Core/Src/main.c.obj
 .debug_abbrev  0x000000b2       0x58 CMakeFiles/TemplateF103.elf.dir/Core/Src/stm32f10x_it.c.obj
 .debug_abbrev  0x0000010a      0x179 CMakeFiles/TemplateF103.elf.dir/Core/Src/system_stm32f10x.c.obj
 .debug_abbrev  0x00000283      0x156 CMakeFiles/TemplateF103.elf.dir/STM32F10x_FWLib/Src/misc.c.obj
 .debug_abbrev  0x000003d9      0x1cc CMakeFiles/TemplateF103.elf.dir/STM32F10x_FWLib/Src/stm32f10x_gpio.c.obj
 .debug_abbrev  0x000005a5      0x1bc CMakeFiles/TemplateF103.elf.dir/STM32F10x_FWLib/Src/stm32f10x_rcc.c.obj
 .debug_abbrev  0x00000761      0x164 CMakeFiles/TemplateF103.elf.dir/STM32F10x_FWLib/Src/stm32f10x_usart.c.obj
 .debug_abbrev  0x000008c5       0xfa CMakeFiles/TemplateF103.elf.dir/SYSTEM/Src/delay.c.obj
 .debug_abbrev  0x000009bf      0x218 CMakeFiles/TemplateF103.elf.dir/SYSTEM/Src/usart.c.obj

.debug_aranges  0x00000000      0x428
 .debug_aranges
                0x00000000       0x20 CMakeFiles/TemplateF103.elf.dir/Core/Src/main.c.obj
 .debug_aranges
                0x00000020       0x60 CMakeFiles/TemplateF103.elf.dir/Core/Src/stm32f10x_it.c.obj
 .debug_aranges
                0x00000080       0x38 CMakeFiles/TemplateF103.elf.dir/Core/Src/system_stm32f10x.c.obj
 .debug_aranges
                0x000000b8       0x40 CMakeFiles/TemplateF103.elf.dir/STM32F10x_FWLib/Src/misc.c.obj
 .debug_aranges
                0x000000f8       0xa8 CMakeFiles/TemplateF103.elf.dir/STM32F10x_FWLib/Src/stm32f10x_gpio.c.obj
 .debug_aranges
                0x000001a0      0x118 CMakeFiles/TemplateF103.elf.dir/STM32F10x_FWLib/Src/stm32f10x_rcc.c.obj
 .debug_aranges
                0x000002b8      0x100 CMakeFiles/TemplateF103.elf.dir/STM32F10x_FWLib/Src/stm32f10x_usart.c.obj
 .debug_aranges
                0x000003b8       0x30 CMakeFiles/TemplateF103.elf.dir/SYSTEM/Src/delay.c.obj
 .debug_aranges
                0x000003e8       0x40 CMakeFiles/TemplateF103.elf.dir/SYSTEM/Src/usart.c.obj

.debug_ranges   0x00000000      0x3b0
 .debug_ranges  0x00000000       0x10 CMakeFiles/TemplateF103.elf.dir/Core/Src/main.c.obj
 .debug_ranges  0x00000010       0x50 CMakeFiles/TemplateF103.elf.dir/Core/Src/stm32f10x_it.c.obj
 .debug_ranges  0x00000060       0x28 CMakeFiles/TemplateF103.elf.dir/Core/Src/system_stm32f10x.c.obj
 .debug_ranges  0x00000088       0x30 CMakeFiles/TemplateF103.elf.dir/STM32F10x_FWLib/Src/misc.c.obj
 .debug_ranges  0x000000b8       0x98 CMakeFiles/TemplateF103.elf.dir/STM32F10x_FWLib/Src/stm32f10x_gpio.c.obj
 .debug_ranges  0x00000150      0x108 CMakeFiles/TemplateF103.elf.dir/STM32F10x_FWLib/Src/stm32f10x_rcc.c.obj
 .debug_ranges  0x00000258       0xf0 CMakeFiles/TemplateF103.elf.dir/STM32F10x_FWLib/Src/stm32f10x_usart.c.obj
 .debug_ranges  0x00000348       0x20 CMakeFiles/TemplateF103.elf.dir/SYSTEM/Src/delay.c.obj
 .debug_ranges  0x00000368       0x48 CMakeFiles/TemplateF103.elf.dir/SYSTEM/Src/usart.c.obj

.debug_line     0x00000000     0x1868
 .debug_line    0x00000000      0x15e CMakeFiles/TemplateF103.elf.dir/Core/Src/main.c.obj
 .debug_line    0x0000015e      0x14b CMakeFiles/TemplateF103.elf.dir/Core/Src/stm32f10x_it.c.obj
 .debug_line    0x000002a9      0x203 CMakeFiles/TemplateF103.elf.dir/Core/Src/system_stm32f10x.c.obj
 .debug_line    0x000004ac      0x20f CMakeFiles/TemplateF103.elf.dir/STM32F10x_FWLib/Src/misc.c.obj
 .debug_line    0x000006bb      0x39c CMakeFiles/TemplateF103.elf.dir/STM32F10x_FWLib/Src/stm32f10x_gpio.c.obj
 .debug_line    0x00000a57      0x497 CMakeFiles/TemplateF103.elf.dir/STM32F10x_FWLib/Src/stm32f10x_rcc.c.obj
 .debug_line    0x00000eee      0x47e CMakeFiles/TemplateF103.elf.dir/STM32F10x_FWLib/Src/stm32f10x_usart.c.obj
 .debug_line    0x0000136c      0x1c6 CMakeFiles/TemplateF103.elf.dir/SYSTEM/Src/delay.c.obj
 .debug_line    0x00001532      0x336 CMakeFiles/TemplateF103.elf.dir/SYSTEM/Src/usart.c.obj

.debug_str      0x00000000     0x1a5f
 .debug_str     0x00000000      0x21d CMakeFiles/TemplateF103.elf.dir/Core/Src/main.c.obj
                                0x268 (size before relaxing)
 .debug_str     0x0000021d       0xd4 CMakeFiles/TemplateF103.elf.dir/Core/Src/stm32f10x_it.c.obj
                                0x232 (size before relaxing)
 .debug_str     0x000002f1      0x17b CMakeFiles/TemplateF103.elf.dir/Core/Src/system_stm32f10x.c.obj
                                0x322 (size before relaxing)
 .debug_str     0x0000046c      0x201 CMakeFiles/TemplateF103.elf.dir/STM32F10x_FWLib/Src/misc.c.obj
                                0x405 (size before relaxing)
 .debug_str     0x0000066d      0x39c CMakeFiles/TemplateF103.elf.dir/STM32F10x_FWLib/Src/stm32f10x_gpio.c.obj
                                0x566 (size before relaxing)
 .debug_str     0x00000a09      0x3f7 CMakeFiles/TemplateF103.elf.dir/STM32F10x_FWLib/Src/stm32f10x_rcc.c.obj
                                0x667 (size before relaxing)
 .debug_str     0x00000e00      0x42b CMakeFiles/TemplateF103.elf.dir/STM32F10x_FWLib/Src/stm32f10x_usart.c.obj
                                0x6dd (size before relaxing)
 .debug_str     0x0000122b       0x6f CMakeFiles/TemplateF103.elf.dir/SYSTEM/Src/delay.c.obj
                                0x234 (size before relaxing)
 .debug_str     0x0000129a      0x7c5 CMakeFiles/TemplateF103.elf.dir/SYSTEM/Src/usart.c.obj
                                0xc45 (size before relaxing)

.comment        0x00000000       0x6e
 .comment       0x00000000       0x6e CMakeFiles/TemplateF103.elf.dir/Core/Src/main.c.obj
                                 0x6f (size before relaxing)
 .comment       0x0000006e       0x6f CMakeFiles/TemplateF103.elf.dir/Core/Src/stm32f10x_it.c.obj
 .comment       0x0000006e       0x6f CMakeFiles/TemplateF103.elf.dir/Core/Src/system_stm32f10x.c.obj
 .comment       0x0000006e       0x6f CMakeFiles/TemplateF103.elf.dir/STM32F10x_FWLib/Src/misc.c.obj
 .comment       0x0000006e       0x6f CMakeFiles/TemplateF103.elf.dir/STM32F10x_FWLib/Src/stm32f10x_gpio.c.obj
 .comment       0x0000006e       0x6f CMakeFiles/TemplateF103.elf.dir/STM32F10x_FWLib/Src/stm32f10x_rcc.c.obj
 .comment       0x0000006e       0x6f CMakeFiles/TemplateF103.elf.dir/STM32F10x_FWLib/Src/stm32f10x_usart.c.obj
 .comment       0x0000006e       0x6f CMakeFiles/TemplateF103.elf.dir/SYSTEM/Src/delay.c.obj
 .comment       0x0000006e       0x6f CMakeFiles/TemplateF103.elf.dir/SYSTEM/Src/usart.c.obj

.debug_frame    0x00000000     0x1074
 .debug_frame   0x00000000       0x2c CMakeFiles/TemplateF103.elf.dir/Core/Src/main.c.obj
 .debug_frame   0x0000002c      0x110 CMakeFiles/TemplateF103.elf.dir/Core/Src/stm32f10x_it.c.obj
 .debug_frame   0x0000013c       0x98 CMakeFiles/TemplateF103.elf.dir/Core/Src/system_stm32f10x.c.obj
 .debug_frame   0x000001d4       0xd8 CMakeFiles/TemplateF103.elf.dir/STM32F10x_FWLib/Src/misc.c.obj
 .debug_frame   0x000002ac      0x2d0 CMakeFiles/TemplateF103.elf.dir/STM32F10x_FWLib/Src/stm32f10x_gpio.c.obj
 .debug_frame   0x0000057c      0x4f4 CMakeFiles/TemplateF103.elf.dir/STM32F10x_FWLib/Src/stm32f10x_rcc.c.obj
 .debug_frame   0x00000a70      0x490 CMakeFiles/TemplateF103.elf.dir/STM32F10x_FWLib/Src/stm32f10x_usart.c.obj
 .debug_frame   0x00000f00       0x7c CMakeFiles/TemplateF103.elf.dir/SYSTEM/Src/delay.c.obj
 .debug_frame   0x00000f7c       0xcc CMakeFiles/TemplateF103.elf.dir/SYSTEM/Src/usart.c.obj
 .debug_frame   0x00001048       0x2c c:/progra~2/gnutoo~1/50a5a~1.420/bin/../lib/gcc/arm-none-eabi/5.4.1/../../../../arm-none-eabi/lib/armv7-m\libg_nano.a(lib_a-init.o)
