Archive member included to satisfy reference by file (symbol)

c:/progra~2/gnutoo~1/50a5a~1.420/bin/../lib/gcc/arm-none-eabi/5.4.1/../../../../arm-none-eabi/lib/armv7-m\libg_nano.a(lib_a-exit.o)
                              c:/progra~2/gnutoo~1/50a5a~1.420/bin/../lib/gcc/arm-none-eabi/5.4.1/../../../../arm-none-eabi/lib/armv7-m/crt0.o (exit)
c:/progra~2/gnutoo~1/50a5a~1.420/bin/../lib/gcc/arm-none-eabi/5.4.1/../../../../arm-none-eabi/lib/armv7-m\libg_nano.a(lib_a-impure.o)
                              c:/progra~2/gnutoo~1/50a5a~1.420/bin/../lib/gcc/arm-none-eabi/5.4.1/../../../../arm-none-eabi/lib/armv7-m\libg_nano.a(lib_a-exit.o) (_global_impure_ptr)
c:/progra~2/gnutoo~1/50a5a~1.420/bin/../lib/gcc/arm-none-eabi/5.4.1/../../../../arm-none-eabi/lib/armv7-m\libg_nano.a(lib_a-init.o)
                              c:/progra~2/gnutoo~1/50a5a~1.420/bin/../lib/gcc/arm-none-eabi/5.4.1/../../../../arm-none-eabi/lib/armv7-m/crt0.o (__libc_init_array)
c:/progra~2/gnutoo~1/50a5a~1.420/bin/../lib/gcc/arm-none-eabi/5.4.1/../../../../arm-none-eabi/lib/armv7-m\libg_nano.a(lib_a-memset.o)
                              c:/progra~2/gnutoo~1/50a5a~1.420/bin/../lib/gcc/arm-none-eabi/5.4.1/../../../../arm-none-eabi/lib/armv7-m/crt0.o (memset)
c:/progra~2/gnutoo~1/50a5a~1.420/bin/../lib/gcc/arm-none-eabi/5.4.1/../../../../arm-none-eabi/lib/armv7-m\libnosys.a(_exit.o)
                              c:/progra~2/gnutoo~1/50a5a~1.420/bin/../lib/gcc/arm-none-eabi/5.4.1/../../../../arm-none-eabi/lib/armv7-m\libg_nano.a(lib_a-exit.o) (_exit)

Discarded input sections

 .text          0x00000000        0x0 c:/progra~2/gnutoo~1/50a5a~1.420/bin/../lib/gcc/arm-none-eabi/5.4.1/armv7-m/crti.o
 .data          0x00000000        0x0 c:/progra~2/gnutoo~1/50a5a~1.420/bin/../lib/gcc/arm-none-eabi/5.4.1/armv7-m/crti.o
 .bss           0x00000000        0x0 c:/progra~2/gnutoo~1/50a5a~1.420/bin/../lib/gcc/arm-none-eabi/5.4.1/armv7-m/crti.o
 .data          0x00000000        0x4 c:/progra~2/gnutoo~1/50a5a~1.420/bin/../lib/gcc/arm-none-eabi/5.4.1/armv7-m/crtbegin.o
 .text          0x00000000       0x74 c:/progra~2/gnutoo~1/50a5a~1.420/bin/../lib/gcc/arm-none-eabi/5.4.1/../../../../arm-none-eabi/lib/armv7-m/crt0.o
 .data          0x00000000        0x0 c:/progra~2/gnutoo~1/50a5a~1.420/bin/../lib/gcc/arm-none-eabi/5.4.1/../../../../arm-none-eabi/lib/armv7-m/crt0.o
 .bss           0x00000000        0x0 c:/progra~2/gnutoo~1/50a5a~1.420/bin/../lib/gcc/arm-none-eabi/5.4.1/../../../../arm-none-eabi/lib/armv7-m/crt0.o
 .ARM.extab     0x00000000        0x0 c:/progra~2/gnutoo~1/50a5a~1.420/bin/../lib/gcc/arm-none-eabi/5.4.1/../../../../arm-none-eabi/lib/armv7-m/crt0.o
 .ARM.exidx     0x00000000        0x8 c:/progra~2/gnutoo~1/50a5a~1.420/bin/../lib/gcc/arm-none-eabi/5.4.1/../../../../arm-none-eabi/lib/armv7-m/crt0.o
 .ARM.attributes
                0x00000000       0x1b c:/progra~2/gnutoo~1/50a5a~1.420/bin/../lib/gcc/arm-none-eabi/5.4.1/../../../../arm-none-eabi/lib/armv7-m/crt0.o
 .text          0x00000000        0x0 CMakeFiles/ex.elf.dir/CORE/Src/core_cm3.c.obj
 .data          0x00000000        0x0 CMakeFiles/ex.elf.dir/CORE/Src/core_cm3.c.obj
 .bss           0x00000000        0x0 CMakeFiles/ex.elf.dir/CORE/Src/core_cm3.c.obj
 .text.__get_PSP
                0x00000000       0x10 CMakeFiles/ex.elf.dir/CORE/Src/core_cm3.c.obj
 .text.__set_PSP
                0x00000000        0xc CMakeFiles/ex.elf.dir/CORE/Src/core_cm3.c.obj
 .text.__get_MSP
                0x00000000       0x10 CMakeFiles/ex.elf.dir/CORE/Src/core_cm3.c.obj
 .text.__set_MSP
                0x00000000        0xc CMakeFiles/ex.elf.dir/CORE/Src/core_cm3.c.obj
 .text.__get_BASEPRI
                0x00000000       0x1c CMakeFiles/ex.elf.dir/CORE/Src/core_cm3.c.obj
 .text.__set_BASEPRI
                0x00000000       0x18 CMakeFiles/ex.elf.dir/CORE/Src/core_cm3.c.obj
 .text.__get_PRIMASK
                0x00000000       0x1c CMakeFiles/ex.elf.dir/CORE/Src/core_cm3.c.obj
 .text.__set_PRIMASK
                0x00000000       0x18 CMakeFiles/ex.elf.dir/CORE/Src/core_cm3.c.obj
 .text.__get_FAULTMASK
                0x00000000       0x1c CMakeFiles/ex.elf.dir/CORE/Src/core_cm3.c.obj
 .text.__set_FAULTMASK
                0x00000000       0x18 CMakeFiles/ex.elf.dir/CORE/Src/core_cm3.c.obj
 .text.__get_CONTROL
                0x00000000       0x1c CMakeFiles/ex.elf.dir/CORE/Src/core_cm3.c.obj
 .text.__set_CONTROL
                0x00000000       0x18 CMakeFiles/ex.elf.dir/CORE/Src/core_cm3.c.obj
 .text.__REV    0x00000000       0x20 CMakeFiles/ex.elf.dir/CORE/Src/core_cm3.c.obj
 .text.__REV16  0x00000000       0x20 CMakeFiles/ex.elf.dir/CORE/Src/core_cm3.c.obj
 .text.__REVSH  0x00000000       0x20 CMakeFiles/ex.elf.dir/CORE/Src/core_cm3.c.obj
 .text.__RBIT   0x00000000       0x20 CMakeFiles/ex.elf.dir/CORE/Src/core_cm3.c.obj
 .text.__LDREXB
                0x00000000       0x20 CMakeFiles/ex.elf.dir/CORE/Src/core_cm3.c.obj
 .text.__LDREXH
[...]
Memory Configuration

Name             Origin             Length             Attributes
RAM              0x20000000         0x00005000         xrw
FLASH            0x08000000         0x00010000         xr
*default*        0x00000000         0xffffffff

Linker script and memory map

LOAD c:/progra~2/gnutoo~1/50a5a~1.420/bin/../lib/gcc/arm-none-eabi/5.4.1/armv7-m/crti.o
LOAD c:/progra~2/gnutoo~1/50a5a~1.420/bin/../lib/gcc/arm-none-eabi/5.4.1/armv7-m/crtbegin.o
LOAD c:/progra~2/gnutoo~1/50a5a~1.420/bin/../lib/gcc/arm-none-eabi/5.4.1/../../../../arm-none-eabi/lib/armv7-m/crt0.o
LOAD CMakeFiles/ex.elf.dir/CORE/Src/core_cm3.c.obj
LOAD CMakeFiles/ex.elf.dir/STM32F10x_FWLib/Src/misc.c.obj
LOAD CMakeFiles/ex.elf.dir/STM32F10x_FWLib/Src/stm32f10x_adc.c.obj
LOAD CMakeFiles/ex.elf.dir/STM32F10x_FWLib/Src/stm32f10x_bkp.c.obj
LOAD CMakeFiles/ex.elf.dir/STM32F10x_FWLib/Src/stm32f10x_can.c.obj
LOAD CMakeFiles/ex.elf.dir/STM32F10x_FWLib/Src/stm32f10x_cec.c.obj
LOAD CMakeFiles/ex.elf.dir/STM32F10x_FWLib/Src/stm32f10x_crc.c.obj
LOAD CMakeFiles/ex.elf.dir/STM32F10x_FWLib/Src/stm32f10x_dac.c.obj
LOAD CMakeFiles/ex.elf.dir/STM32F10x_FWLib/Src/stm32f10x_dbgmcu.c.obj
LOAD CMakeFiles/ex.elf.dir/STM32F10x_FWLib/Src/stm32f10x_dma.c.obj
LOAD CMakeFiles/ex.elf.dir/STM32F10x_FWLib/Src/stm32f10x_exti.c.obj
LOAD CMakeFiles/ex.elf.dir/STM32F10x_FWLib/Src/stm32f10x_flash.c.obj
LOAD CMakeFiles/ex.elf.dir/STM32F10x_FWLib/Src/stm32f10x_fsmc.c.obj
LOAD CMakeFiles/ex.elf.dir/STM32F10x_FWLib/Src/stm32f10x_gpio.c.obj
LOAD CMakeFiles/ex.elf.dir/STM32F10x_FWLib/Src/stm32f10x_i2c.c.obj
LOAD CMakeFiles/ex.elf.dir/STM32F10x_FWLib/Src/stm32f10x_iwdg.c.obj
LOAD CMakeFiles/ex.elf.dir/STM32F10x_FWLib/Src/stm32f10x_pwr.c.obj
LOAD CMakeFiles/ex.elf.dir/STM32F10x_FWLib/Src/stm32f10x_rcc.c.obj
LOAD CMakeFiles/ex.elf.dir/STM32F10x_FWLib/Src/stm32f10x_rtc.c.obj
LOAD CMakeFiles/ex.elf.dir/STM32F10x_FWLib/Src/stm32f10x_sdio.c.obj
LOAD CMakeFiles/ex.elf.dir/STM32F10x_FWLib/Src/stm32f10x_spi.c.obj
LOAD CMakeFiles/ex.elf.dir/STM32F10x_FWLib/Src/stm32f10x_tim.c.obj
LOAD CMakeFiles/ex.elf.dir/STM32F10x_FWLib/Src/stm32f10x_usart.c.obj
LOAD CMakeFiles/ex.elf.dir/STM32F10x_FWLib/Src/stm32f10x_wwdg.c.obj
LOAD CMakeFiles/ex.elf.dir/SYSTEM/Src/delay.c.obj
LOAD CMakeFiles/ex.elf.dir/SYSTEM/Src/sys.c.obj
LOAD CMakeFiles/ex.elf.dir/SYSTEM/Src/usart.c.obj
LOAD CMakeFiles/ex.elf.dir/USER/Src/main.c.obj
LOAD CMakeFiles/ex.elf.dir/USER/Src/stm32f10x_it.c.obj
LOAD CMakeFiles/ex.elf.dir/USER/Src/system_stm32f10x.c.obj
LOAD CMakeFiles/ex.elf.dir/startup/startup_stm32f103xb.s.obj
START GROUP
LOAD c:/progra~2/gnutoo~1/50a5a~1.420/bin/../lib/gcc/arm-none-eabi/5.4.1/armv7-m\libgcc.a
LOAD c:/progra~2/gnutoo~1/50a5a~1.420/bin/../lib/gcc/arm-none-eabi/5.4.1/../../../../arm-none-eabi/lib/armv7-m\libg_nano.a
LOAD c:/progra~2/gnutoo~1/50a5a~1.420/bin/../lib/gcc/arm-none-eabi/5.4.1/../../../../arm-none-eabi/lib/armv7-m\libc_nano.a
END GROUP
START GROUP
LOAD c:/progra~2/gnutoo~1/50a5a~1.420/bin/../lib/gcc/arm-none-eabi/5.4.1/armv7-m\libgcc.a
LOAD c:/progra~2/gnutoo~1/50a5a~1.420/bin/../lib/gcc/arm-none-eabi/5.4.1/../../../../arm-none-eabi/lib/armv7-m\libc_nano.a
LOAD c:/progra~2/gnutoo~1/50a5a~1.420/bin/../lib/gcc/arm-none-eabi/5.4.1/../../../../arm-none-eabi/lib/armv7-m\libnosys.a
END GROUP
START GROUP
LOAD c:/progra~2/gnutoo~1/50a5a~1.420/bin/../lib/gcc/arm-none-eabi/5.4.1/armv7-m\libgcc.a
LOAD c:/progra~2/gnutoo~1/50a5a~1.420/bin/../lib/gcc/arm-none-eabi/5.4.1/../../../../arm-none-eabi/lib/armv7-m\libc_nano.a
LOAD c:/progra~2/gnutoo~1/50a5a~1.420/bin/../lib/gcc/arm-none-eabi/5.4.1/../../../../arm-none-eabi/lib/armv7-m\libnosys.a
END GROUP
LOAD c:/progra~2/gnutoo~1/50a5a~1.420/bin/../lib/gcc/arm-none-eabi/5.4.1/armv7-m/crtend.o
LOAD c:/progra~2/gnutoo~1/50a5a~1.420/bin/../lib/gcc/arm-none-eabi/5.4.1/armv7-m/crtn.o
                0x20005000                _estack = 0x20005000
                0x00000200                _Min_Heap_Size = 0x200
                0x00000400                _Min_Stack_Size = 0x400

.isr_vector     0x08000000      0x10c
                0x08000000                . = ALIGN (0x4)
 *(.isr_vector)
 .isr_vector    0x08000000      0x10c CMakeFiles/ex.elf.dir/startup/startup_stm32f103xb.s.obj
                0x08000000                g_pfnVectors
                0x0800010c                . = ALIGN (0x4)

.text           0x0800010c      0x704
                0x0800010c                . = ALIGN (0x4)
 *(.text)
 .text          0x0800010c       0x5c c:/progra~2/gnutoo~1/50a5a~1.420/bin/../lib/gcc/arm-none-eabi/5.4.1/armv7-m/crtbegin.o
 *(.text*)
 .text.GPIO_Init
                0x08000168      0x178 CMakeFiles/ex.elf.dir/STM32F10x_FWLib/Src/stm32f10x_gpio.c.obj
                0x08000168                GPIO_Init
 .text.GPIO_SetBits
                0x080002e0       0x1c CMakeFiles/ex.elf.dir/STM32F10x_FWLib/Src/stm32f10x_gpio.c.obj
                0x080002e0                GPIO_SetBits
 .text.GPIO_ResetBits
                0x080002fc       0x1c CMakeFiles/ex.elf.dir/STM32F10x_FWLib/Src/stm32f10x_gpio.c.obj
                0x080002fc                GPIO_ResetBits
 .text.RCC_APB2PeriphClockCmd
                0x08000318       0x3c CMakeFiles/ex.elf.dir/STM32F10x_FWLib/Src/stm32f10x_rcc.c.obj
                0x08000318                RCC_APB2PeriphClockCmd
 .text.USART_ReceiveData
                0x08000354       0x20 CMakeFiles/ex.elf.dir/STM32F10x_FWLib/Src/stm32f10x_usart.c.obj
                0x08000354                USART_ReceiveData
 .text.USART_GetITStatus
                0x08000374       0xb4 CMakeFiles/ex.elf.dir/STM32F10x_FWLib/Src/stm32f10x_usart.c.obj
                0x08000374                USART_GetITStatus
 .text.USART1_IRQHandler
                0x08000428       0xac CMakeFiles/ex.elf.dir/SYSTEM/Src/usart.c.obj
                0x08000428                USART1_IRQHandler
 .text.Delay    0x080004d4       0x28 CMakeFiles/ex.elf.dir/USER/Src/main.c.obj
                0x080004d4                Delay
 .text.main     0x080004fc       0x94 CMakeFiles/ex.elf.dir/USER/Src/main.c.obj
                0x080004fc                main
 .text.NMI_Handler
                0x08000590        0xc CMakeFiles/ex.elf.dir/USER/Src/stm32f10x_it.c.obj
                0x08000590                NMI_Handler
 .text.HardFault_Handler
                0x0800059c        0x8 CMakeFiles/ex.elf.dir/USER/Src/stm32f10x_it.c.obj
                0x0800059c                HardFault_Handler
 .text.MemManage_Handler
                0x080005a4        0x8 CMakeFiles/ex.elf.dir/USER/Src/stm32f10x_it.c.obj
                0x080005a4                MemManage_Handler
 .text.BusFault_Handler
                0x080005ac        0x8 CMakeFiles/ex.elf.dir/USER/Src/stm32f10x_it.c.obj
                0x080005ac                BusFault_Handler
 .text.UsageFault_Handler
                0x080005b4        0x8 CMakeFiles/ex.elf.dir/USER/Src/stm32f10x_it.c.obj
                0x080005b4                UsageFault_Handler
 .text.SVC_Handler
                0x080005bc        0xc CMakeFiles/ex.elf.dir/USER/Src/stm32f10x_it.c.obj
                0x080005bc                SVC_Handler
 .text.DebugMon_Handler
                0x080005c8        0xc CMakeFiles/ex.elf.dir/USER/Src/stm32f10x_it.c.obj
                0x080005c8                DebugMon_Handler
 .text.PendSV_Handler
                0x080005d4        0xc CMakeFiles/ex.elf.dir/USER/Src/stm32f10x_it.c.obj
                0x080005d4                PendSV_Handler
 .text.SysTick_Handler
                0x080005e0        0xc CMakeFiles/ex.elf.dir/USER/Src/stm32f10x_it.c.obj
                0x080005e0                SysTick_Handler
 .text.SystemInit
                0x080005ec       0x68 CMakeFiles/ex.elf.dir/USER/Src/system_stm32f10x.c.obj
                0x080005ec                SystemInit
 .text.SetSysClock
                0x08000654        0xc CMakeFiles/ex.elf.dir/USER/Src/system_stm32f10x.c.obj
 .text.SetSysClockTo72
                0x08000660      0x100 CMakeFiles/ex.elf.dir/USER/Src/system_stm32f10x.c.obj
 .text.Reset_Handler
                0x08000760       0x48 CMakeFiles/ex.elf.dir/startup/startup_stm32f103xb.s.obj
                0x08000760                Reset_Handler
 .text.Default_Handler
                0x080007a8        0x2 CMakeFiles/ex.elf.dir/startup/startup_stm32f103xb.s.obj
                0x080007a8                RTC_Alarm_IRQHandler
                0x080007a8                EXTI2_IRQHandler
                0x080007a8                TIM1_CC_IRQHandler
                0x080007a8                PVD_IRQHandler
                0x080007a8                EXTI3_IRQHandler
                0x080007a8                EXTI0_IRQHandler
                0x080007a8                I2C2_EV_IRQHandler
                0x080007a8                ADC1_2_IRQHandler
                0x080007a8                SPI1_IRQHandler
                0x080007a8                TAMPER_IRQHandler
                0x080007a8                DMA1_Channel4_IRQHandler
                0x080007a8                USART3_IRQHandler
                0x080007a8                RTC_IRQHandler
                0x080007a8                DMA1_Channel7_IRQHandler
                0x080007a8                CAN1_RX1_IRQHandler
                0x080007a8                TIM4_IRQHandler
                0x080007a8                I2C1_EV_IRQHandler
                0x080007a8                DMA1_Channel6_IRQHandler
                0x080007a8                TIM3_IRQHandler
                0x080007a8                RCC_IRQHandler
                0x080007a8                TIM1_TRG_COM_IRQHandler
                0x080007a8                DMA1_Channel1_IRQHandler
                0x080007a8                Default_Handler
                0x080007a8                EXTI15_10_IRQHandler
                0x080007a8                EXTI9_5_IRQHandler
                0x080007a8                SPI2_IRQHandler
                0x080007a8                DMA1_Channel5_IRQHandler
                0x080007a8                EXTI4_IRQHandler
                0x080007a8                USB_LP_CAN1_RX0_IRQHandler
                0x080007a8                USB_HP_CAN1_TX_IRQHandler
                0x080007a8                DMA1_Channel3_IRQHandler
                0x080007a8                TIM1_UP_IRQHandler
                0x080007a8                WWDG_IRQHandler
                0x080007a8                TIM2_IRQHandler
                0x080007a8                TIM1_BRK_IRQHandler
                0x080007a8                EXTI1_IRQHandler
                0x080007a8                USART2_IRQHandler
                0x080007a8                I2C2_ER_IRQHandler
                0x080007a8                DMA1_Channel2_IRQHandler
                0x080007a8                CAN1_SCE_IRQHandler
                0x080007a8                FLASH_IRQHandler
                0x080007a8                I2C1_ER_IRQHandler
                0x080007a8                USBWakeUp_IRQHandler
 *fill*         0x080007aa        0x2 
 .text.__libc_init_array
                0x080007ac       0x4c c:/progra~2/gnutoo~1/50a5a~1.420/bin/../lib/gcc/arm-none-eabi/5.4.1/../../../../arm-none-eabi/lib/armv7-m\libg_nano.a(lib_a-init.o)
                0x080007ac                __libc_init_array
 *(.glue_7)
 .glue_7        0x080007f8        0x0 linker stubs
 *(.glue_7t)
 .glue_7t       0x080007f8        0x0 linker stubs
 *(.eh_frame)
 .eh_frame      0x080007f8        0x0 c:/progra~2/gnutoo~1/50a5a~1.420/bin/../lib/gcc/arm-none-eabi/5.4.1/armv7-m/crtbegin.o
 *(.init)
 .init          0x080007f8        0x4 c:/progra~2/gnutoo~1/50a5a~1.420/bin/../lib/gcc/arm-none-eabi/5.4.1/armv7-m/crti.o
                0x080007f8                _init
 .init          0x080007fc        0x8 c:/progra~2/gnutoo~1/50a5a~1.420/bin/../lib/gcc/arm-none-eabi/5.4.1/armv7-m/crtn.o
 *(.fini)
 .fini          0x08000804        0x4 c:/progra~2/gnutoo~1/50a5a~1.420/bin/../lib/gcc/arm-none-eabi/5.4.1/armv7-m/crti.o
                0x08000804                _fini
 .fini          0x08000808        0x8 c:/progra~2/gnutoo~1/50a5a~1.420/bin/../lib/gcc/arm-none-eabi/5.4.1/armv7-m/crtn.o
                0x08000810                . = ALIGN (0x4)
                0x08000810                _etext = .

.vfp11_veneer   0x08000810        0x0
 .vfp11_veneer  0x08000810        0x0 linker stubs

.v4_bx          0x08000810        0x0
 .v4_bx         0x08000810        0x0 linker stubs

.iplt           0x08000810        0x0
 .iplt          0x08000810        0x0 c:/progra~2/gnutoo~1/50a5a~1.420/bin/../lib/gcc/arm-none-eabi/5.4.1/armv7-m/crtbegin.o

.rel.dyn        0x08000810        0x0
 .rel.iplt      0x08000810        0x0 c:/progra~2/gnutoo~1/50a5a~1.420/bin/../lib/gcc/arm-none-eabi/5.4.1/armv7-m/crtbegin.o

.rodata         0x08000810        0x0
                0x08000810                . = ALIGN (0x4)
 *(.rodata)
 *(.rodata*)
                0x08000810                . = ALIGN (0x4)

.ARM.extab
 *(.ARM.extab* .gnu.linkonce.armextab.*)

.ARM            0x08000810        0x0
                0x08000810                __exidx_start = .
 *(.ARM.exidx*)
                0x08000810                __exidx_end = .

.preinit_array  0x08000810        0x0
                0x08000810                PROVIDE (__preinit_array_start, .)
 *(.preinit_array*)
                0x08000810                PROVIDE (__preinit_array_end, .)

.init_array     0x08000810        0x4
                0x08000810                PROVIDE (__init_array_start, .)
 *(SORT(.init_array.*))
 *(.init_array*)
 .init_array    0x08000810        0x4 c:/progra~2/gnutoo~1/50a5a~1.420/bin/../lib/gcc/arm-none-eabi/5.4.1/armv7-m/crtbegin.o
                0x08000814                PROVIDE (__init_array_end, .)

.fini_array     0x08000814        0x4
                [!provide]                PROVIDE (__fini_array_start, .)
 *(SORT(.fini_array.*))
 *(.fini_array*)
 .fini_array    0x08000814        0x4 c:/progra~2/gnutoo~1/50a5a~1.420/bin/../lib/gcc/arm-none-eabi/5.4.1/armv7-m/crtbegin.o
                [!provide]                PROVIDE (__fini_array_end, .)
                0x08000818                _sidata = LOADADDR (.data)

.data           0x20000000        0x4 load address 0x08000818
                0x20000000                . = ALIGN (0x4)
                0x20000000                _sdata = .
 *(.data)
 *(.data*)
 .data.TRUE     0x20000000        0x4 CMakeFiles/ex.elf.dir/USER/Src/main.c.obj
                0x20000000                TRUE
                0x20000004                . = ALIGN (0x4)
                0x20000004                _edata = .

.jcr            0x20000004        0x0 load address 0x0800081c
 .jcr           0x20000004        0x0 c:/progra~2/gnutoo~1/50a5a~1.420/bin/../lib/gcc/arm-none-eabi/5.4.1/armv7-m/crtbegin.o

.igot.plt       0x20000004        0x0 load address 0x0800081c
 .igot.plt      0x20000004        0x0 c:/progra~2/gnutoo~1/50a5a~1.420/bin/../lib/gcc/arm-none-eabi/5.4.1/armv7-m/crtbegin.o
                0x20000004                . = ALIGN (0x4)

.bss            0x20000004       0xe8 load address 0x0800081c
                0x20000004                _sbss = .
                0x20000004                __bss_start__ = _sbss
 *(.bss)
 .bss           0x20000004       0x1c c:/progra~2/gnutoo~1/50a5a~1.420/bin/../lib/gcc/arm-none-eabi/5.4.1/armv7-m/crtbegin.o
 *(.bss*)
 .bss.USART_RX_BUF
                0x20000020       0xc8 CMakeFiles/ex.elf.dir/SYSTEM/Src/usart.c.obj
                0x20000020                USART_RX_BUF
 .bss.USART_RX_STA
                0x200000e8        0x2 CMakeFiles/ex.elf.dir/SYSTEM/Src/usart.c.obj
                0x200000e8                USART_RX_STA
 *(COMMON)
                0x200000ec                . = ALIGN (0x4)
 *fill*         0x200000ea        0x2 
                0x200000ec                _ebss = .
                0x200000ec                __bss_end__ = _ebss

._user_heap_stack
                0x200000ec      0x604 load address 0x0800081c
                0x200000f0                . = ALIGN (0x8)
 *fill*         0x200000ec        0x4 
                [!provide]                PROVIDE (end, .)
                [!provide]                PROVIDE (_end, .)
                0x200002f0                . = (. + _Min_Heap_Size)
 *fill*         0x200000f0      0x200 
                0x200006f0                . = (. + _Min_Stack_Size)
 *fill*         0x200002f0      0x400 
                0x200006f0                . = ALIGN (0x8)

/DISCARD/
 libc.a(*)
 libm.a(*)
 libgcc.a(*)

.ARM.attributes
                0x00000000       0x29
 *(.ARM.attributes)
 .ARM.attributes
                0x00000000       0x1d c:/progra~2/gnutoo~1/50a5a~1.420/bin/../lib/gcc/arm-none-eabi/5.4.1/armv7-m/crti.o
 .ARM.attributes
                0x0000001d       0x2d c:/progra~2/gnutoo~1/50a5a~1.420/bin/../lib/gcc/arm-none-eabi/5.4.1/armv7-m/crtbegin.o
 .ARM.attributes
                0x0000004a       0x33 CMakeFiles/ex.elf.dir/STM32F10x_FWLib/Src/stm32f10x_gpio.c.obj
 .ARM.attributes
                0x0000007d       0x33 CMakeFiles/ex.elf.dir/STM32F10x_FWLib/Src/stm32f10x_rcc.c.obj
 .ARM.attributes
                0x000000b0       0x33 CMakeFiles/ex.elf.dir/STM32F10x_FWLib/Src/stm32f10x_usart.c.obj
 .ARM.attributes
                0x000000e3       0x33 CMakeFiles/ex.elf.dir/SYSTEM/Src/usart.c.obj
 .ARM.attributes
                0x00000116       0x33 CMakeFiles/ex.elf.dir/USER/Src/main.c.obj
 .ARM.attributes
                0x00000149       0x33 CMakeFiles/ex.elf.dir/USER/Src/stm32f10x_it.c.obj
 .ARM.attributes
                0x0000017c       0x33 CMakeFiles/ex.elf.dir/USER/Src/system_stm32f10x.c.obj
 .ARM.attributes
                0x000001af       0x21 CMakeFiles/ex.elf.dir/startup/startup_stm32f103xb.s.obj
 .ARM.attributes
                0x000001d0       0x2d c:/progra~2/gnutoo~1/50a5a~1.420/bin/../lib/gcc/arm-none-eabi/5.4.1/../../../../arm-none-eabi/lib/armv7-m\libg_nano.a(lib_a-init.o)
 .ARM.attributes
                0x000001fd       0x1d c:/progra~2/gnutoo~1/50a5a~1.420/bin/../lib/gcc/arm-none-eabi/5.4.1/armv7-m/crtn.o
OUTPUT(ex.elf elf32-littlearm)

.debug_info     0x00000000     0x2ec6
 .debug_info    0x00000000      0x6e0 CMakeFiles/ex.elf.dir/STM32F10x_FWLib/Src/stm32f10x_gpio.c.obj
 .debug_info    0x000006e0      0x88d CMakeFiles/ex.elf.dir/STM32F10x_FWLib/Src/stm32f10x_rcc.c.obj
 .debug_info    0x00000f6d      0x9da CMakeFiles/ex.elf.dir/STM32F10x_FWLib/Src/stm32f10x_usart.c.obj
 .debug_info    0x00001947      0xd26 CMakeFiles/ex.elf.dir/SYSTEM/Src/usart.c.obj
 .debug_info    0x0000266d      0x25b CMakeFiles/ex.elf.dir/USER/Src/main.c.obj
 .debug_info    0x000028c8      0x119 CMakeFiles/ex.elf.dir/USER/Src/stm32f10x_it.c.obj
 .debug_info    0x000029e1      0x447 CMakeFiles/ex.elf.dir/USER/Src/system_stm32f10x.c.obj
 .debug_info    0x00002e28       0x9e CMakeFiles/ex.elf.dir/startup/startup_stm32f103xb.s.obj

.debug_abbrev   0x00000000      0xa29
 .debug_abbrev  0x00000000      0x1cc CMakeFiles/ex.elf.dir/STM32F10x_FWLib/Src/stm32f10x_gpio.c.obj
 .debug_abbrev  0x000001cc      0x1bc CMakeFiles/ex.elf.dir/STM32F10x_FWLib/Src/stm32f10x_rcc.c.obj
 .debug_abbrev  0x00000388      0x164 CMakeFiles/ex.elf.dir/STM32F10x_FWLib/Src/stm32f10x_usart.c.obj
 .debug_abbrev  0x000004ec      0x211 CMakeFiles/ex.elf.dir/SYSTEM/Src/usart.c.obj
 .debug_abbrev  0x000006fd      0x149 CMakeFiles/ex.elf.dir/USER/Src/main.c.obj
 .debug_abbrev  0x00000846       0x58 CMakeFiles/ex.elf.dir/USER/Src/stm32f10x_it.c.obj
 .debug_abbrev  0x0000089e      0x179 CMakeFiles/ex.elf.dir/USER/Src/system_stm32f10x.c.obj
 .debug_abbrev  0x00000a17       0x12 CMakeFiles/ex.elf.dir/startup/startup_stm32f103xb.s.obj

.debug_aranges  0x00000000      0x3e0
 .debug_aranges
                0x00000000       0xa8 CMakeFiles/ex.elf.dir/STM32F10x_FWLib/Src/stm32f10x_gpio.c.obj
 .debug_aranges
                0x000000a8      0x118 CMakeFiles/ex.elf.dir/STM32F10x_FWLib/Src/stm32f10x_rcc.c.obj
 .debug_aranges
                0x000001c0      0x100 CMakeFiles/ex.elf.dir/STM32F10x_FWLib/Src/stm32f10x_usart.c.obj
 .debug_aranges
                0x000002c0       0x38 CMakeFiles/ex.elf.dir/SYSTEM/Src/usart.c.obj
 .debug_aranges
                0x000002f8       0x28 CMakeFiles/ex.elf.dir/USER/Src/main.c.obj
 .debug_aranges
                0x00000320       0x60 CMakeFiles/ex.elf.dir/USER/Src/stm32f10x_it.c.obj
 .debug_aranges
                0x00000380       0x38 CMakeFiles/ex.elf.dir/USER/Src/system_stm32f10x.c.obj
 .debug_aranges
                0x000003b8       0x28 CMakeFiles/ex.elf.dir/startup/startup_stm32f103xb.s.obj

.debug_ranges   0x00000000      0x368
 .debug_ranges  0x00000000       0x98 CMakeFiles/ex.elf.dir/STM32F10x_FWLib/Src/stm32f10x_gpio.c.obj
 .debug_ranges  0x00000098      0x108 CMakeFiles/ex.elf.dir/STM32F10x_FWLib/Src/stm32f10x_rcc.c.obj
 .debug_ranges  0x000001a0       0xf0 CMakeFiles/ex.elf.dir/STM32F10x_FWLib/Src/stm32f10x_usart.c.obj
 .debug_ranges  0x00000290       0x28 CMakeFiles/ex.elf.dir/SYSTEM/Src/usart.c.obj
 .debug_ranges  0x000002b8       0x18 CMakeFiles/ex.elf.dir/USER/Src/main.c.obj
 .debug_ranges  0x000002d0       0x50 CMakeFiles/ex.elf.dir/USER/Src/stm32f10x_it.c.obj
 .debug_ranges  0x00000320       0x28 CMakeFiles/ex.elf.dir/USER/Src/system_stm32f10x.c.obj
 .debug_ranges  0x00000348       0x20 CMakeFiles/ex.elf.dir/startup/startup_stm32f103xb.s.obj

.debug_line     0x00000000     0x1616
 .debug_line    0x00000000      0x3b5 CMakeFiles/ex.elf.dir/STM32F10x_FWLib/Src/stm32f10x_gpio.c.obj
 .debug_line    0x000003b5      0x4b0 CMakeFiles/ex.elf.dir/STM32F10x_FWLib/Src/stm32f10x_rcc.c.obj
 .debug_line    0x00000865      0x497 CMakeFiles/ex.elf.dir/STM32F10x_FWLib/Src/stm32f10x_usart.c.obj
 .debug_line    0x00000cfc      0x324 CMakeFiles/ex.elf.dir/SYSTEM/Src/usart.c.obj
 .debug_line    0x00001020      0x1f7 CMakeFiles/ex.elf.dir/USER/Src/main.c.obj
 .debug_line    0x00001217      0x13d CMakeFiles/ex.elf.dir/USER/Src/stm32f10x_it.c.obj
 .debug_line    0x00001354      0x223 CMakeFiles/ex.elf.dir/USER/Src/system_stm32f10x.c.obj
 .debug_line    0x00001577       0x9f CMakeFiles/ex.elf.dir/startup/startup_stm32f103xb.s.obj

.debug_str      0x00000000     0x184e
 .debug_str     0x00000000      0x514 CMakeFiles/ex.elf.dir/STM32F10x_FWLib/Src/stm32f10x_gpio.c.obj
                                0x562 (size before relaxing)
 .debug_str     0x00000514      0x45a CMakeFiles/ex.elf.dir/STM32F10x_FWLib/Src/stm32f10x_rcc.c.obj
                                0x663 (size before relaxing)
 .debug_str     0x0000096e      0x473 CMakeFiles/ex.elf.dir/STM32F10x_FWLib/Src/stm32f10x_usart.c.obj
                                0x6d9 (size before relaxing)
 .debug_str     0x00000de1      0x85b CMakeFiles/ex.elf.dir/SYSTEM/Src/usart.c.obj
                                0xc28 (size before relaxing)
 .debug_str     0x0000163c       0x45 CMakeFiles/ex.elf.dir/USER/Src/main.c.obj
                                0x313 (size before relaxing)
 .debug_str     0x00001681       0xcd CMakeFiles/ex.elf.dir/USER/Src/stm32f10x_it.c.obj
                                0x22e (size before relaxing)
 .debug_str     0x0000174e      0x100 CMakeFiles/ex.elf.dir/USER/Src/system_stm32f10x.c.obj
                                0x31e (size before relaxing)

.comment        0x00000000       0x6e
 .comment       0x00000000       0x6e CMakeFiles/ex.elf.dir/STM32F10x_FWLib/Src/stm32f10x_gpio.c.obj
                                 0x6f (size before relaxing)
 .comment       0x0000006e       0x6f CMakeFiles/ex.elf.dir/STM32F10x_FWLib/Src/stm32f10x_rcc.c.obj
 .comment       0x0000006e       0x6f CMakeFiles/ex.elf.dir/STM32F10x_FWLib/Src/stm32f10x_usart.c.obj
 .comment       0x0000006e       0x6f CMakeFiles/ex.elf.dir/SYSTEM/Src/usart.c.obj
 .comment       0x0000006e       0x6f CMakeFiles/ex.elf.dir/USER/Src/main.c.obj
 .comment       0x0000006e       0x6f CMakeFiles/ex.elf.dir/USER/Src/stm32f10x_it.c.obj
 .comment       0x0000006e       0x6f CMakeFiles/ex.elf.dir/USER/Src/system_stm32f10x.c.obj

.debug_frame    0x00000000      0xf2c
 .debug_frame   0x00000000      0x2d0 CMakeFiles/ex.elf.dir/STM32F10x_FWLib/Src/stm32f10x_gpio.c.obj
 .debug_frame   0x000002d0      0x4f4 CMakeFiles/ex.elf.dir/STM32F10x_FWLib/Src/stm32f10x_rcc.c.obj
 .debug_frame   0x000007c4      0x490 CMakeFiles/ex.elf.dir/STM32F10x_FWLib/Src/stm32f10x_usart.c.obj
 .debug_frame   0x00000c54       0xa8 CMakeFiles/ex.elf.dir/SYSTEM/Src/usart.c.obj
 .debug_frame   0x00000cfc       0x5c CMakeFiles/ex.elf.dir/USER/Src/main.c.obj
 .debug_frame   0x00000d58      0x110 CMakeFiles/ex.elf.dir/USER/Src/stm32f10x_it.c.obj
 .debug_frame   0x00000e68       0x98 CMakeFiles/ex.elf.dir/USER/Src/system_stm32f10x.c.obj
 .debug_frame   0x00000f00       0x2c c:/progra~2/gnutoo~1/50a5a~1.420/bin/../lib/gcc/arm-none-eabi/5.4.1/../../../../arm-none-eabi/lib/armv7-m\libg_nano.a(lib_a-init.o)
